Component: ARM Compiler 5.06 update 5 (build 528) Tool: armlink [4d35e2]

==============================================================================

Section Cross References

    startup_stm32f103xe.o(STACK) refers (Special) to heapauxi.o(.text) for __use_two_region_memory
    startup_stm32f103xe.o(HEAP) refers (Special) to heapauxi.o(.text) for __use_two_region_memory
    startup_stm32f103xe.o(RESET) refers (Special) to heapauxi.o(.text) for __use_two_region_memory
    startup_stm32f103xe.o(RESET) refers to startup_stm32f103xe.o(STACK) for __initial_sp
    startup_stm32f103xe.o(RESET) refers to startup_stm32f103xe.o(.text) for Reset_Handler
    startup_stm32f103xe.o(RESET) refers to stm32f1xx_it.o(i.NMI_Handler) for NMI_Handler
    startup_stm32f103xe.o(RESET) refers to stm32f1xx_it.o(i.HardFault_Handler) for HardFault_Handler
    startup_stm32f103xe.o(RESET) refers to stm32f1xx_it.o(i.MemManage_Handler) for MemManage_Handler
    startup_stm32f103xe.o(RESET) refers to stm32f1xx_it.o(i.BusFault_Handler) for BusFault_Handler
    startup_stm32f103xe.o(RESET) refers to stm32f1xx_it.o(i.UsageFault_Handler) for UsageFault_Handler
    startup_stm32f103xe.o(RESET) refers to stm32f1xx_it.o(i.SVC_Handler) for SVC_Handler
    startup_stm32f103xe.o(RESET) refers to stm32f1xx_it.o(i.DebugMon_Handler) for DebugMon_Handler
    startup_stm32f103xe.o(RESET) refers to stm32f1xx_it.o(i.PendSV_Handler) for PendSV_Handler
    startup_stm32f103xe.o(RESET) refers to stm32f1xx_it.o(i.SysTick_Handler) for SysTick_Handler
    startup_stm32f103xe.o(RESET) refers to stm32f1xx_it.o(i.DMA1_Channel1_IRQHandler) for DMA1_Channel1_IRQHandler
    startup_stm32f103xe.o(RESET) refers to stm32f1xx_it.o(i.DMA1_Channel2_IRQHandler) for DMA1_Channel2_IRQHandler
    startup_stm32f103xe.o(RESET) refers to stm32f1xx_it.o(i.DMA1_Channel3_IRQHandler) for DMA1_Channel3_IRQHandler
    startup_stm32f103xe.o(RESET) refers to stm32f1xx_it.o(i.DMA1_Channel5_IRQHandler) for DMA1_Channel5_IRQHandler
    startup_stm32f103xe.o(RESET) refers to stm32f1xx_it.o(i.DMA1_Channel6_IRQHandler) for DMA1_Channel6_IRQHandler
    startup_stm32f103xe.o(RESET) refers to stm32f1xx_it.o(i.DMA1_Channel7_IRQHandler) for DMA1_Channel7_IRQHandler
    startup_stm32f103xe.o(RESET) refers to stm32f1xx_it.o(i.USB_LP_CAN1_RX0_IRQHandler) for USB_LP_CAN1_RX0_IRQHandler
    startup_stm32f103xe.o(RESET) refers to stm32f1xx_it.o(i.CAN1_RX1_IRQHandler) for CAN1_RX1_IRQHandler
    startup_stm32f103xe.o(.text) refers (Special) to heapauxi.o(.text) for __use_two_region_memory
    startup_stm32f103xe.o(.text) refers to system_stm32f1xx.o(i.SystemInit) for SystemInit
    startup_stm32f103xe.o(.text) refers to __main.o(!!!main) for __main
    startup_stm32f103xe.o(.text) refers to startup_stm32f103xe.o(HEAP) for Heap_Mem
    startup_stm32f103xe.o(.text) refers to startup_stm32f103xe.o(STACK) for Stack_Mem
    main.o(i.SystemClock_Config) refers to rt_memclr_w.o(.text) for __aeabi_memclr4
    main.o(i.SystemClock_Config) refers to stm32f1xx_hal_rcc.o(i.HAL_RCC_OscConfig) for HAL_RCC_OscConfig
    main.o(i.SystemClock_Config) refers to stm32f1xx_hal_rcc.o(i.HAL_RCC_ClockConfig) for HAL_RCC_ClockConfig
    main.o(i.main) refers to stm32f1xx_hal.o(i.HAL_Init) for HAL_Init
    main.o(i.main) refers to main.o(i.SystemClock_Config) for SystemClock_Config
    main.o(i.main) refers to gpio.o(i.MX_GPIO_Init) for MX_GPIO_Init
    main.o(i.main) refers to dma.o(i.MX_DMA_Init) for MX_DMA_Init
    main.o(i.main) refers to can.o(i.MX_CAN_Init) for MX_CAN_Init
    main.o(i.main) refers to tim.o(i.MX_TIM2_Init) for MX_TIM2_Init
    main.o(i.main) refers to tim.o(i.MX_TIM3_Init) for MX_TIM3_Init
    main.o(i.main) refers to tim.o(i.MX_TIM1_Init) for MX_TIM1_Init
    main.o(i.main) refers to tim.o(i.MX_TIM4_Init) for MX_TIM4_Init
    main.o(i.main) refers to can_receive.o(i.CAN1_Init) for CAN1_Init
    main.o(i.main) refers to flag_state.o(i.Big_Fu_info_Init) for Big_Fu_info_Init
    main.o(i.main) refers to ws2812.o(i.WS_WriteAll_RGB_FRAME_DOWN) for WS_WriteAll_RGB_FRAME_DOWN
    main.o(i.main) refers to ws2812.o(i.WS_WriteAll_RGB_FRAME) for WS_WriteAll_RGB_FRAME
    main.o(i.main) refers to ws2812.o(i.WS_WriteAll_RGB_REC) for WS_WriteAll_RGB_REC
    main.o(i.main) refers to ws2812.o(i.WS_WriteAll_RGB_FRAME_UP) for WS_WriteAll_RGB_FRAME_UP
    main.o(i.main) refers to ws2812.o(i.WS_CloseAll_Circle) for WS_CloseAll_Circle
    main.o(i.main) refers to can_protocal.o(i.Board_Info_Tx) for Board_Info_Tx
    main.o(i.main) refers to stm32f1xx_hal_gpio.o(i.HAL_GPIO_ReadPin) for HAL_GPIO_ReadPin
    main.o(i.main) refers to ws2812.o(i.WS_Write_Part_RGB_REC) for WS_Write_Part_RGB_REC
    main.o(i.main) refers to ws2812.o(i.WS_Write_Part_RGB_FRAME2) for WS_Write_Part_RGB_FRAME2
    main.o(i.main) refers to can_protocal.o(.bss) for Big_Fu_info
    main.o(i.main) refers to main.o(.bss) for .bss
    main.o(i.main) refers to can_receive.o(.bss) for Board_Order_info
    main.o(i.main) refers to main.o(.data) for .data
[...]
    ../clib/libinit.s                        0x00000000   Number         0  libinit.o ABSOLUTE
    ../clib/libinit.s                        0x00000000   Number         0  libinit2.o ABSOLUTE
    ../clib/libinit.s                        0x00000000   Number         0  libshutdown2.o ABSOLUTE
    ../clib/libinit.s                        0x00000000   Number         0  libshutdown.o ABSOLUTE
    ../clib/longlong.s                       0x00000000   Number         0  llushr.o ABSOLUTE
    ../clib/memcpset.s                       0x00000000   Number         0  rt_memclr_w.o ABSOLUTE
    ../clib/signal.c                         0x00000000   Number         0  defsig_segv_inner.o ABSOLUTE
    ../clib/signal.c                         0x00000000   Number         0  defsig_cppl_inner.o ABSOLUTE
    ../clib/signal.c                         0x00000000   Number         0  defsig_pvfn_inner.o ABSOLUTE
    ../clib/signal.c                         0x00000000   Number         0  defsig_stak_inner.o ABSOLUTE
    ../clib/signal.c                         0x00000000   Number         0  defsig_rtred_inner.o ABSOLUTE
    ../clib/signal.c                         0x00000000   Number         0  defsig_fpe_inner.o ABSOLUTE
    ../clib/signal.c                         0x00000000   Number         0  defsig_abrt_inner.o ABSOLUTE
    ../clib/signal.c                         0x00000000   Number         0  defsig_exit.o ABSOLUTE
    ../clib/signal.c                         0x00000000   Number         0  defsig_rtmem_formal.o ABSOLUTE
    ../clib/signal.c                         0x00000000   Number         0  defsig_rtmem_outer.o ABSOLUTE
    ../clib/signal.c                         0x00000000   Number         0  defsig_rtmem_inner.o ABSOLUTE
    ../clib/signal.c                         0x00000000   Number         0  defsig_general.o ABSOLUTE
    ../clib/signal.c                         0x00000000   Number         0  __raise.o ABSOLUTE
    ../clib/signal.c                         0x00000000   Number         0  defsig_other.o ABSOLUTE
    ../clib/signal.s                         0x00000000   Number         0  defsig.o ABSOLUTE
    ../clib/stdlib.c                         0x00000000   Number         0  exit.o ABSOLUTE
    ../clib/stdlib.c                         0x00000000   Number         0  rand.o ABSOLUTE
    ../clib/stdlib.c                         0x00000000   Number         0  rand.o ABSOLUTE
    ../fplib/fpinit.s                        0x00000000   Number         0  fpinit.o ABSOLUTE
    ..\Application\Flag_State\Flag_State.c   0x00000000   Number         0  flag_state.o ABSOLUTE
    ..\Application\WS2812\WS2812.c           0x00000000   Number         0  ws2812.o ABSOLUTE
    ..\Application\can\CAN_receive.c         0x00000000   Number         0  can_receive.o ABSOLUTE
    ..\Application\can\CAN_send.c            0x00000000   Number         0  can_send.o ABSOLUTE
    ..\Application\can\can_protocal.c        0x00000000   Number         0  can_protocal.o ABSOLUTE
    ..\Core\Src\can.c                        0x00000000   Number         0  can.o ABSOLUTE
    ..\Core\Src\dma.c                        0x00000000   Number         0  dma.o ABSOLUTE
    ..\Core\Src\gpio.c                       0x00000000   Number         0  gpio.o ABSOLUTE
    ..\Core\Src\main.c                       0x00000000   Number         0  main.o ABSOLUTE
    ..\Core\Src\stm32f1xx_hal_msp.c          0x00000000   Number         0  stm32f1xx_hal_msp.o ABSOLUTE
    ..\Core\Src\stm32f1xx_it.c               0x00000000   Number         0  stm32f1xx_it.o ABSOLUTE
    ..\Core\Src\system_stm32f1xx.c           0x00000000   Number         0  system_stm32f1xx.o ABSOLUTE
    ..\Core\Src\tim.c                        0x00000000   Number         0  tim.o ABSOLUTE
    ..\Drivers\STM32F1xx_HAL_Driver\Src\stm32f1xx_hal.c 0x00000000   Number         0  stm32f1xx_hal.o ABSOLUTE
    ..\Drivers\STM32F1xx_HAL_Driver\Src\stm32f1xx_hal_can.c 0x00000000   Number         0  stm32f1xx_hal_can.o ABSOLUTE
    ..\Drivers\STM32F1xx_HAL_Driver\Src\stm32f1xx_hal_cortex.c 0x00000000   Number         0  stm32f1xx_hal_cortex.o ABSOLUTE
    ..\Drivers\STM32F1xx_HAL_Driver\Src\stm32f1xx_hal_dma.c 0x00000000   Number         0  stm32f1xx_hal_dma.o ABSOLUTE
    ..\Drivers\STM32F1xx_HAL_Driver\Src\stm32f1xx_hal_exti.c 0x00000000   Number         0  stm32f1xx_hal_exti.o ABSOLUTE
    ..\Drivers\STM32F1xx_HAL_Driver\Src\stm32f1xx_hal_flash.c 0x00000000   Number         0  stm32f1xx_hal_flash.o ABSOLUTE
    ..\Drivers\STM32F1xx_HAL_Driver\Src\stm32f1xx_hal_flash_ex.c 0x00000000   Number         0  stm32f1xx_hal_flash_ex.o ABSOLUTE
    ..\Drivers\STM32F1xx_HAL_Driver\Src\stm32f1xx_hal_gpio.c 0x00000000   Number         0  stm32f1xx_hal_gpio.o ABSOLUTE
    ..\Drivers\STM32F1xx_HAL_Driver\Src\stm32f1xx_hal_gpio_ex.c 0x00000000   Number         0  stm32f1xx_hal_gpio_ex.o ABSOLUTE
    ..\Drivers\STM32F1xx_HAL_Driver\Src\stm32f1xx_hal_pwr.c 0x00000000   Number         0  stm32f1xx_hal_pwr.o ABSOLUTE
    ..\Drivers\STM32F1xx_HAL_Driver\Src\stm32f1xx_hal_rcc.c 0x00000000   Number         0  stm32f1xx_hal_rcc.o ABSOLUTE
    ..\Drivers\STM32F1xx_HAL_Driver\Src\stm32f1xx_hal_rcc_ex.c 0x00000000   Number         0  stm32f1xx_hal_rcc_ex.o ABSOLUTE
    ..\Drivers\STM32F1xx_HAL_Driver\Src\stm32f1xx_hal_tim.c 0x00000000   Number         0  stm32f1xx_hal_tim.o ABSOLUTE
    ..\Drivers\STM32F1xx_HAL_Driver\Src\stm32f1xx_hal_tim_ex.c 0x00000000   Number         0  stm32f1xx_hal_tim_ex.o ABSOLUTE
    ..\\Application\\Flag_State\\Flag_State.c 0x00000000   Number         0  flag_state.o ABSOLUTE
    ..\\Application\\WS2812\\WS2812.c        0x00000000   Number         0  ws2812.o ABSOLUTE
    ..\\Application\\can\\CAN_receive.c      0x00000000   Number         0  can_receive.o ABSOLUTE
    ..\\Application\\can\\CAN_send.c         0x00000000   Number         0  can_send.o ABSOLUTE
    ..\\Application\\can\\can_protocal.c     0x00000000   Number         0  can_protocal.o ABSOLUTE
    dc.s                                     0x00000000   Number         0  dc.o ABSOLUTE
    startup_stm32f103xe.s                    0x00000000   Number         0  startup_stm32f103xe.o ABSOLUTE
    RESET                                    0x08000000   Section      304  startup_stm32f103xe.o(RESET)
    !!!main                                  0x08000130   Section        8  __main.o(!!!main)
    !!!scatter                               0x08000138   Section       52  __scatter.o(!!!scatter)
    !!handler_copy                           0x0800016c   Section       26  __scatter_copy.o(!!handler_copy)
    !!handler_zi                             0x08000188   Section       28  __scatter_zi.o(!!handler_zi)
    .ARM.Collect$$libinit$$00000000          0x080001a4   Section        2  libinit.o(.ARM.Collect$$libinit$$00000000)
    .ARM.Collect$$libinit$$00000002          0x080001a6   Section        0  libinit2.o(.ARM.Collect$$libinit$$00000002)
    .ARM.Collect$$libinit$$00000004          0x080001a6   Section        0  libinit2.o(.ARM.Collect$$libinit$$00000004)
    .ARM.Collect$$libinit$$0000000A          0x080001a6   Section        0  libinit2.o(.ARM.Collect$$libinit$$0000000A)
    .ARM.Collect$$libinit$$0000000C          0x080001a6   Section        0  libinit2.o(.ARM.Collect$$libinit$$0000000C)
    .ARM.Collect$$libinit$$0000000E          0x080001a6   Section        0  libinit2.o(.ARM.Collect$$libinit$$0000000E)
    .ARM.Collect$$libinit$$00000011          0x080001a6   Section        0  libinit2.o(.ARM.Collect$$libinit$$00000011)
    .ARM.Collect$$libinit$$00000013          0x080001a6   Section        0  libinit2.o(.ARM.Collect$$libinit$$00000013)
    .ARM.Collect$$libinit$$00000015          0x080001a6   Section        0  libinit2.o(.ARM.Collect$$libinit$$00000015)
    .ARM.Collect$$libinit$$00000017          0x080001a6   Section        0  libinit2.o(.ARM.Collect$$libinit$$00000017)
    .ARM.Collect$$libinit$$00000019          0x080001a6   Section        0  libinit2.o(.ARM.Collect$$libinit$$00000019)
    .ARM.Collect$$libinit$$0000001B          0x080001a6   Section        0  libinit2.o(.ARM.Collect$$libinit$$0000001B)
    .ARM.Collect$$libinit$$0000001D          0x080001a6   Section        0  libinit2.o(.ARM.Collect$$libinit$$0000001D)
    .ARM.Collect$$libinit$$0000001F          0x080001a6   Section        0  libinit2.o(.ARM.Collect$$libinit$$0000001F)
    .ARM.Collect$$libinit$$00000021          0x080001a6   Section        0  libinit2.o(.ARM.Collect$$libinit$$00000021)
    .ARM.Collect$$libinit$$00000023          0x080001a6   Section        0  libinit2.o(.ARM.Collect$$libinit$$00000023)
    .ARM.Collect$$libinit$$00000025          0x080001a6   Section        0  libinit2.o(.ARM.Collect$$libinit$$00000025)
    .ARM.Collect$$libinit$$0000002C          0x080001a6   Section        0  libinit2.o(.ARM.Collect$$libinit$$0000002C)
    .ARM.Collect$$libinit$$0000002E          0x080001a6   Section        0  libinit2.o(.ARM.Collect$$libinit$$0000002E)
    .ARM.Collect$$libinit$$00000030          0x080001a6   Section        0  libinit2.o(.ARM.Collect$$libinit$$00000030)
    .ARM.Collect$$libinit$$00000032          0x080001a6   Section        0  libinit2.o(.ARM.Collect$$libinit$$00000032)
    .ARM.Collect$$libinit$$00000033          0x080001a6   Section        2  libinit2.o(.ARM.Collect$$libinit$$00000033)
    .ARM.Collect$$libshutdown$$00000000      0x080001a8   Section        2  libshutdown.o(.ARM.Collect$$libshutdown$$00000000)
    .ARM.Collect$$libshutdown$$00000002      0x080001aa   Section        0  libshutdown2.o(.ARM.Collect$$libshutdown$$00000002)
    .ARM.Collect$$libshutdown$$00000004      0x080001aa   Section        0  libshutdown2.o(.ARM.Collect$$libshutdown$$00000004)
    .ARM.Collect$$libshutdown$$00000007      0x080001aa   Section        0  libshutdown2.o(.ARM.Collect$$libshutdown$$00000007)
    .ARM.Collect$$libshutdown$$0000000A      0x080001aa   Section        0  libshutdown2.o(.ARM.Collect$$libshutdown$$0000000A)
    .ARM.Collect$$libshutdown$$0000000C      0x080001aa   Section        0  libshutdown2.o(.ARM.Collect$$libshutdown$$0000000C)
    .ARM.Collect$$libshutdown$$0000000F      0x080001aa   Section        0  libshutdown2.o(.ARM.Collect$$libshutdown$$0000000F)
    .ARM.Collect$$libshutdown$$00000010      0x080001aa   Section        2  libshutdown2.o(.ARM.Collect$$libshutdown$$00000010)
    .ARM.Collect$$rtentry$$00000000          0x080001ac   Section        0  __rtentry.o(.ARM.Collect$$rtentry$$00000000)
    .ARM.Collect$$rtentry$$00000002          0x080001ac   Section        0  __rtentry2.o(.ARM.Collect$$rtentry$$00000002)
    .ARM.Collect$$rtentry$$00000004          0x080001ac   Section        6  __rtentry4.o(.ARM.Collect$$rtentry$$00000004)
    .ARM.Collect$$rtentry$$00000009          0x080001b2   Section        0  __rtentry2.o(.ARM.Collect$$rtentry$$00000009)
    .ARM.Collect$$rtentry$$0000000A          0x080001b2   Section        4  __rtentry2.o(.ARM.Collect$$rtentry$$0000000A)
    .ARM.Collect$$rtentry$$0000000C          0x080001b6   Section        0  __rtentry2.o(.ARM.Collect$$rtentry$$0000000C)
    .ARM.Collect$$rtentry$$0000000D          0x080001b6   Section        8  __rtentry2.o(.ARM.Collect$$rtentry$$0000000D)
    .ARM.Collect$$rtexit$$00000000           0x080001be   Section        2  rtexit.o(.ARM.Collect$$rtexit$$00000000)
    .ARM.Collect$$rtexit$$00000002           0x080001c0   Section        0  rtexit2.o(.ARM.Collect$$rtexit$$00000002)
    .ARM.Collect$$rtexit$$00000003           0x080001c0   Section        4  rtexit2.o(.ARM.Collect$$rtexit$$00000003)
    .ARM.Collect$$rtexit$$00000004           0x080001c4   Section        6  rtexit2.o(.ARM.Collect$$rtexit$$00000004)
    .text                                    0x080001cc   Section       64  startup_stm32f103xe.o(.text)
    .text                                    0x0800020c   Section       78  rt_memclr_w.o(.text)
    .text                                    0x0800025a   Section        0  heapauxi.o(.text)
    .text                                    0x08000260   Section       74  sys_stackheap_outer.o(.text)
    .text                                    0x080002aa   Section        0  exit.o(.text)
    .text                                    0x080002bc   Section        8  libspace.o(.text)
    .text                                    0x080002c4   Section        2  use_no_semi.o(.text)
    .text                                    0x080002c6   Section        0  indicate_semi.o(.text)
    .text                                    0x080002c8   Section        0  sys_exit.o(.text)
    i.Big_Fu_info_Init                       0x080002d4   Section        0  flag_state.o(i.Big_Fu_info_Init)
    i.Board_Info_Tx                          0x08000338   Section        0  can_protocal.o(i.Board_Info_Tx)
    i.Board_RX                               0x0800035c   Section        0  can_receive.o(i.Board_RX)
    i.Board_Tx                               0x08000424   Section        0  can_send.o(i.Board_Tx)
    i.BusFault_Handler                       0x08000480   Section        0  stm32f1xx_it.o(i.BusFault_Handler)
    i.CAN1_Init                              0x08000484   Section        0  can_receive.o(i.CAN1_Init)
    i.CAN1_RX1_IRQHandler                    0x080004c0   Section        0  stm32f1xx_it.o(i.CAN1_RX1_IRQHandler)
    i.CAN1_rxDataHandler                     0x080004cc   Section        0  can_protocal.o(i.CAN1_rxDataHandler)
    i.DMA1_Channel1_IRQHandler               0x080004d8   Section        0  stm32f1xx_it.o(i.DMA1_Channel1_IRQHandler)
    i.DMA1_Channel2_IRQHandler               0x080004e4   Section        0  stm32f1xx_it.o(i.DMA1_Channel2_IRQHandler)
    i.DMA1_Channel3_IRQHandler               0x080004f0   Section        0  stm32f1xx_it.o(i.DMA1_Channel3_IRQHandler)
    i.DMA1_Channel5_IRQHandler               0x080004fc   Section        0  stm32f1xx_it.o(i.DMA1_Channel5_IRQHandler)
    i.DMA1_Channel6_IRQHandler               0x08000508   Section        0  stm32f1xx_it.o(i.DMA1_Channel6_IRQHandler)
    i.DMA1_Channel7_IRQHandler               0x08000514   Section        0  stm32f1xx_it.o(i.DMA1_Channel7_IRQHandler)
    i.DMA_SetConfig                          0x08000520   Section        0  stm32f1xx_hal_dma.o(i.DMA_SetConfig)
    DMA_SetConfig                            0x08000521   Thumb Code    42  stm32f1xx_hal_dma.o(i.DMA_SetConfig)
    i.DebugMon_Handler                       0x0800054a   Section        0  stm32f1xx_it.o(i.DebugMon_Handler)
    i.Error_Handler                          0x0800054c   Section        0  main.o(i.Error_Handler)
    i.HAL_CAN_ActivateNotification           0x08000550   Section        0  stm32f1xx_hal_can.o(i.HAL_CAN_ActivateNotification)
    i.HAL_CAN_AddTxMessage                   0x08000574   Section        0  stm32f1xx_hal_can.o(i.HAL_CAN_AddTxMessage)
    i.HAL_CAN_ConfigFilter                   0x0800063c   Section        0  stm32f1xx_hal_can.o(i.HAL_CAN_ConfigFilter)
    i.HAL_CAN_ErrorCallback                  0x0800072a   Section        0  stm32f1xx_hal_can.o(i.HAL_CAN_ErrorCallback)
    i.HAL_CAN_GetRxMessage                   0x0800072c   Section        0  stm32f1xx_hal_can.o(i.HAL_CAN_GetRxMessage)
    i.HAL_CAN_IRQHandler                     0x08000814   Section        0  stm32f1xx_hal_can.o(i.HAL_CAN_IRQHandler)
    i.HAL_CAN_Init                           0x08000a10   Section        0  stm32f1xx_hal_can.o(i.HAL_CAN_Init)
    i.HAL_CAN_MspInit                        0x08000b2c   Section        0  can.o(i.HAL_CAN_MspInit)
    i.HAL_CAN_RxFifo0FullCallback            0x08000bb8   Section        0  stm32f1xx_hal_can.o(i.HAL_CAN_RxFifo0FullCallback)
    i.HAL_CAN_RxFifo0MsgPendingCallback      0x08000bbc   Section        0  can_receive.o(i.HAL_CAN_RxFifo0MsgPendingCallback)
    i.HAL_CAN_RxFifo1FullCallback            0x08000be8   Section        0  stm32f1xx_hal_can.o(i.HAL_CAN_RxFifo1FullCallback)
    i.HAL_CAN_RxFifo1MsgPendingCallback      0x08000bea   Section        0  stm32f1xx_hal_can.o(i.HAL_CAN_RxFifo1MsgPendingCallback)
    i.HAL_CAN_SleepCallback                  0x08000bec   Section        0  stm32f1xx_hal_can.o(i.HAL_CAN_SleepCallback)
    i.HAL_CAN_Start                          0x08000bf0   Section        0  stm32f1xx_hal_can.o(i.HAL_CAN_Start)
    i.HAL_CAN_TxMailbox0AbortCallback        0x08000c48   Section        0  stm32f1xx_hal_can.o(i.HAL_CAN_TxMailbox0AbortCallback)
    i.HAL_CAN_TxMailbox0CompleteCallback     0x08000c4a   Section        0  stm32f1xx_hal_can.o(i.HAL_CAN_TxMailbox0CompleteCallback)
    i.HAL_CAN_TxMailbox1AbortCallback        0x08000c4c   Section        0  stm32f1xx_hal_can.o(i.HAL_CAN_TxMailbox1AbortCallback)
    i.HAL_CAN_TxMailbox1CompleteCallback     0x08000c4e   Section        0  stm32f1xx_hal_can.o(i.HAL_CAN_TxMailbox1CompleteCallback)
    i.HAL_CAN_TxMailbox2AbortCallback        0x08000c50   Section        0  stm32f1xx_hal_can.o(i.HAL_CAN_TxMailbox2AbortCallback)
    i.HAL_CAN_TxMailbox2CompleteCallback     0x08000c52   Section        0  stm32f1xx_hal_can.o(i.HAL_CAN_TxMailbox2CompleteCallback)
    i.HAL_CAN_WakeUpFromRxMsgCallback        0x08000c54   Section        0  stm32f1xx_hal_can.o(i.HAL_CAN_WakeUpFromRxMsgCallback)
    i.HAL_DMA_Abort_IT                       0x08000c58   Section        0  stm32f1xx_hal_dma.o(i.HAL_DMA_Abort_IT)
    i.HAL_DMA_IRQHandler                     0x08000d88   Section        0  stm32f1xx_hal_dma.o(i.HAL_DMA_IRQHandler)
    i.HAL_DMA_Init                           0x08000fd0   Section        0  stm32f1xx_hal_dma.o(i.HAL_DMA_Init)
    i.HAL_DMA_Start_IT                       0x0800104c   Section        0  stm32f1xx_hal_dma.o(i.HAL_DMA_Start_IT)
    i.HAL_Delay                              0x080010bc   Section        0  stm32f1xx_hal.o(i.HAL_Delay)
    i.HAL_GPIO_Init                          0x080010e0   Section        0  stm32f1xx_hal_gpio.o(i.HAL_GPIO_Init)
    i.HAL_GPIO_ReadPin                       0x080012d8   Section        0  stm32f1xx_hal_gpio.o(i.HAL_GPIO_ReadPin)
    i.HAL_GetTick                            0x080012e4   Section        0  stm32f1xx_hal.o(i.HAL_GetTick)
    i.HAL_IncTick                            0x080012f0   Section        0  stm32f1xx_hal.o(i.HAL_IncTick)
    i.HAL_Init                               0x08001300   Section        0  stm32f1xx_hal.o(i.HAL_Init)
    i.HAL_InitTick                           0x08001324   Section        0  stm32f1xx_hal.o(i.HAL_InitTick)
    i.HAL_MspInit                            0x08001364   Section        0  stm32f1xx_hal_msp.o(i.HAL_MspInit)
    i.HAL_NVIC_EnableIRQ                     0x080013a0   Section        0  stm32f1xx_hal_cortex.o(i.HAL_NVIC_EnableIRQ)
    i.HAL_NVIC_SetPriority                   0x080013bc   Section        0  stm32f1xx_hal_cortex.o(i.HAL_NVIC_SetPriority)
    i.HAL_NVIC_SetPriorityGrouping           0x080013fc   Section        0  stm32f1xx_hal_cortex.o(i.HAL_NVIC_SetPriorityGrouping)
    i.HAL_RCC_ClockConfig                    0x08001420   Section        0  stm32f1xx_hal_rcc.o(i.HAL_RCC_ClockConfig)
    i.HAL_RCC_GetSysClockFreq                0x0800154c   Section        0  stm32f1xx_hal_rcc.o(i.HAL_RCC_GetSysClockFreq)
    i.HAL_RCC_OscConfig                      0x080015b8   Section        0  stm32f1xx_hal_rcc.o(i.HAL_RCC_OscConfig)
    i.HAL_SYSTICK_Config                     0x080018d8   Section        0  stm32f1xx_hal_cortex.o(i.HAL_SYSTICK_Config)
    i.HAL_TIMEx_ConfigBreakDeadTime          0x08001900   Section        0  stm32f1xx_hal_tim_ex.o(i.HAL_TIMEx_ConfigBreakDeadTime)
    i.HAL_TIMEx_MasterConfigSynchronization  0x08001954   Section        0  stm32f1xx_hal_tim_ex.o(i.HAL_TIMEx_MasterConfigSynchronization)
    i.HAL_TIM_Base_Init                      0x080019d0   Section        0  stm32f1xx_hal_tim.o(i.HAL_TIM_Base_Init)
    i.HAL_TIM_Base_MspInit                   0x08001a2c   Section        0  tim.o(i.HAL_TIM_Base_MspInit)
    i.HAL_TIM_ConfigClockSource              0x08001b4c   Section        0  stm32f1xx_hal_tim.o(i.HAL_TIM_ConfigClockSource)
    i.HAL_TIM_ErrorCallback                  0x08001c22   Section        0  stm32f1xx_hal_tim.o(i.HAL_TIM_ErrorCallback)
    i.HAL_TIM_MspPostInit                    0x08001c24   Section        0  tim.o(i.HAL_TIM_MspPostInit)
    i.HAL_TIM_PWM_ConfigChannel              0x08001cfc   Section        0  stm32f1xx_hal_tim.o(i.HAL_TIM_PWM_ConfigChannel)
    i.HAL_TIM_PWM_Init                       0x08001dc2   Section        0  stm32f1xx_hal_tim.o(i.HAL_TIM_PWM_Init)
    i.HAL_TIM_PWM_MspInit                    0x08001e1c   Section        0  tim.o(i.HAL_TIM_PWM_MspInit)
    i.HAL_TIM_PWM_PulseFinishedCallback      0x08001f08   Section        0  ws2812.o(i.HAL_TIM_PWM_PulseFinishedCallback)
    i.HAL_TIM_PWM_PulseFinishedHalfCpltCallback 0x08001f0a   Section        0  stm32f1xx_hal_tim.o(i.HAL_TIM_PWM_PulseFinishedHalfCpltCallback)
    i.HAL_TIM_PWM_Start_DMA                  0x08001f0c   Section        0  stm32f1xx_hal_tim.o(i.HAL_TIM_PWM_Start_DMA)
    i.HAL_TIM_PWM_Stop_DMA                   0x080020a8   Section        0  stm32f1xx_hal_tim.o(i.HAL_TIM_PWM_Stop_DMA)
    i.HardFault_Handler                      0x08002168   Section        0  stm32f1xx_it.o(i.HardFault_Handler)
    i.LED_Blue_rectangle_current             0x0800216c   Section        0  ws2812.o(i.LED_Blue_rectangle_current)
    i.MX_CAN_Init                            0x0800225c   Section        0  can.o(i.MX_CAN_Init)
    i.MX_DMA_Init                            0x080022a0   Section        0  dma.o(i.MX_DMA_Init)
    i.MX_GPIO_Init                           0x0800231c   Section        0  gpio.o(i.MX_GPIO_Init)
    i.MX_TIM1_Init                           0x080023ac   Section        0  tim.o(i.MX_TIM1_Init)
    i.MX_TIM2_Init                           0x08002488   Section        0  tim.o(i.MX_TIM2_Init)
    i.MX_TIM3_Init                           0x08002530   Section        0  tim.o(i.MX_TIM3_Init)
    i.MX_TIM4_Init                           0x080025a0   Section        0  tim.o(i.MX_TIM4_Init)
    i.MemManage_Handler                      0x08002610   Section        0  stm32f1xx_it.o(i.MemManage_Handler)
    i.NMI_Handler                            0x08002612   Section        0  stm32f1xx_it.o(i.NMI_Handler)
    i.PendSV_Handler                         0x08002614   Section        0  stm32f1xx_it.o(i.PendSV_Handler)
    i.SVC_Handler                            0x08002616   Section        0  stm32f1xx_it.o(i.SVC_Handler)
    i.SysTick_Handler                        0x08002618   Section        0  stm32f1xx_it.o(i.SysTick_Handler)
    i.SystemClock_Config                     0x0800261c   Section        0  main.o(i.SystemClock_Config)
    i.SystemInit                             0x0800267a   Section        0  system_stm32f1xx.o(i.SystemInit)
    i.TIM_Base_SetConfig                     0x0800267c   Section        0  stm32f1xx_hal_tim.o(i.TIM_Base_SetConfig)
    i.TIM_CCxChannelCmd                      0x08002708   Section        0  stm32f1xx_hal_tim.o(i.TIM_CCxChannelCmd)
    i.TIM_DMADelayPulseCplt                  0x08002722   Section        0  stm32f1xx_hal_tim.o(i.TIM_DMADelayPulseCplt)
    TIM_DMADelayPulseCplt                    0x08002723   Thumb Code    94  stm32f1xx_hal_tim.o(i.TIM_DMADelayPulseCplt)
    i.TIM_DMADelayPulseHalfCplt              0x08002780   Section        0  stm32f1xx_hal_tim.o(i.TIM_DMADelayPulseHalfCplt)
    i.TIM_DMAError                           0x080027b8   Section        0  stm32f1xx_hal_tim.o(i.TIM_DMAError)
    i.TIM_ETR_SetConfig                      0x0800280c   Section        0  stm32f1xx_hal_tim.o(i.TIM_ETR_SetConfig)
    i.TIM_ITRx_SetConfig                     0x08002820   Section        0  stm32f1xx_hal_tim.o(i.TIM_ITRx_SetConfig)
    TIM_ITRx_SetConfig                       0x08002821   Thumb Code    16  stm32f1xx_hal_tim.o(i.TIM_ITRx_SetConfig)
    i.TIM_OC1_SetConfig                      0x08002830   Section        0  stm32f1xx_hal_tim.o(i.TIM_OC1_SetConfig)
    TIM_OC1_SetConfig                        0x08002831   Thumb Code    88  stm32f1xx_hal_tim.o(i.TIM_OC1_SetConfig)
    i.TIM_OC2_SetConfig                      0x08002890   Section        0  stm32f1xx_hal_tim.o(i.TIM_OC2_SetConfig)
    i.TIM_OC3_SetConfig                      0x080028fc   Section        0  stm32f1xx_hal_tim.o(i.TIM_OC3_SetConfig)
    TIM_OC3_SetConfig                        0x080028fd   Thumb Code    96  stm32f1xx_hal_tim.o(i.TIM_OC3_SetConfig)
    i.TIM_OC4_SetConfig                      0x08002964   Section        0  stm32f1xx_hal_tim.o(i.TIM_OC4_SetConfig)
    TIM_OC4_SetConfig                        0x08002965   Thumb Code    70  stm32f1xx_hal_tim.o(i.TIM_OC4_SetConfig)
    i.TIM_TI1_ConfigInputStage               0x080029b4   Section        0  stm32f1xx_hal_tim.o(i.TIM_TI1_ConfigInputStage)
    TIM_TI1_ConfigInputStage                 0x080029b5   Thumb Code    34  stm32f1xx_hal_tim.o(i.TIM_TI1_ConfigInputStage)
    i.TIM_TI2_ConfigInputStage               0x080029d6   Section        0  stm32f1xx_hal_tim.o(i.TIM_TI2_ConfigInputStage)
    TIM_TI2_ConfigInputStage                 0x080029d7   Thumb Code    36  stm32f1xx_hal_tim.o(i.TIM_TI2_ConfigInputStage)
    i.USB_LP_CAN1_RX0_IRQHandler             0x080029fc   Section        0  stm32f1xx_it.o(i.USB_LP_CAN1_RX0_IRQHandler)
    i.UsageFault_Handler                     0x08002a08   Section        0  stm32f1xx_it.o(i.UsageFault_Handler)
    i.WS281x_Color                           0x08002a0a   Section        0  ws2812.o(i.WS281x_Color)
    i.WS281x_SetPixelRGB_CIR                 0x08002a14   Section        0  ws2812.o(i.WS281x_SetPixelRGB_CIR)
    i.WS281x_SetPixelRGB_FRAME               0x08002a58   Section        0  ws2812.o(i.WS281x_SetPixelRGB_FRAME)
    i.WS281x_SetPixelRGB_FRAME_DOWN          0x08002a9c   Section        0  ws2812.o(i.WS281x_SetPixelRGB_FRAME_DOWN)
    i.WS281x_SetPixelRGB_FRAME_UP            0x08002ae0   Section        0  ws2812.o(i.WS281x_SetPixelRGB_FRAME_UP)
    i.WS_CloseAll_Circle                     0x08002b24   Section        0  ws2812.o(i.WS_CloseAll_Circle)
    i.WS_Load_Circle                         0x08002b58   Section        0  ws2812.o(i.WS_Load_Circle)
    i.WS_Load_Frame                          0x08002b70   Section        0  ws2812.o(i.WS_Load_Frame)
    i.WS_Load_frame_down                     0x08002b88   Section        0  ws2812.o(i.WS_Load_frame_down)
    i.WS_Load_frame_up                       0x08002ba0   Section        0  ws2812.o(i.WS_Load_frame_up)
    i.WS_Load_rectangle                      0x08002bb8   Section        0  ws2812.o(i.WS_Load_rectangle)
    i.WS_WriteAll_RGB_FRAME                  0x08002bd0   Section        0  ws2812.o(i.WS_WriteAll_RGB_FRAME)
    i.WS_WriteAll_RGB_FRAME_DOWN             0x08002bf8   Section        0  ws2812.o(i.WS_WriteAll_RGB_FRAME_DOWN)
    i.WS_WriteAll_RGB_FRAME_UP               0x08002c20   Section        0  ws2812.o(i.WS_WriteAll_RGB_FRAME_UP)
    i.WS_WriteAll_RGB_REC                    0x08002c48   Section        0  ws2812.o(i.WS_WriteAll_RGB_REC)
    i.WS_Write_Cross                         0x08002cec   Section        0  ws2812.o(i.WS_Write_Cross)
    i.WS_Write_Part_RGB_FRAME2               0x08002e1c   Section        0  ws2812.o(i.WS_Write_Part_RGB_FRAME2)
    i.WS_Write_Part_RGB_REC                  0x08002fc8   Section        0  ws2812.o(i.WS_Write_Part_RGB_REC)
    i.WS_Write_RGB_EIGHT_RING                0x080030fc   Section        0  ws2812.o(i.WS_Write_RGB_EIGHT_RING)
    i.WS_Write_RGB_FIVE_RING                 0x08003128   Section        0  ws2812.o(i.WS_Write_RGB_FIVE_RING)
    i.WS_Write_RGB_FOUR_RING                 0x08003150   Section        0  ws2812.o(i.WS_Write_RGB_FOUR_RING)
    i.WS_Write_RGB_NINE_RING                 0x08003178   Section        0  ws2812.o(i.WS_Write_RGB_NINE_RING)
    i.WS_Write_RGB_ONE_RING                  0x080031a6   Section        0  ws2812.o(i.WS_Write_RGB_ONE_RING)
    i.WS_Write_RGB_SEVEN_RING                0x080031ce   Section        0  ws2812.o(i.WS_Write_RGB_SEVEN_RING)
    i.WS_Write_RGB_SIX_RING                  0x080031f6   Section        0  ws2812.o(i.WS_Write_RGB_SIX_RING)
    i.WS_Write_RGB_TEN_RING                  0x0800321e   Section        0  ws2812.o(i.WS_Write_RGB_TEN_RING)
    i.WS_Write_RGB_THREE_RING                0x0800324a   Section        0  ws2812.o(i.WS_Write_RGB_THREE_RING)
    i.WS_Write_RGB_TWO_RING                  0x08003272   Section        0  ws2812.o(i.WS_Write_RGB_TWO_RING)
    i.__NVIC_SetPriority                     0x0800329a   Section        0  stm32f1xx_hal_cortex.o(i.__NVIC_SetPriority)
    __NVIC_SetPriority                       0x0800329b   Thumb Code    32  stm32f1xx_hal_cortex.o(i.__NVIC_SetPriority)
    i.arrow_LED_cut_down_rectangle           0x080032bc   Section        0  ws2812.o(i.arrow_LED_cut_down_rectangle)
    i.get_Control_measure                    0x08003420   Section        0  can_receive.o(i.get_Control_measure)
    i.main                                   0x08003430   Section        0  main.o(i.main)
    .constdata                               0x08004378   Section       16  system_stm32f1xx.o(.constdata)
    .data                                    0x20000000   Section       12  main.o(.data)
    .data                                    0x2000000c   Section       12  stm32f1xx_hal.o(.data)
    .data                                    0x20000018   Section        4  system_stm32f1xx.o(.data)
    .data                                    0x2000001c   Section       16  ws2812.o(.data)
    j                                        0x2000001c   Data           1  ws2812.o(.data)
    loop                                     0x2000001d   Data           1  ws2812.o(.data)
    next_time                                0x20000024   Data           4  ws2812.o(.data)
    next_time                                0x20000028   Data           4  ws2812.o(.data)
    .data                                    0x2000002c   Section        8  can_receive.o(.data)
    .data                                    0x20000034   Section        8  can_protocal.o(.data)
    .bss                                     0x2000003c   Section       30  main.o(.bss)
    key_stable                               0x2000003c   Data          10  main.o(.bss)
    .bss                                     0x2000005c   Section       40  can.o(.bss)
    .bss                                     0x20000084   Section      696  tim.o(.bss)
    .bss                                     0x2000033c   Section    42176  ws2812.o(.bss)
    .bss                                     0x2000a7fc   Section       87  can_receive.o(.bss)
    .bss                                     0x2000a853   Section       40  can_protocal.o(.bss)
    .bss                                     0x2000a87c   Section       96  libspace.o(.bss)
    HEAP                                     0x2000a8e0   Section      512  startup_stm32f103xe.o(HEAP)
    Heap_Mem                                 0x2000a8e0   Data         512  startup_stm32f103xe.o(HEAP)
    STACK                                    0x2000aae0   Section     1024  startup_stm32f103xe.o(STACK)
    Stack_Mem                                0x2000aae0   Data        1024  startup_stm32f103xe.o(STACK)
    __initial_sp                             0x2000aee0   Data           0  startup_stm32f103xe.o(STACK)

    Global Symbols

    Symbol Name                              Value     Ov Type        Size  Object(Section)

    BuildAttributes$$THM_ISAv4$P$D$K$B$S$PE$A:L22UL41UL21$X:L11$S22US41US21$IEEE1$IW$USESV6$~STKCKD$USESV7$~SHL$OSPACE$ROPI$EBA8$UX$STANDARDLIB$REQ8$PRES8$EABIv2 0x00000000   Number         0  anon$$obj.o ABSOLUTE
    __ARM_use_no_argv                        0x00000000   Number         0  main.o ABSOLUTE
    __ARM_exceptions_init                     - Undefined Weak Reference
    __alloca_initialize                       - Undefined Weak Reference
    __arm_preinit_                            - Undefined Weak Reference
    __cpp_initialize__aeabi_                  - Undefined Weak Reference
    __cxa_finalize                            - Undefined Weak Reference
    __rt_locale                               - Undefined Weak Reference
    __sigvec_lookup                           - Undefined Weak Reference
    _atexit_init                              - Undefined Weak Reference
    _call_atexit_fns                          - Undefined Weak Reference
    _clock_init                               - Undefined Weak Reference
    _fp_trap_init                             - Undefined Weak Reference
    _fp_trap_shutdown                         - Undefined Weak Reference
    _get_lc_collate                           - Undefined Weak Reference
    _get_lc_ctype                             - Undefined Weak Reference
    _get_lc_monetary                          - Undefined Weak Reference
    _get_lc_numeric                           - Undefined Weak Reference
    _get_lc_time                              - Undefined Weak Reference
    _getenv_init                              - Undefined Weak Reference
    _handle_redirection                       - Undefined Weak Reference
    _init_alloc                               - Undefined Weak Reference
    _init_user_alloc                          - Undefined Weak Reference
    _initio                                   - Undefined Weak Reference
    _signal_finish                            - Undefined Weak Reference
    _signal_init                              - Undefined Weak Reference
    _terminate_alloc                          - Undefined Weak Reference
    _terminate_user_alloc                     - Undefined Weak Reference
    _terminateio                              - Undefined Weak Reference
    __Vectors_Size                           0x00000130   Number         0  startup_stm32f103xe.o ABSOLUTE
    __Vectors                                0x08000000   Data           4  startup_stm32f103xe.o(RESET)
    __Vectors_End                            0x08000130   Data           0  startup_stm32f103xe.o(RESET)
    __main                                   0x08000131   Thumb Code     8  __main.o(!!!main)
    __scatterload                            0x08000139   Thumb Code     0  __scatter.o(!!!scatter)
    __scatterload_rt2                        0x08000139   Thumb Code    44  __scatter.o(!!!scatter)
    __scatterload_rt2_thumb_only             0x08000139   Thumb Code     0  __scatter.o(!!!scatter)
    __scatterload_null                       0x08000147   Thumb Code     0  __scatter.o(!!!scatter)
    __scatterload_copy                       0x0800016d   Thumb Code    26  __scatter_copy.o(!!handler_copy)
    __scatterload_zeroinit                   0x08000189   Thumb Code    28  __scatter_zi.o(!!handler_zi)
    __rt_lib_init                            0x080001a5   Thumb Code     0  libinit.o(.ARM.Collect$$libinit$$00000000)
    __rt_lib_init_alloca_1                   0x080001a7   Thumb Code     0  libinit2.o(.ARM.Collect$$libinit$$0000002E)
    __rt_lib_init_argv_1                     0x080001a7   Thumb Code     0  libinit2.o(.ARM.Collect$$libinit$$0000002C)
    __rt_lib_init_atexit_1                   0x080001a7   Thumb Code     0  libinit2.o(.ARM.Collect$$libinit$$0000001B)
    __rt_lib_init_clock_1                    0x080001a7   Thumb Code     0  libinit2.o(.ARM.Collect$$libinit$$00000021)
    __rt_lib_init_cpp_1                      0x080001a7   Thumb Code     0  libinit2.o(.ARM.Collect$$libinit$$00000032)
    __rt_lib_init_exceptions_1               0x080001a7   Thumb Code     0  libinit2.o(.ARM.Collect$$libinit$$00000030)
    __rt_lib_init_fp_1                       0x080001a7   Thumb Code     0  libinit2.o(.ARM.Collect$$libinit$$00000002)
    __rt_lib_init_fp_trap_1                  0x080001a7   Thumb Code     0  libinit2.o(.ARM.Collect$$libinit$$0000001F)
    __rt_lib_init_getenv_1                   0x080001a7   Thumb Code     0  libinit2.o(.ARM.Collect$$libinit$$00000023)
    __rt_lib_init_heap_1                     0x080001a7   Thumb Code     0  libinit2.o(.ARM.Collect$$libinit$$0000000A)
    __rt_lib_init_lc_collate_1               0x080001a7   Thumb Code     0  libinit2.o(.ARM.Collect$$libinit$$00000011)
    __rt_lib_init_lc_ctype_1                 0x080001a7   Thumb Code     0  libinit2.o(.ARM.Collect$$libinit$$00000013)
    __rt_lib_init_lc_monetary_1              0x080001a7   Thumb Code     0  libinit2.o(.ARM.Collect$$libinit$$00000015)
    __rt_lib_init_lc_numeric_1               0x080001a7   Thumb Code     0  libinit2.o(.ARM.Collect$$libinit$$00000017)
    __rt_lib_init_lc_time_1                  0x080001a7   Thumb Code     0  libinit2.o(.ARM.Collect$$libinit$$00000019)
    __rt_lib_init_preinit_1                  0x080001a7   Thumb Code     0  libinit2.o(.ARM.Collect$$libinit$$00000004)
    __rt_lib_init_rand_1                     0x080001a7   Thumb Code     0  libinit2.o(.ARM.Collect$$libinit$$0000000E)
    __rt_lib_init_return                     0x080001a7   Thumb Code     0  libinit2.o(.ARM.Collect$$libinit$$00000033)
    __rt_lib_init_signal_1                   0x080001a7   Thumb Code     0  libinit2.o(.ARM.Collect$$libinit$$0000001D)
    __rt_lib_init_stdio_1                    0x080001a7   Thumb Code     0  libinit2.o(.ARM.Collect$$libinit$$00000025)
    __rt_lib_init_user_alloc_1               0x080001a7   Thumb Code     0  libinit2.o(.ARM.Collect$$libinit$$0000000C)
    __rt_lib_shutdown                        0x080001a9   Thumb Code     0  libshutdown.o(.ARM.Collect$$libshutdown$$00000000)
    __rt_lib_shutdown_cpp_1                  0x080001ab   Thumb Code     0  libshutdown2.o(.ARM.Collect$$libshutdown$$00000002)
    __rt_lib_shutdown_fp_trap_1              0x080001ab   Thumb Code     0  libshutdown2.o(.ARM.Collect$$libshutdown$$00000007)
    __rt_lib_shutdown_heap_1                 0x080001ab   Thumb Code     0  libshutdown2.o(.ARM.Collect$$libshutdown$$0000000F)
    __rt_lib_shutdown_return                 0x080001ab   Thumb Code     0  libshutdown2.o(.ARM.Collect$$libshutdown$$00000010)
    __rt_lib_shutdown_signal_1               0x080001ab   Thumb Code     0  libshutdown2.o(.ARM.Collect$$libshutdown$$0000000A)
    __rt_lib_shutdown_stdio_1                0x080001ab   Thumb Code     0  libshutdown2.o(.ARM.Collect$$libshutdown$$00000004)
    __rt_lib_shutdown_user_alloc_1           0x080001ab   Thumb Code     0  libshutdown2.o(.ARM.Collect$$libshutdown$$0000000C)
    __rt_entry                               0x080001ad   Thumb Code     0  __rtentry.o(.ARM.Collect$$rtentry$$00000000)
    __rt_entry_presh_1                       0x080001ad   Thumb Code     0  __rtentry2.o(.ARM.Collect$$rtentry$$00000002)
    __rt_entry_sh                            0x080001ad   Thumb Code     0  __rtentry4.o(.ARM.Collect$$rtentry$$00000004)
    __rt_entry_li                            0x080001b3   Thumb Code     0  __rtentry2.o(.ARM.Collect$$rtentry$$0000000A)
    __rt_entry_postsh_1                      0x080001b3   Thumb Code     0  __rtentry2.o(.ARM.Collect$$rtentry$$00000009)
    __rt_entry_main                          0x080001b7   Thumb Code     0  __rtentry2.o(.ARM.Collect$$rtentry$$0000000D)
    __rt_entry_postli_1                      0x080001b7   Thumb Code     0  __rtentry2.o(.ARM.Collect$$rtentry$$0000000C)
    __rt_exit                                0x080001bf   Thumb Code     0  rtexit.o(.ARM.Collect$$rtexit$$00000000)
    __rt_exit_ls                             0x080001c1   Thumb Code     0  rtexit2.o(.ARM.Collect$$rtexit$$00000003)
    __rt_exit_prels_1                        0x080001c1   Thumb Code     0  rtexit2.o(.ARM.Collect$$rtexit$$00000002)
    __rt_exit_exit                           0x080001c5   Thumb Code     0  rtexit2.o(.ARM.Collect$$rtexit$$00000004)
    Reset_Handler                            0x080001cd   Thumb Code     8  startup_stm32f103xe.o(.text)
    ADC1_2_IRQHandler                        0x080001e7   Thumb Code     0  startup_stm32f103xe.o(.text)
    ADC3_IRQHandler                          0x080001e7   Thumb Code     0  startup_stm32f103xe.o(.text)
    CAN1_SCE_IRQHandler                      0x080001e7   Thumb Code     0  startup_stm32f103xe.o(.text)
    DMA1_Channel4_IRQHandler                 0x080001e7   Thumb Code     0  startup_stm32f103xe.o(.text)
    DMA2_Channel1_IRQHandler                 0x080001e7   Thumb Code     0  startup_stm32f103xe.o(.text)
    DMA2_Channel2_IRQHandler                 0x080001e7   Thumb Code     0  startup_stm32f103xe.o(.text)
    DMA2_Channel3_IRQHandler                 0x080001e7   Thumb Code     0  startup_stm32f103xe.o(.text)
    DMA2_Channel4_5_IRQHandler               0x080001e7   Thumb Code     0  startup_stm32f103xe.o(.text)
    EXTI0_IRQHandler                         0x080001e7   Thumb Code     0  startup_stm32f103xe.o(.text)
    EXTI15_10_IRQHandler                     0x080001e7   Thumb Code     0  startup_stm32f103xe.o(.text)
    EXTI1_IRQHandler                         0x080001e7   Thumb Code     0  startup_stm32f103xe.o(.text)
    EXTI2_IRQHandler                         0x080001e7   Thumb Code     0  startup_stm32f103xe.o(.text)
    EXTI3_IRQHandler                         0x080001e7   Thumb Code     0  startup_stm32f103xe.o(.text)
    EXTI4_IRQHandler                         0x080001e7   Thumb Code     0  startup_stm32f103xe.o(.text)
    EXTI9_5_IRQHandler                       0x080001e7   Thumb Code     0  startup_stm32f103xe.o(.text)
    FLASH_IRQHandler                         0x080001e7   Thumb Code     0  startup_stm32f103xe.o(.text)
    FSMC_IRQHandler                          0x080001e7   Thumb Code     0  startup_stm32f103xe.o(.text)
    I2C1_ER_IRQHandler                       0x080001e7   Thumb Code     0  startup_stm32f103xe.o(.text)
    I2C1_EV_IRQHandler                       0x080001e7   Thumb Code     0  startup_stm32f103xe.o(.text)
    I2C2_ER_IRQHandler                       0x080001e7   Thumb Code     0  startup_stm32f103xe.o(.text)
    I2C2_EV_IRQHandler                       0x080001e7   Thumb Code     0  startup_stm32f103xe.o(.text)
    PVD_IRQHandler                           0x080001e7   Thumb Code     0  startup_stm32f103xe.o(.text)
    RCC_IRQHandler                           0x080001e7   Thumb Code     0  startup_stm32f103xe.o(.text)
    RTC_Alarm_IRQHandler                     0x080001e7   Thumb Code     0  startup_stm32f103xe.o(.text)
    RTC_IRQHandler                           0x080001e7   Thumb Code     0  startup_stm32f103xe.o(.text)
    SDIO_IRQHandler                          0x080001e7   Thumb Code     0  startup_stm32f103xe.o(.text)
    SPI1_IRQHandler                          0x080001e7   Thumb Code     0  startup_stm32f103xe.o(.text)
    SPI2_IRQHandler                          0x080001e7   Thumb Code     0  startup_stm32f103xe.o(.text)
    SPI3_IRQHandler                          0x080001e7   Thumb Code     0  startup_stm32f103xe.o(.text)
    TAMPER_IRQHandler                        0x080001e7   Thumb Code     0  startup_stm32f103xe.o(.text)
    TIM1_BRK_IRQHandler                      0x080001e7   Thumb Code     0  startup_stm32f103xe.o(.text)
    TIM1_CC_IRQHandler                       0x080001e7   Thumb Code     0  startup_stm32f103xe.o(.text)
    TIM1_TRG_COM_IRQHandler                  0x080001e7   Thumb Code     0  startup_stm32f103xe.o(.text)
    TIM1_UP_IRQHandler                       0x080001e7   Thumb Code     0  startup_stm32f103xe.o(.text)
    TIM2_IRQHandler                          0x080001e7   Thumb Code     0  startup_stm32f103xe.o(.text)
    TIM3_IRQHandler                          0x080001e7   Thumb Code     0  startup_stm32f103xe.o(.text)
    TIM4_IRQHandler                          0x080001e7   Thumb Code     0  startup_stm32f103xe.o(.text)
    TIM5_IRQHandler                          0x080001e7   Thumb Code     0  startup_stm32f103xe.o(.text)
    TIM6_IRQHandler                          0x080001e7   Thumb Code     0  startup_stm32f103xe.o(.text)
    TIM7_IRQHandler                          0x080001e7   Thumb Code     0  startup_stm32f103xe.o(.text)
    TIM8_BRK_IRQHandler                      0x080001e7   Thumb Code     0  startup_stm32f103xe.o(.text)
    TIM8_CC_IRQHandler                       0x080001e7   Thumb Code     0  startup_stm32f103xe.o(.text)
    TIM8_TRG_COM_IRQHandler                  0x080001e7   Thumb Code     0  startup_stm32f103xe.o(.text)
    TIM8_UP_IRQHandler                       0x080001e7   Thumb Code     0  startup_stm32f103xe.o(.text)
    UART4_IRQHandler                         0x080001e7   Thumb Code     0  startup_stm32f103xe.o(.text)
    UART5_IRQHandler                         0x080001e7   Thumb Code     0  startup_stm32f103xe.o(.text)
    USART1_IRQHandler                        0x080001e7   Thumb Code     0  startup_stm32f103xe.o(.text)
    USART2_IRQHandler                        0x080001e7   Thumb Code     0  startup_stm32f103xe.o(.text)
    USART3_IRQHandler                        0x080001e7   Thumb Code     0  startup_stm32f103xe.o(.text)
    USBWakeUp_IRQHandler                     0x080001e7   Thumb Code     0  startup_stm32f103xe.o(.text)
    USB_HP_CAN1_TX_IRQHandler                0x080001e7   Thumb Code     0  startup_stm32f103xe.o(.text)
    WWDG_IRQHandler                          0x080001e7   Thumb Code     0  startup_stm32f103xe.o(.text)
    __user_initial_stackheap                 0x080001e9   Thumb Code     0  startup_stm32f103xe.o(.text)
    __aeabi_memclr4                          0x0800020d   Thumb Code     0  rt_memclr_w.o(.text)
    __aeabi_memclr8                          0x0800020d   Thumb Code     0  rt_memclr_w.o(.text)
    __rt_memclr_w                            0x0800020d   Thumb Code    78  rt_memclr_w.o(.text)
    _memset_w                                0x08000211   Thumb Code     0  rt_memclr_w.o(.text)
    __use_two_region_memory                  0x0800025b   Thumb Code     2  heapauxi.o(.text)
    __rt_heap_escrow$2region                 0x0800025d   Thumb Code     2  heapauxi.o(.text)
    __rt_heap_expand$2region                 0x0800025f   Thumb Code     2  heapauxi.o(.text)
    __user_setup_stackheap                   0x08000261   Thumb Code    74  sys_stackheap_outer.o(.text)
    exit                                     0x080002ab   Thumb Code    18  exit.o(.text)
    __user_libspace                          0x080002bd   Thumb Code     8  libspace.o(.text)
    __user_perproc_libspace                  0x080002bd   Thumb Code     0  libspace.o(.text)
    __user_perthread_libspace                0x080002bd   Thumb Code     0  libspace.o(.text)
    __I$use$semihosting                      0x080002c5   Thumb Code     0  use_no_semi.o(.text)
    __use_no_semihosting_swi                 0x080002c5   Thumb Code     2  use_no_semi.o(.text)
    __semihosting_library_function           0x080002c7   Thumb Code     0  indicate_semi.o(.text)
    _sys_exit                                0x080002c9   Thumb Code     8  sys_exit.o(.text)
    Big_Fu_info_Init                         0x080002d5   Thumb Code   100  flag_state.o(i.Big_Fu_info_Init)
    Board_Info_Tx                            0x08000339   Thumb Code    26  can_protocal.o(i.Board_Info_Tx)
    Board_RX                                 0x0800035d   Thumb Code   192  can_receive.o(i.Board_RX)
    Board_Tx                                 0x08000425   Thumb Code    86  can_send.o(i.Board_Tx)
    BusFault_Handler                         0x08000481   Thumb Code     2  stm32f1xx_it.o(i.BusFault_Handler)
    CAN1_Init                                0x08000485   Thumb Code    54  can_receive.o(i.CAN1_Init)
    CAN1_RX1_IRQHandler                      0x080004c1   Thumb Code     6  stm32f1xx_it.o(i.CAN1_RX1_IRQHandler)
    CAN1_rxDataHandler                       0x080004cd   Thumb Code     6  can_protocal.o(i.CAN1_rxDataHandler)
    DMA1_Channel1_IRQHandler                 0x080004d9   Thumb Code     6  stm32f1xx_it.o(i.DMA1_Channel1_IRQHandler)
    DMA1_Channel2_IRQHandler                 0x080004e5   Thumb Code     6  stm32f1xx_it.o(i.DMA1_Channel2_IRQHandler)
    DMA1_Channel3_IRQHandler                 0x080004f1   Thumb Code     6  stm32f1xx_it.o(i.DMA1_Channel3_IRQHandler)
    DMA1_Channel5_IRQHandler                 0x080004fd   Thumb Code     6  stm32f1xx_it.o(i.DMA1_Channel5_IRQHandler)
    DMA1_Channel6_IRQHandler                 0x08000509   Thumb Code     6  stm32f1xx_it.o(i.DMA1_Channel6_IRQHandler)
    DMA1_Channel7_IRQHandler                 0x08000515   Thumb Code     6  stm32f1xx_it.o(i.DMA1_Channel7_IRQHandler)
    DebugMon_Handler                         0x0800054b   Thumb Code     2  stm32f1xx_it.o(i.DebugMon_Handler)
    Error_Handler                            0x0800054d   Thumb Code     4  main.o(i.Error_Handler)
    HAL_CAN_ActivateNotification             0x08000551   Thumb Code    36  stm32f1xx_hal_can.o(i.HAL_CAN_ActivateNotification)
    HAL_CAN_AddTxMessage                     0x08000575   Thumb Code   200  stm32f1xx_hal_can.o(i.HAL_CAN_AddTxMessage)
    HAL_CAN_ConfigFilter                     0x0800063d   Thumb Code   238  stm32f1xx_hal_can.o(i.HAL_CAN_ConfigFilter)
    HAL_CAN_ErrorCallback                    0x0800072b   Thumb Code     2  stm32f1xx_hal_can.o(i.HAL_CAN_ErrorCallback)
    HAL_CAN_GetRxMessage                     0x0800072d   Thumb Code   232  stm32f1xx_hal_can.o(i.HAL_CAN_GetRxMessage)
    HAL_CAN_IRQHandler                       0x08000815   Thumb Code   508  stm32f1xx_hal_can.o(i.HAL_CAN_IRQHandler)
    HAL_CAN_Init                             0x08000a11   Thumb Code   282  stm32f1xx_hal_can.o(i.HAL_CAN_Init)
    HAL_CAN_MspInit                          0x08000b2d   Thumb Code   128  can.o(i.HAL_CAN_MspInit)
    HAL_CAN_RxFifo0FullCallback              0x08000bb9   Thumb Code     2  stm32f1xx_hal_can.o(i.HAL_CAN_RxFifo0FullCallback)
    HAL_CAN_RxFifo0MsgPendingCallback        0x08000bbd   Thumb Code    32  can_receive.o(i.HAL_CAN_RxFifo0MsgPendingCallback)
    HAL_CAN_RxFifo1FullCallback              0x08000be9   Thumb Code     2  stm32f1xx_hal_can.o(i.HAL_CAN_RxFifo1FullCallback)
    HAL_CAN_RxFifo1MsgPendingCallback        0x08000beb   Thumb Code     2  stm32f1xx_hal_can.o(i.HAL_CAN_RxFifo1MsgPendingCallback)
    HAL_CAN_SleepCallback                    0x08000bed   Thumb Code     2  stm32f1xx_hal_can.o(i.HAL_CAN_SleepCallback)
    HAL_CAN_Start                            0x08000bf1   Thumb Code    88  stm32f1xx_hal_can.o(i.HAL_CAN_Start)
    HAL_CAN_TxMailbox0AbortCallback          0x08000c49   Thumb Code     2  stm32f1xx_hal_can.o(i.HAL_CAN_TxMailbox0AbortCallback)
    HAL_CAN_TxMailbox0CompleteCallback       0x08000c4b   Thumb Code     2  stm32f1xx_hal_can.o(i.HAL_CAN_TxMailbox0CompleteCallback)
    HAL_CAN_TxMailbox1AbortCallback          0x08000c4d   Thumb Code     2  stm32f1xx_hal_can.o(i.HAL_CAN_TxMailbox1AbortCallback)
    HAL_CAN_TxMailbox1CompleteCallback       0x08000c4f   Thumb Code     2  stm32f1xx_hal_can.o(i.HAL_CAN_TxMailbox1CompleteCallback)
    HAL_CAN_TxMailbox2AbortCallback          0x08000c51   Thumb Code     2  stm32f1xx_hal_can.o(i.HAL_CAN_TxMailbox2AbortCallback)
    HAL_CAN_TxMailbox2CompleteCallback       0x08000c53   Thumb Code     2  stm32f1xx_hal_can.o(i.HAL_CAN_TxMailbox2CompleteCallback)
    HAL_CAN_WakeUpFromRxMsgCallback          0x08000c55   Thumb Code     2  stm32f1xx_hal_can.o(i.HAL_CAN_WakeUpFromRxMsgCallback)
    HAL_DMA_Abort_IT                         0x08000c59   Thumb Code   296  stm32f1xx_hal_dma.o(i.HAL_DMA_Abort_IT)
    HAL_DMA_IRQHandler                       0x08000d89   Thumb Code   552  stm32f1xx_hal_dma.o(i.HAL_DMA_IRQHandler)
    HAL_DMA_Init                             0x08000fd1   Thumb Code   112  stm32f1xx_hal_dma.o(i.HAL_DMA_Init)
    HAL_DMA_Start_IT                         0x0800104d   Thumb Code   112  stm32f1xx_hal_dma.o(i.HAL_DMA_Start_IT)
    HAL_Delay                                0x080010bd   Thumb Code    32  stm32f1xx_hal.o(i.HAL_Delay)
    HAL_GPIO_Init                            0x080010e1   Thumb Code   462  stm32f1xx_hal_gpio.o(i.HAL_GPIO_Init)
    HAL_GPIO_ReadPin                         0x080012d9   Thumb Code    10  stm32f1xx_hal_gpio.o(i.HAL_GPIO_ReadPin)
    HAL_GetTick                              0x080012e5   Thumb Code     6  stm32f1xx_hal.o(i.HAL_GetTick)
    HAL_IncTick                              0x080012f1   Thumb Code    12  stm32f1xx_hal.o(i.HAL_IncTick)
    HAL_Init                                 0x08001301   Thumb Code    32  stm32f1xx_hal.o(i.HAL_Init)
    HAL_InitTick                             0x08001325   Thumb Code    54  stm32f1xx_hal.o(i.HAL_InitTick)
    HAL_MspInit                              0x08001365   Thumb Code    52  stm32f1xx_hal_msp.o(i.HAL_MspInit)
    HAL_NVIC_EnableIRQ                       0x080013a1   Thumb Code    26  stm32f1xx_hal_cortex.o(i.HAL_NVIC_EnableIRQ)
    HAL_NVIC_SetPriority                     0x080013bd   Thumb Code    60  stm32f1xx_hal_cortex.o(i.HAL_NVIC_SetPriority)
    HAL_NVIC_SetPriorityGrouping             0x080013fd   Thumb Code    26  stm32f1xx_hal_cortex.o(i.HAL_NVIC_SetPriorityGrouping)
    HAL_RCC_ClockConfig                      0x08001421   Thumb Code   280  stm32f1xx_hal_rcc.o(i.HAL_RCC_ClockConfig)
    HAL_RCC_GetSysClockFreq                  0x0800154d   Thumb Code    74  stm32f1xx_hal_rcc.o(i.HAL_RCC_GetSysClockFreq)
    HAL_RCC_OscConfig                        0x080015b9   Thumb Code   778  stm32f1xx_hal_rcc.o(i.HAL_RCC_OscConfig)
    HAL_SYSTICK_Config                       0x080018d9   Thumb Code    40  stm32f1xx_hal_cortex.o(i.HAL_SYSTICK_Config)
    HAL_TIMEx_ConfigBreakDeadTime            0x08001901   Thumb Code    84  stm32f1xx_hal_tim_ex.o(i.HAL_TIMEx_ConfigBreakDeadTime)
    HAL_TIMEx_MasterConfigSynchronization    0x08001955   Thumb Code   104  stm32f1xx_hal_tim_ex.o(i.HAL_TIMEx_MasterConfigSynchronization)
    HAL_TIM_Base_Init                        0x080019d1   Thumb Code    90  stm32f1xx_hal_tim.o(i.HAL_TIM_Base_Init)
    HAL_TIM_Base_MspInit                     0x08001a2d   Thumb Code   270  tim.o(i.HAL_TIM_Base_MspInit)
    HAL_TIM_ConfigClockSource                0x08001b4d   Thumb Code   214  stm32f1xx_hal_tim.o(i.HAL_TIM_ConfigClockSource)
    HAL_TIM_ErrorCallback                    0x08001c23   Thumb Code     2  stm32f1xx_hal_tim.o(i.HAL_TIM_ErrorCallback)
    HAL_TIM_MspPostInit                      0x08001c25   Thumb Code   184  tim.o(i.HAL_TIM_MspPostInit)
    HAL_TIM_PWM_ConfigChannel                0x08001cfd   Thumb Code   198  stm32f1xx_hal_tim.o(i.HAL_TIM_PWM_ConfigChannel)
    HAL_TIM_PWM_Init                         0x08001dc3   Thumb Code    90  stm32f1xx_hal_tim.o(i.HAL_TIM_PWM_Init)
    HAL_TIM_PWM_MspInit                      0x08001e1d   Thumb Code   210  tim.o(i.HAL_TIM_PWM_MspInit)
    HAL_TIM_PWM_PulseFinishedCallback        0x08001f09   Thumb Code     2  ws2812.o(i.HAL_TIM_PWM_PulseFinishedCallback)
    HAL_TIM_PWM_PulseFinishedHalfCpltCallback 0x08001f0b   Thumb Code     2  stm32f1xx_hal_tim.o(i.HAL_TIM_PWM_PulseFinishedHalfCpltCallback)
    HAL_TIM_PWM_Start_DMA                    0x08001f0d   Thumb Code   378  stm32f1xx_hal_tim.o(i.HAL_TIM_PWM_Start_DMA)
    HAL_TIM_PWM_Stop_DMA                     0x080020a9   Thumb Code   184  stm32f1xx_hal_tim.o(i.HAL_TIM_PWM_Stop_DMA)
    HardFault_Handler                        0x08002169   Thumb Code     2  stm32f1xx_it.o(i.HardFault_Handler)
    LED_Blue_rectangle_current               0x0800216d   Thumb Code   232  ws2812.o(i.LED_Blue_rectangle_current)
    MX_CAN_Init                              0x0800225d   Thumb Code    60  can.o(i.MX_CAN_Init)
    MX_DMA_Init                              0x080022a1   Thumb Code   120  dma.o(i.MX_DMA_Init)
    MX_GPIO_Init                             0x0800231d   Thumb Code   130  gpio.o(i.MX_GPIO_Init)
    MX_TIM1_Init                             0x080023ad   Thumb Code   210  tim.o(i.MX_TIM1_Init)
    MX_TIM2_Init                             0x08002489   Thumb Code   164  tim.o(i.MX_TIM2_Init)
    MX_TIM3_Init                             0x08002531   Thumb Code   104  tim.o(i.MX_TIM3_Init)
    MX_TIM4_Init                             0x080025a1   Thumb Code   102  tim.o(i.MX_TIM4_Init)
    MemManage_Handler                        0x08002611   Thumb Code     2  stm32f1xx_it.o(i.MemManage_Handler)
    NMI_Handler                              0x08002613   Thumb Code     2  stm32f1xx_it.o(i.NMI_Handler)
    PendSV_Handler                           0x08002615   Thumb Code     2  stm32f1xx_it.o(i.PendSV_Handler)
    SVC_Handler                              0x08002617   Thumb Code     2  stm32f1xx_it.o(i.SVC_Handler)
    SysTick_Handler                          0x08002619   Thumb Code     4  stm32f1xx_it.o(i.SysTick_Handler)
    SystemClock_Config                       0x0800261d   Thumb Code    94  main.o(i.SystemClock_Config)
    SystemInit                               0x0800267b   Thumb Code     2  system_stm32f1xx.o(i.SystemInit)
    TIM_Base_SetConfig                       0x0800267d   Thumb Code   120  stm32f1xx_hal_tim.o(i.TIM_Base_SetConfig)
    TIM_CCxChannelCmd                        0x08002709   Thumb Code    26  stm32f1xx_hal_tim.o(i.TIM_CCxChannelCmd)
    TIM_DMADelayPulseHalfCplt                0x08002781   Thumb Code    56  stm32f1xx_hal_tim.o(i.TIM_DMADelayPulseHalfCplt)
    TIM_DMAError                             0x080027b9   Thumb Code    84  stm32f1xx_hal_tim.o(i.TIM_DMAError)
    TIM_ETR_SetConfig                        0x0800280d   Thumb Code    20  stm32f1xx_hal_tim.o(i.TIM_ETR_SetConfig)
    TIM_OC2_SetConfig                        0x08002891   Thumb Code    98  stm32f1xx_hal_tim.o(i.TIM_OC2_SetConfig)
    USB_LP_CAN1_RX0_IRQHandler               0x080029fd   Thumb Code     6  stm32f1xx_it.o(i.USB_LP_CAN1_RX0_IRQHandler)
    UsageFault_Handler                       0x08002a09   Thumb Code     2  stm32f1xx_it.o(i.UsageFault_Handler)
    WS281x_Color                             0x08002a0b   Thumb Code    10  ws2812.o(i.WS281x_Color)
    WS281x_SetPixelRGB_CIR                   0x08002a15   Thumb Code    64  ws2812.o(i.WS281x_SetPixelRGB_CIR)
    WS281x_SetPixelRGB_FRAME                 0x08002a59   Thumb Code    62  ws2812.o(i.WS281x_SetPixelRGB_FRAME)
    WS281x_SetPixelRGB_FRAME_DOWN            0x08002a9d   Thumb Code    62  ws2812.o(i.WS281x_SetPixelRGB_FRAME_DOWN)
    WS281x_SetPixelRGB_FRAME_UP              0x08002ae1   Thumb Code    62  ws2812.o(i.WS281x_SetPixelRGB_FRAME_UP)
    WS_CloseAll_Circle                       0x08002b25   Thumb Code    48  ws2812.o(i.WS_CloseAll_Circle)
    WS_Load_Circle                           0x08002b59   Thumb Code    14  ws2812.o(i.WS_Load_Circle)
    WS_Load_Frame                            0x08002b71   Thumb Code    14  ws2812.o(i.WS_Load_Frame)
    WS_Load_frame_down                       0x08002b89   Thumb Code    14  ws2812.o(i.WS_Load_frame_down)
    WS_Load_frame_up                         0x08002ba1   Thumb Code    14  ws2812.o(i.WS_Load_frame_up)
    WS_Load_rectangle                        0x08002bb9   Thumb Code    14  ws2812.o(i.WS_Load_rectangle)
    WS_WriteAll_RGB_FRAME                    0x08002bd1   Thumb Code    40  ws2812.o(i.WS_WriteAll_RGB_FRAME)
    WS_WriteAll_RGB_FRAME_DOWN               0x08002bf9   Thumb Code    40  ws2812.o(i.WS_WriteAll_RGB_FRAME_DOWN)
    WS_WriteAll_RGB_FRAME_UP                 0x08002c21   Thumb Code    40  ws2812.o(i.WS_WriteAll_RGB_FRAME_UP)
    WS_WriteAll_RGB_REC                      0x08002c49   Thumb Code   160  ws2812.o(i.WS_WriteAll_RGB_REC)
    WS_Write_Cross                           0x08002ced   Thumb Code   304  ws2812.o(i.WS_Write_Cross)
    WS_Write_Part_RGB_FRAME2                 0x08002e1d   Thumb Code   422  ws2812.o(i.WS_Write_Part_RGB_FRAME2)
    WS_Write_Part_RGB_REC                    0x08002fc9   Thumb Code   302  ws2812.o(i.WS_Write_Part_RGB_REC)
    WS_Write_RGB_EIGHT_RING                  0x080030fd   Thumb Code    44  ws2812.o(i.WS_Write_RGB_EIGHT_RING)
    WS_Write_RGB_FIVE_RING                   0x08003129   Thumb Code    40  ws2812.o(i.WS_Write_RGB_FIVE_RING)
    WS_Write_RGB_FOUR_RING                   0x08003151   Thumb Code    40  ws2812.o(i.WS_Write_RGB_FOUR_RING)
    WS_Write_RGB_NINE_RING                   0x08003179   Thumb Code    46  ws2812.o(i.WS_Write_RGB_NINE_RING)
    WS_Write_RGB_ONE_RING                    0x080031a7   Thumb Code    40  ws2812.o(i.WS_Write_RGB_ONE_RING)
    WS_Write_RGB_SEVEN_RING                  0x080031cf   Thumb Code    40  ws2812.o(i.WS_Write_RGB_SEVEN_RING)
    WS_Write_RGB_SIX_RING                    0x080031f7   Thumb Code    40  ws2812.o(i.WS_Write_RGB_SIX_RING)
    WS_Write_RGB_TEN_RING                    0x0800321f   Thumb Code    44  ws2812.o(i.WS_Write_RGB_TEN_RING)
    WS_Write_RGB_THREE_RING                  0x0800324b   Thumb Code    40  ws2812.o(i.WS_Write_RGB_THREE_RING)
    WS_Write_RGB_TWO_RING                    0x08003273   Thumb Code    40  ws2812.o(i.WS_Write_RGB_TWO_RING)
    arrow_LED_cut_down_rectangle             0x080032bd   Thumb Code   346  ws2812.o(i.arrow_LED_cut_down_rectangle)
    get_Control_measure                      0x08003421   Thumb Code    12  can_receive.o(i.get_Control_measure)
    main                                     0x08003431   Thumb Code  3912  main.o(i.main)
    AHBPrescTable                            0x08004378   Data          16  system_stm32f1xx.o(.constdata)
    Region$$Table$$Base                      0x08004388   Number         0  anon$$obj.o(Region$$Table)
    Region$$Table$$Limit                     0x080043a8   Number         0  anon$$obj.o(Region$$Table)
    big_mode                                 0x20000000   Data           2  main.o(.data)
    cntt                                     0x20000002   Data           2  main.o(.data)
    down_cntt                                0x20000004   Data           2  main.o(.data)
    Twinkle_time_cnt                         0x20000006   Data           2  main.o(.data)
    Twinkle_time_cnt_times                   0x20000008   Data           2  main.o(.data)
    buffer_time                              0x2000000a   Data           2  main.o(.data)
    uwTickFreq                               0x2000000c   Data           1  stm32f1xx_hal.o(.data)
    uwTickPrio                               0x20000010   Data           4  stm32f1xx_hal.o(.data)
    uwTick                                   0x20000014   Data           4  stm32f1xx_hal.o(.data)
    SystemCoreClock                          0x20000018   Data           4  system_stm32f1xx.o(.data)
    send_Buf_move_rectangle                  0x2000001e   Data           2  ws2812.o(.data)
    Led_bite_cnt_rectangle                   0x20000020   Data           2  ws2812.o(.data)
    can1_rx_data                             0x2000002c   Data           8  can_receive.o(.data)
    can_Dafu_data                            0x20000034   Data           8  can_protocal.o(.data)
    Rings_Key                                0x20000046   Data          10  main.o(.bss)
    Rings_Key_record                         0x20000050   Data          10  main.o(.bss)
    hcan                                     0x2000005c   Data          40  can.o(.bss)
    htim1                                    0x20000084   Data          72  tim.o(.bss)
    htim2                                    0x200000cc   Data          72  tim.o(.bss)
    htim3                                    0x20000114   Data          72  tim.o(.bss)
    htim4                                    0x2000015c   Data          72  tim.o(.bss)
    hdma_tim1_ch1                            0x200001a4   Data          68  tim.o(.bss)
    hdma_tim1_ch2                            0x200001e8   Data          68  tim.o(.bss)
    hdma_tim2_ch1                            0x2000022c   Data          68  tim.o(.bss)
    hdma_tim2_ch2_ch4                        0x20000270   Data          68  tim.o(.bss)
    hdma_tim3_ch1_trig                       0x200002b4   Data          68  tim.o(.bss)
    hdma_tim4_ch1                            0x200002f8   Data          68  tim.o(.bss)
    send_Buf_rectangle                       0x2000033c   Data       14848  ws2812.o(.bss)
    send_Buf_frame_up                        0x20003d3c   Data        4672  ws2812.o(.bss)
    send_Buf_frame_down                      0x20004f7c   Data        4864  ws2812.o(.bss)
    send_Buf_Circle                          0x2000627c   Data       13648  ws2812.o(.bss)
    send_Buf_frame                           0x200097cc   Data        4144  ws2812.o(.bss)
    hcan1RxFrame                             0x2000a7fc   Data          28  can_receive.o(.bss)
    Board_Can_info                           0x2000a818   Data          14  can_receive.o(.bss)
    Board_Order_info                         0x2000a826   Data          45  can_receive.o(.bss)
    Big_Fu_info                              0x2000a853   Data          40  can_protocal.o(.bss)
    __libspace_start                         0x2000a87c   Data          96  libspace.o(.bss)
    __temporary_stack_top$libspace           0x2000a8dc   Data           0  libspace.o(.bss)



==============================================================================

Memory Map of the image

  Image Entry point : 0x08000131

  Load Region LR_IROM1 (Base: 0x08000000, Size: 0x000043e4, Max: 0x00040000, ABSOLUTE)

    Execution Region ER_IROM1 (Exec base: 0x08000000, Load base: 0x08000000, Size: 0x000043a8, Max: 0x00040000, ABSOLUTE)

    Exec Addr    Load Addr    Size         Type   Attr      Idx    E Section Name        Object

    0x08000000   0x08000000   0x00000130   Data   RO            3    RESET               startup_stm32f103xe.o
    0x08000130   0x08000130   0x00000008   Code   RO         3510  * !!!main             c_w.l(__main.o)
    0x08000138   0x08000138   0x00000034   Code   RO         3667    !!!scatter          c_w.l(__scatter.o)
    0x0800016c   0x0800016c   0x0000001a   Code   RO         3669    !!handler_copy      c_w.l(__scatter_copy.o)
    0x08000186   0x08000186   0x00000002   PAD
    0x08000188   0x08000188   0x0000001c   Code   RO         3671    !!handler_zi        c_w.l(__scatter_zi.o)
    0x080001a4   0x080001a4   0x00000002   Code   RO         3590    .ARM.Collect$$libinit$$00000000  c_w.l(libinit.o)
    0x080001a6   0x080001a6   0x00000000   Code   RO         3514    .ARM.Collect$$libinit$$00000002  c_w.l(libinit2.o)
    0x080001a6   0x080001a6   0x00000000   Code   RO         3516    .ARM.Collect$$libinit$$00000004  c_w.l(libinit2.o)
    0x080001a6   0x080001a6   0x00000000   Code   RO         3519    .ARM.Collect$$libinit$$0000000A  c_w.l(libinit2.o)
    0x080001a6   0x080001a6   0x00000000   Code   RO         3521    .ARM.Collect$$libinit$$0000000C  c_w.l(libinit2.o)
    0x080001a6   0x080001a6   0x00000000   Code   RO         3523    .ARM.Collect$$libinit$$0000000E  c_w.l(libinit2.o)
    0x080001a6   0x080001a6   0x00000000   Code   RO         3526    .ARM.Collect$$libinit$$00000011  c_w.l(libinit2.o)
    0x080001a6   0x080001a6   0x00000000   Code   RO         3528    .ARM.Collect$$libinit$$00000013  c_w.l(libinit2.o)
    0x080001a6   0x080001a6   0x00000000   Code   RO         3530    .ARM.Collect$$libinit$$00000015  c_w.l(libinit2.o)
    0x080001a6   0x080001a6   0x00000000   Code   RO         3532    .ARM.Collect$$libinit$$00000017  c_w.l(libinit2.o)
    0x080001a6   0x080001a6   0x00000000   Code   RO         3534    .ARM.Collect$$libinit$$00000019  c_w.l(libinit2.o)
    0x080001a6   0x080001a6   0x00000000   Code   RO         3536    .ARM.Collect$$libinit$$0000001B  c_w.l(libinit2.o)
    0x080001a6   0x080001a6   0x00000000   Code   RO         3538    .ARM.Collect$$libinit$$0000001D  c_w.l(libinit2.o)
    0x080001a6   0x080001a6   0x00000000   Code   RO         3540    .ARM.Collect$$libinit$$0000001F  c_w.l(libinit2.o)
    0x080001a6   0x080001a6   0x00000000   Code   RO         3542    .ARM.Collect$$libinit$$00000021  c_w.l(libinit2.o)
    0x080001a6   0x080001a6   0x00000000   Code   RO         3544    .ARM.Collect$$libinit$$00000023  c_w.l(libinit2.o)
    0x080001a6   0x080001a6   0x00000000   Code   RO         3546    .ARM.Collect$$libinit$$00000025  c_w.l(libinit2.o)
    0x080001a6   0x080001a6   0x00000000   Code   RO         3550    .ARM.Collect$$libinit$$0000002C  c_w.l(libinit2.o)
    0x080001a6   0x080001a6   0x00000000   Code   RO         3552    .ARM.Collect$$libinit$$0000002E  c_w.l(libinit2.o)
    0x080001a6   0x080001a6   0x00000000   Code   RO         3554    .ARM.Collect$$libinit$$00000030  c_w.l(libinit2.o)
    0x080001a6   0x080001a6   0x00000000   Code   RO         3556    .ARM.Collect$$libinit$$00000032  c_w.l(libinit2.o)
    0x080001a6   0x080001a6   0x00000002   Code   RO         3557    .ARM.Collect$$libinit$$00000033  c_w.l(libinit2.o)
    0x080001a8   0x080001a8   0x00000002   Code   RO         3628    .ARM.Collect$$libshutdown$$00000000  c_w.l(libshutdown.o)
    0x080001aa   0x080001aa   0x00000000   Code   RO         3634    .ARM.Collect$$libshutdown$$00000002  c_w.l(libshutdown2.o)
    0x080001aa   0x080001aa   0x00000000   Code   RO         3636    .ARM.Collect$$libshutdown$$00000004  c_w.l(libshutdown2.o)
    0x080001aa   0x080001aa   0x00000000   Code   RO         3639    .ARM.Collect$$libshutdown$$00000007  c_w.l(libshutdown2.o)
    0x080001aa   0x080001aa   0x00000000   Code   RO         3642    .ARM.Collect$$libshutdown$$0000000A  c_w.l(libshutdown2.o)
    0x080001aa   0x080001aa   0x00000000   Code   RO         3644    .ARM.Collect$$libshutdown$$0000000C  c_w.l(libshutdown2.o)
    0x080001aa   0x080001aa   0x00000000   Code   RO         3647    .ARM.Collect$$libshutdown$$0000000F  c_w.l(libshutdown2.o)
    0x080001aa   0x080001aa   0x00000002   Code   RO         3648    .ARM.Collect$$libshutdown$$00000010  c_w.l(libshutdown2.o)
    0x080001ac   0x080001ac   0x00000000   Code   RO         3512    .ARM.Collect$$rtentry$$00000000  c_w.l(__rtentry.o)
    0x080001ac   0x080001ac   0x00000000   Code   RO         3559    .ARM.Collect$$rtentry$$00000002  c_w.l(__rtentry2.o)
    0x080001ac   0x080001ac   0x00000006   Code   RO         3571    .ARM.Collect$$rtentry$$00000004  c_w.l(__rtentry4.o)
    0x080001b2   0x080001b2   0x00000000   Code   RO         3561    .ARM.Collect$$rtentry$$00000009  c_w.l(__rtentry2.o)
    0x080001b2   0x080001b2   0x00000004   Code   RO         3562    .ARM.Collect$$rtentry$$0000000A  c_w.l(__rtentry2.o)
    0x080001b6   0x080001b6   0x00000000   Code   RO         3564    .ARM.Collect$$rtentry$$0000000C  c_w.l(__rtentry2.o)
    0x080001b6   0x080001b6   0x00000008   Code   RO         3565    .ARM.Collect$$rtentry$$0000000D  c_w.l(__rtentry2.o)
    0x080001be   0x080001be   0x00000002   Code   RO         3596    .ARM.Collect$$rtexit$$00000000  c_w.l(rtexit.o)
    0x080001c0   0x080001c0   0x00000000   Code   RO         3608    .ARM.Collect$$rtexit$$00000002  c_w.l(rtexit2.o)
    0x080001c0   0x080001c0   0x00000004   Code   RO         3609    .ARM.Collect$$rtexit$$00000003  c_w.l(rtexit2.o)
    0x080001c4   0x080001c4   0x00000006   Code   RO         3610    .ARM.Collect$$rtexit$$00000004  c_w.l(rtexit2.o)
    0x080001ca   0x080001ca   0x00000002   PAD
    0x080001cc   0x080001cc   0x00000040   Code   RO            4    .text               startup_stm32f103xe.o
    0x0800020c   0x0800020c   0x0000004e   Code   RO         3506    .text               c_w.l(rt_memclr_w.o)
    0x0800025a   0x0800025a   0x00000006   Code   RO         3508    .text               c_w.l(heapauxi.o)
    0x08000260   0x08000260   0x0000004a   Code   RO         3577    .text               c_w.l(sys_stackheap_outer.o)
    0x080002aa   0x080002aa   0x00000012   Code   RO         3579    .text               c_w.l(exit.o)
    0x080002bc   0x080002bc   0x00000008   Code   RO         3593    .text               c_w.l(libspace.o)
    0x080002c4   0x080002c4   0x00000002   Code   RO         3604    .text               c_w.l(use_no_semi.o)
    0x080002c6   0x080002c6   0x00000000   Code   RO         3606    .text               c_w.l(indicate_semi.o)
    0x080002c6   0x080002c6   0x00000002   PAD
    0x080002c8   0x080002c8   0x0000000c   Code   RO         3620    .text               c_w.l(sys_exit.o)
    0x080002d4   0x080002d4   0x00000064   Code   RO         3405    i.Big_Fu_info_Init  flag_state.o
    0x08000338   0x08000338   0x00000024   Code   RO         3364    i.Board_Info_Tx     can_protocal.o
    0x0800035c   0x0800035c   0x000000c8   Code   RO         3214    i.Board_RX          can_receive.o
    0x08000424   0x08000424   0x0000005c   Code   RO         3178    i.Board_Tx          can_send.o
    0x08000480   0x08000480   0x00000002   Code   RO          434    i.BusFault_Handler  stm32f1xx_it.o
    0x08000482   0x08000482   0x00000002   PAD
    0x08000484   0x08000484   0x0000003c   Code   RO         3215    i.CAN1_Init         can_receive.o
    0x080004c0   0x080004c0   0x0000000c   Code   RO          435    i.CAN1_RX1_IRQHandler  stm32f1xx_it.o
    0x080004cc   0x080004cc   0x0000000c   Code   RO         3365    i.CAN1_rxDataHandler  can_protocal.o
    0x080004d8   0x080004d8   0x0000000c   Code   RO          436    i.DMA1_Channel1_IRQHandler  stm32f1xx_it.o
    0x080004e4   0x080004e4   0x0000000c   Code   RO          437    i.DMA1_Channel2_IRQHandler  stm32f1xx_it.o
    0x080004f0   0x080004f0   0x0000000c   Code   RO          438    i.DMA1_Channel3_IRQHandler  stm32f1xx_it.o
    0x080004fc   0x080004fc   0x0000000c   Code   RO          439    i.DMA1_Channel5_IRQHandler  stm32f1xx_it.o
    0x08000508   0x08000508   0x0000000c   Code   RO          440    i.DMA1_Channel6_IRQHandler  stm32f1xx_it.o
    0x08000514   0x08000514   0x0000000c   Code   RO          441    i.DMA1_Channel7_IRQHandler  stm32f1xx_it.o
    0x08000520   0x08000520   0x0000002a   Code   RO         1230    i.DMA_SetConfig     stm32f1xx_hal_dma.o
    0x0800054a   0x0800054a   0x00000002   Code   RO          442    i.DebugMon_Handler  stm32f1xx_it.o
    0x0800054c   0x0800054c   0x00000004   Code   RO           13    i.Error_Handler     main.o
    0x08000550   0x08000550   0x00000024   Code   RO          619    i.HAL_CAN_ActivateNotification  stm32f1xx_hal_can.o
    0x08000574   0x08000574   0x000000c8   Code   RO          620    i.HAL_CAN_AddTxMessage  stm32f1xx_hal_can.o
    0x0800063c   0x0800063c   0x000000ee   Code   RO          621    i.HAL_CAN_ConfigFilter  stm32f1xx_hal_can.o
    0x0800072a   0x0800072a   0x00000002   Code   RO          624    i.HAL_CAN_ErrorCallback  stm32f1xx_hal_can.o
    0x0800072c   0x0800072c   0x000000e8   Code   RO          627    i.HAL_CAN_GetRxMessage  stm32f1xx_hal_can.o
    0x08000814   0x08000814   0x000001fc   Code   RO          631    i.HAL_CAN_IRQHandler  stm32f1xx_hal_can.o
    0x08000a10   0x08000a10   0x0000011a   Code   RO          632    i.HAL_CAN_Init      stm32f1xx_hal_can.o
    0x08000b2a   0x08000b2a   0x00000002   PAD
    0x08000b2c   0x08000b2c   0x0000008c   Code   RO          288    i.HAL_CAN_MspInit   can.o
    0x08000bb8   0x08000bb8   0x00000002   Code   RO          639    i.HAL_CAN_RxFifo0FullCallback  stm32f1xx_hal_can.o
    0x08000bba   0x08000bba   0x00000002   PAD
    0x08000bbc   0x08000bbc   0x0000002c   Code   RO         3217    i.HAL_CAN_RxFifo0MsgPendingCallback  can_receive.o
    0x08000be8   0x08000be8   0x00000002   Code   RO          641    i.HAL_CAN_RxFifo1FullCallback  stm32f1xx_hal_can.o
    0x08000bea   0x08000bea   0x00000002   Code   RO          642    i.HAL_CAN_RxFifo1MsgPendingCallback  stm32f1xx_hal_can.o
    0x08000bec   0x08000bec   0x00000002   Code   RO          643    i.HAL_CAN_SleepCallback  stm32f1xx_hal_can.o
    0x08000bee   0x08000bee   0x00000002   PAD
    0x08000bf0   0x08000bf0   0x00000058   Code   RO          644    i.HAL_CAN_Start     stm32f1xx_hal_can.o
    0x08000c48   0x08000c48   0x00000002   Code   RO          646    i.HAL_CAN_TxMailbox0AbortCallback  stm32f1xx_hal_can.o
    0x08000c4a   0x08000c4a   0x00000002   Code   RO          647    i.HAL_CAN_TxMailbox0CompleteCallback  stm32f1xx_hal_can.o
    0x08000c4c   0x08000c4c   0x00000002   Code   RO          648    i.HAL_CAN_TxMailbox1AbortCallback  stm32f1xx_hal_can.o
    0x08000c4e   0x08000c4e   0x00000002   Code   RO          649    i.HAL_CAN_TxMailbox1CompleteCallback  stm32f1xx_hal_can.o
    0x08000c50   0x08000c50   0x00000002   Code   RO          650    i.HAL_CAN_TxMailbox2AbortCallback  stm32f1xx_hal_can.o
    0x08000c52   0x08000c52   0x00000002   Code   RO          651    i.HAL_CAN_TxMailbox2CompleteCallback  stm32f1xx_hal_can.o
    0x08000c54   0x08000c54   0x00000002   Code   RO          653    i.HAL_CAN_WakeUpFromRxMsgCallback  stm32f1xx_hal_can.o
    0x08000c56   0x08000c56   0x00000002   PAD
    0x08000c58   0x08000c58   0x00000130   Code   RO         1232    i.HAL_DMA_Abort_IT  stm32f1xx_hal_dma.o
    0x08000d88   0x08000d88   0x00000248   Code   RO         1236    i.HAL_DMA_IRQHandler  stm32f1xx_hal_dma.o
    0x08000fd0   0x08000fd0   0x0000007c   Code   RO         1237    i.HAL_DMA_Init      stm32f1xx_hal_dma.o
    0x0800104c   0x0800104c   0x00000070   Code   RO         1241    i.HAL_DMA_Start_IT  stm32f1xx_hal_dma.o
    0x080010bc   0x080010bc   0x00000024   Code   RO          859    i.HAL_Delay         stm32f1xx_hal.o
    0x080010e0   0x080010e0   0x000001f8   Code   RO         1167    i.HAL_GPIO_Init     stm32f1xx_hal_gpio.o
    0x080012d8   0x080012d8   0x0000000a   Code   RO         1169    i.HAL_GPIO_ReadPin  stm32f1xx_hal_gpio.o
    0x080012e2   0x080012e2   0x00000002   PAD
    0x080012e4   0x080012e4   0x0000000c   Code   RO          863    i.HAL_GetTick       stm32f1xx_hal.o
    0x080012f0   0x080012f0   0x00000010   Code   RO          869    i.HAL_IncTick       stm32f1xx_hal.o
    0x08001300   0x08001300   0x00000024   Code   RO          870    i.HAL_Init          stm32f1xx_hal.o
    0x08001324   0x08001324   0x00000040   Code   RO          871    i.HAL_InitTick      stm32f1xx_hal.o
    0x08001364   0x08001364   0x0000003c   Code   RO          558    i.HAL_MspInit       stm32f1xx_hal_msp.o
    0x080013a0   0x080013a0   0x0000001a   Code   RO         1327    i.HAL_NVIC_EnableIRQ  stm32f1xx_hal_cortex.o
    0x080013ba   0x080013ba   0x00000002   PAD
    0x080013bc   0x080013bc   0x00000040   Code   RO         1333    i.HAL_NVIC_SetPriority  stm32f1xx_hal_cortex.o
    0x080013fc   0x080013fc   0x00000024   Code   RO         1334    i.HAL_NVIC_SetPriorityGrouping  stm32f1xx_hal_cortex.o
    0x08001420   0x08001420   0x0000012c   Code   RO         1027    i.HAL_RCC_ClockConfig  stm32f1xx_hal_rcc.o
    0x0800154c   0x0800154c   0x0000006c   Code   RO         1036    i.HAL_RCC_GetSysClockFreq  stm32f1xx_hal_rcc.o
    0x080015b8   0x080015b8   0x00000320   Code   RO         1039    i.HAL_RCC_OscConfig  stm32f1xx_hal_rcc.o
    0x080018d8   0x080018d8   0x00000028   Code   RO         1338    i.HAL_SYSTICK_Config  stm32f1xx_hal_cortex.o
    0x08001900   0x08001900   0x00000054   Code   RO         2536    i.HAL_TIMEx_ConfigBreakDeadTime  stm32f1xx_hal_tim_ex.o
    0x08001954   0x08001954   0x0000007c   Code   RO         2552    i.HAL_TIMEx_MasterConfigSynchronization  stm32f1xx_hal_tim_ex.o
    0x080019d0   0x080019d0   0x0000005a   Code   RO         1829    i.HAL_TIM_Base_Init  stm32f1xx_hal_tim.o
    0x08001a2a   0x08001a2a   0x00000002   PAD
    0x08001a2c   0x08001a2c   0x00000120   Code   RO          357    i.HAL_TIM_Base_MspInit  tim.o
    0x08001b4c   0x08001b4c   0x000000d6   Code   RO         1838    i.HAL_TIM_ConfigClockSource  stm32f1xx_hal_tim.o
    0x08001c22   0x08001c22   0x00000002   Code   RO         1859    i.HAL_TIM_ErrorCallback  stm32f1xx_hal_tim.o
    0x08001c24   0x08001c24   0x000000d8   Code   RO          358    i.HAL_TIM_MspPostInit  tim.o
    0x08001cfc   0x08001cfc   0x000000c6   Code   RO         1901    i.HAL_TIM_PWM_ConfigChannel  stm32f1xx_hal_tim.o
    0x08001dc2   0x08001dc2   0x0000005a   Code   RO         1904    i.HAL_TIM_PWM_Init  stm32f1xx_hal_tim.o
    0x08001e1c   0x08001e1c   0x000000ec   Code   RO          360    i.HAL_TIM_PWM_MspInit  tim.o
    0x08001f08   0x08001f08   0x00000002   Code   RO         2839    i.HAL_TIM_PWM_PulseFinishedCallback  ws2812.o
    0x08001f0a   0x08001f0a   0x00000002   Code   RO         1908    i.HAL_TIM_PWM_PulseFinishedHalfCpltCallback  stm32f1xx_hal_tim.o
    0x08001f0c   0x08001f0c   0x0000019c   Code   RO         1910    i.HAL_TIM_PWM_Start_DMA  stm32f1xx_hal_tim.o
    0x080020a8   0x080020a8   0x000000c0   Code   RO         1913    i.HAL_TIM_PWM_Stop_DMA  stm32f1xx_hal_tim.o
    0x08002168   0x08002168   0x00000002   Code   RO          443    i.HardFault_Handler  stm32f1xx_it.o
    0x0800216a   0x0800216a   0x00000002   PAD
    0x0800216c   0x0800216c   0x000000f0   Code   RO         2840    i.LED_Blue_rectangle_current  ws2812.o
    0x0800225c   0x0800225c   0x00000044   Code   RO          289    i.MX_CAN_Init       can.o
    0x080022a0   0x080022a0   0x0000007c   Code   RO          329    i.MX_DMA_Init       dma.o
    0x0800231c   0x0800231c   0x00000090   Code   RO          179    i.MX_GPIO_Init      gpio.o
    0x080023ac   0x080023ac   0x000000dc   Code   RO          361    i.MX_TIM1_Init      tim.o
    0x08002488   0x08002488   0x000000a8   Code   RO          362    i.MX_TIM2_Init      tim.o
    0x08002530   0x08002530   0x00000070   Code   RO          363    i.MX_TIM3_Init      tim.o
    0x080025a0   0x080025a0   0x00000070   Code   RO          364    i.MX_TIM4_Init      tim.o
    0x08002610   0x08002610   0x00000002   Code   RO          444    i.MemManage_Handler  stm32f1xx_it.o
    0x08002612   0x08002612   0x00000002   Code   RO          445    i.NMI_Handler       stm32f1xx_it.o
    0x08002614   0x08002614   0x00000002   Code   RO          446    i.PendSV_Handler    stm32f1xx_it.o
    0x08002616   0x08002616   0x00000002   Code   RO          447    i.SVC_Handler       stm32f1xx_it.o
    0x08002618   0x08002618   0x00000004   Code   RO          448    i.SysTick_Handler   stm32f1xx_it.o
    0x0800261c   0x0800261c   0x0000005e   Code   RO           14    i.SystemClock_Config  main.o
    0x0800267a   0x0800267a   0x00000002   Code   RO         2801    i.SystemInit        system_stm32f1xx.o
    0x0800267c   0x0800267c   0x0000008c   Code   RO         1922    i.TIM_Base_SetConfig  stm32f1xx_hal_tim.o
    0x08002708   0x08002708   0x0000001a   Code   RO         1923    i.TIM_CCxChannelCmd  stm32f1xx_hal_tim.o
    0x08002722   0x08002722   0x0000005e   Code   RO         1926    i.TIM_DMADelayPulseCplt  stm32f1xx_hal_tim.o
    0x08002780   0x08002780   0x00000038   Code   RO         1927    i.TIM_DMADelayPulseHalfCplt  stm32f1xx_hal_tim.o
    0x080027b8   0x080027b8   0x00000054   Code   RO         1928    i.TIM_DMAError      stm32f1xx_hal_tim.o
    0x0800280c   0x0800280c   0x00000014   Code   RO         1933    i.TIM_ETR_SetConfig  stm32f1xx_hal_tim.o
    0x08002820   0x08002820   0x00000010   Code   RO         1934    i.TIM_ITRx_SetConfig  stm32f1xx_hal_tim.o
    0x08002830   0x08002830   0x00000060   Code   RO         1935    i.TIM_OC1_SetConfig  stm32f1xx_hal_tim.o
    0x08002890   0x08002890   0x0000006c   Code   RO         1936    i.TIM_OC2_SetConfig  stm32f1xx_hal_tim.o
    0x080028fc   0x080028fc   0x00000068   Code   RO         1937    i.TIM_OC3_SetConfig  stm32f1xx_hal_tim.o
    0x08002964   0x08002964   0x00000050   Code   RO         1938    i.TIM_OC4_SetConfig  stm32f1xx_hal_tim.o
    0x080029b4   0x080029b4   0x00000022   Code   RO         1940    i.TIM_TI1_ConfigInputStage  stm32f1xx_hal_tim.o
    0x080029d6   0x080029d6   0x00000024   Code   RO         1942    i.TIM_TI2_ConfigInputStage  stm32f1xx_hal_tim.o
    0x080029fa   0x080029fa   0x00000002   PAD
    0x080029fc   0x080029fc   0x0000000c   Code   RO          449    i.USB_LP_CAN1_RX0_IRQHandler  stm32f1xx_it.o
    0x08002a08   0x08002a08   0x00000002   Code   RO          450    i.UsageFault_Handler  stm32f1xx_it.o
    0x08002a0a   0x08002a0a   0x0000000a   Code   RO         2844    i.WS281x_Color      ws2812.o
    0x08002a14   0x08002a14   0x00000044   Code   RO         2847    i.WS281x_SetPixelRGB_CIR  ws2812.o
    0x08002a58   0x08002a58   0x00000044   Code   RO         2848    i.WS281x_SetPixelRGB_FRAME  ws2812.o
    0x08002a9c   0x08002a9c   0x00000044   Code   RO         2849    i.WS281x_SetPixelRGB_FRAME_DOWN  ws2812.o
    0x08002ae0   0x08002ae0   0x00000044   Code   RO         2850    i.WS281x_SetPixelRGB_FRAME_UP  ws2812.o
    0x08002b24   0x08002b24   0x00000034   Code   RO         2851    i.WS_CloseAll_Circle  ws2812.o
    0x08002b58   0x08002b58   0x00000018   Code   RO         2856    i.WS_Load_Circle    ws2812.o
    0x08002b70   0x08002b70   0x00000018   Code   RO         2857    i.WS_Load_Frame     ws2812.o
    0x08002b88   0x08002b88   0x00000018   Code   RO         2858    i.WS_Load_frame_down  ws2812.o
    0x08002ba0   0x08002ba0   0x00000018   Code   RO         2859    i.WS_Load_frame_up  ws2812.o
    0x08002bb8   0x08002bb8   0x00000018   Code   RO         2860    i.WS_Load_rectangle  ws2812.o
    0x08002bd0   0x08002bd0   0x00000028   Code   RO         2861    i.WS_WriteAll_RGB_FRAME  ws2812.o
    0x08002bf8   0x08002bf8   0x00000028   Code   RO         2862    i.WS_WriteAll_RGB_FRAME_DOWN  ws2812.o
    0x08002c20   0x08002c20   0x00000028   Code   RO         2865    i.WS_WriteAll_RGB_FRAME_UP  ws2812.o
    0x08002c48   0x08002c48   0x000000a4   Code   RO         2867    i.WS_WriteAll_RGB_REC  ws2812.o
    0x08002cec   0x08002cec   0x00000130   Code   RO         2870    i.WS_Write_Cross    ws2812.o
    0x08002e1c   0x08002e1c   0x000001ac   Code   RO         2872    i.WS_Write_Part_RGB_FRAME2  ws2812.o
    0x08002fc8   0x08002fc8   0x00000134   Code   RO         2873    i.WS_Write_Part_RGB_REC  ws2812.o
    0x080030fc   0x080030fc   0x0000002c   Code   RO         2876    i.WS_Write_RGB_EIGHT_RING  ws2812.o
    0x08003128   0x08003128   0x00000028   Code   RO         2877    i.WS_Write_RGB_FIVE_RING  ws2812.o
    0x08003150   0x08003150   0x00000028   Code   RO         2878    i.WS_Write_RGB_FOUR_RING  ws2812.o
    0x08003178   0x08003178   0x0000002e   Code   RO         2879    i.WS_Write_RGB_NINE_RING  ws2812.o
    0x080031a6   0x080031a6   0x00000028   Code   RO         2880    i.WS_Write_RGB_ONE_RING  ws2812.o
    0x080031ce   0x080031ce   0x00000028   Code   RO         2881    i.WS_Write_RGB_SEVEN_RING  ws2812.o
    0x080031f6   0x080031f6   0x00000028   Code   RO         2882    i.WS_Write_RGB_SIX_RING  ws2812.o
    0x0800321e   0x0800321e   0x0000002c   Code   RO         2883    i.WS_Write_RGB_TEN_RING  ws2812.o
    0x0800324a   0x0800324a   0x00000028   Code   RO         2884    i.WS_Write_RGB_THREE_RING  ws2812.o
    0x08003272   0x08003272   0x00000028   Code   RO         2885    i.WS_Write_RGB_TWO_RING  ws2812.o
    0x0800329a   0x0800329a   0x00000020   Code   RO         1340    i.__NVIC_SetPriority  stm32f1xx_hal_cortex.o
    0x080032ba   0x080032ba   0x00000002   PAD
    0x080032bc   0x080032bc   0x00000164   Code   RO         2887    i.arrow_LED_cut_down_rectangle  ws2812.o
    0x08003420   0x08003420   0x00000010   Code   RO         3222    i.get_Control_measure  can_receive.o
    0x08003430   0x08003430   0x00000f48   Code   RO           15    i.main              main.o
    0x08004378   0x08004378   0x00000010   Data   RO         2802    .constdata          system_stm32f1xx.o
    0x08004388   0x08004388   0x00000020   Data   RO         3665    Region$$Table       anon$$obj.o


    Execution Region RW_IRAM1 (Exec base: 0x20000000, Load base: 0x080043a8, Size: 0x0000aee0, Max: 0x0000c000, ABSOLUTE)

    Exec Addr    Load Addr    Size         Type   Attr      Idx    E Section Name        Object

    0x20000000   0x080043a8   0x0000000c   Data   RW           17    .data               main.o
    0x2000000c   0x080043b4   0x0000000c   Data   RW          877    .data               stm32f1xx_hal.o
    0x20000018   0x080043c0   0x00000004   Data   RW         2804    .data               system_stm32f1xx.o
    0x2000001c   0x080043c4   0x00000010   Data   RW         2890    .data               ws2812.o
    0x2000002c   0x080043d4   0x00000008   Data   RW         3227    .data               can_receive.o
    0x20000034   0x080043dc   0x00000008   Data   RW         3367    .data               can_protocal.o
    0x2000003c        -       0x0000001e   Zero   RW           16    .bss                main.o
    0x2000005a   0x080043e4   0x00000002   PAD
    0x2000005c        -       0x00000028   Zero   RW          290    .bss                can.o
    0x20000084        -       0x000002b8   Zero   RW          365    .bss                tim.o
    0x2000033c        -       0x0000a4c0   Zero   RW         2889    .bss                ws2812.o
    0x2000a7fc        -       0x00000057   Zero   RW         3225    .bss                can_receive.o
    0x2000a853        -       0x00000028   Zero   RW         3366    .bss                can_protocal.o
    0x2000a87b   0x080043e4   0x00000001   PAD
    0x2000a87c        -       0x00000060   Zero   RW         3594    .bss                c_w.l(libspace.o)
    0x2000a8dc   0x080043e4   0x00000004   PAD
    0x2000a8e0        -       0x00000200   Zero   RW            2    HEAP                startup_stm32f103xe.o
    0x2000aae0        -       0x00000400   Zero   RW            1    STACK               startup_stm32f103xe.o


==============================================================================

Image component sizes


      Code (inc. data)   RO Data    RW Data    ZI Data      Debug   Object Name

       208         20          0          0         40       1647   can.o
        48         16          0          8         40       2261   can_protocal.o
       320         30          0          8         87     405508   can_receive.o
        92          6          0          0          0       1756   can_send.o
       124          4          0          0          0        790   dma.o
       100          0          0          0          0     402764   flag_state.o
       144         14          0          0          0     483763   gpio.o
      4010         40          0         12         30      53938   main.o
        64         26        304          0       1536        808   startup_stm32f103xe.o
       164         28          0         12          0       6485   stm32f1xx_hal.o
      1608          0          0          0          0      13579   stm32f1xx_hal_can.o
       198         14          0          0          0      28923   stm32f1xx_hal_cortex.o
      1166         52          0          0          0       4434   stm32f1xx_hal_dma.o
       514         42          0          0          0       2895   stm32f1xx_hal_gpio.o
        60          8          0          0          0        866   stm32f1xx_hal_msp.o
      1208         76          0          0          0       4054   stm32f1xx_hal_rcc.o
      2094         98          0          0          0      16032   stm32f1xx_hal_tim.o
       208         20          0          0          0       2104   stm32f1xx_hal_tim_ex.o
       116         48          0          0          0       7407   stm32f1xx_it.o
         2          0         16          4          0       1107   system_stm32f1xx.o
      1352        108          0          0        696       5906   tim.o
      2790        110          0         16      42176      26462   ws2812.o

    ----------------------------------------------------------------------
     16612        760        352         60      44608    1473489   Object Totals
         0          0         32          0          0          0   (incl. Generated)
        22          0          0          0          3          0   (incl. Padding)

    ----------------------------------------------------------------------

      Code (inc. data)   RO Data    RW Data    ZI Data      Debug   Library Member Name

         8          0          0          0          0         68   __main.o
         0          0          0          0          0          0   __rtentry.o
        12          0          0          0          0          0   __rtentry2.o
         6          0          0          0          0          0   __rtentry4.o
        52          8          0          0          0          0   __scatter.o
        26          0          0          0          0          0   __scatter_copy.o
        28          0          0          0          0          0   __scatter_zi.o
        18          0          0          0          0         80   exit.o
         6          0          0          0          0        152   heapauxi.o
         0          0          0          0          0          0   indicate_semi.o
         2          0          0          0          0          0   libinit.o
         2          0          0          0          0          0   libinit2.o
         2          0          0          0          0          0   libshutdown.o
         2          0          0          0          0          0   libshutdown2.o
         8          4          0          0         96         68   libspace.o
        78          0          0          0          0         80   rt_memclr_w.o
         2          0          0          0          0          0   rtexit.o
        10          0          0          0          0          0   rtexit2.o
        12          4          0          0          0         68   sys_exit.o
        74          0          0          0          0         80   sys_stackheap_outer.o
         2          0          0          0          0         68   use_no_semi.o

    ----------------------------------------------------------------------
       356         16          0          0        100        664   Library Totals
         6          0          0          0          4          0   (incl. Padding)

    ----------------------------------------------------------------------

      Code (inc. data)   RO Data    RW Data    ZI Data      Debug   Library Name

       350         16          0          0         96        664   c_w.l

    ----------------------------------------------------------------------
       356         16          0          0        100        664   Library Totals

    ----------------------------------------------------------------------

==============================================================================


      Code (inc. data)   RO Data    RW Data    ZI Data      Debug   

     16968        776        352         60      44708    1467285   Grand Totals
     16968        776        352         60      44708    1467285   ELF Image Totals
     16968        776        352         60          0          0   ROM Totals

==============================================================================

    Total RO  Size (Code + RO Data)                17320 (  16.91kB)
    Total RW  Size (RW Data + ZI Data)             44768 (  43.72kB)
    Total ROM Size (Code + RO Data + RW Data)      17380 (  16.97kB)

==============================================================================

