Component: ARM Compiler 5.06 update 6 (build 750) Tool: armlink [4d35ed]

==============================================================================

Section Cross References

    startup_stm32f407xx.o(RESET) refers to startup_stm32f407xx.o(STACK) for __initial_sp
    startup_stm32f407xx.o(RESET) refers to startup_stm32f407xx.o(.text) for Reset_Handler
    startup_stm32f407xx.o(RESET) refers to stm32f4xx_it.o(i.NMI_Handler) for NMI_Handler
    startup_stm32f407xx.o(RESET) refers to stm32f4xx_it.o(i.HardFault_Handler) for HardFault_Handler
    startup_stm32f407xx.o(RESET) refers to stm32f4xx_it.o(i.MemManage_Handler) for MemManage_Handler
    startup_stm32f407xx.o(RESET) refers to stm32f4xx_it.o(i.BusFault_Handler) for BusFault_Handler
    startup_stm32f407xx.o(RESET) refers to stm32f4xx_it.o(i.UsageFault_Handler) for UsageFault_Handler
    startup_stm32f407xx.o(RESET) refers to port.o(.emb_text) for SVC_Handler
    startup_stm32f407xx.o(RESET) refers to stm32f4xx_it.o(i.DebugMon_Handler) for DebugMon_Handler
    startup_stm32f407xx.o(RESET) refers to stm32f4xx_it.o(i.SysTick_Handler) for SysTick_Handler
    startup_stm32f407xx.o(RESET) refers to stm32f4xx_it.o(i.DMA1_Stream5_IRQHandler) for DMA1_Stream5_IRQHandler
    startup_stm32f407xx.o(RESET) refers to stm32f4xx_it.o(i.DMA1_Stream6_IRQHandler) for DMA1_Stream6_IRQHandler
    startup_stm32f407xx.o(RESET) refers to stm32f4xx_it.o(i.CAN1_TX_IRQHandler) for CAN1_TX_IRQHandler
    startup_stm32f407xx.o(RESET) refers to stm32f4xx_it.o(i.CAN1_RX0_IRQHandler) for CAN1_RX0_IRQHandler
    startup_stm32f407xx.o(RESET) refers to stm32f4xx_it.o(i.CAN1_RX1_IRQHandler) for CAN1_RX1_IRQHandler
    startup_stm32f407xx.o(RESET) refers to stm32f4xx_it.o(i.USART2_IRQHandler) for USART2_IRQHandler
    startup_stm32f407xx.o(RESET) refers to remote_control.o(i.USART3_IRQHandler) for USART3_IRQHandler
    startup_stm32f407xx.o(RESET) refers to stm32f4xx_it.o(i.DMA2_Stream1_IRQHandler) for DMA2_Stream1_IRQHandler
    startup_stm32f407xx.o(RESET) refers to stm32f4xx_it.o(i.DMA2_Stream3_IRQHandler) for DMA2_Stream3_IRQHandler
    startup_stm32f407xx.o(RESET) refers to stm32f4xx_it.o(i.DMA2_Stream4_IRQHandler) for DMA2_Stream4_IRQHandler
    startup_stm32f407xx.o(RESET) refers to stm32f4xx_it.o(i.CAN2_TX_IRQHandler) for CAN2_TX_IRQHandler
    startup_stm32f407xx.o(RESET) refers to stm32f4xx_it.o(i.CAN2_RX0_IRQHandler) for CAN2_RX0_IRQHandler
    startup_stm32f407xx.o(RESET) refers to stm32f4xx_it.o(i.CAN2_RX1_IRQHandler) for CAN2_RX1_IRQHandler
    startup_stm32f407xx.o(RESET) refers to stm32f4xx_it.o(i.DMA2_Stream6_IRQHandler) for DMA2_Stream6_IRQHandler
    startup_stm32f407xx.o(RESET) refers to stm32f4xx_it.o(i.USART6_IRQHandler) for USART6_IRQHandler
    startup_stm32f407xx.o(.text) refers to system_stm32f4xx.o(i.SystemInit) for SystemInit
    startup_stm32f407xx.o(.text) refers to entry.o(.ARM.Collect$$$$00000000) for __main
    main.o(i.SystemClock_Config) refers to memseta.o(.text) for __aeabi_memclr4
    main.o(i.SystemClock_Config) refers to stm32f4xx_hal_rcc.o(i.HAL_RCC_OscConfig) for HAL_RCC_OscConfig
    main.o(i.SystemClock_Config) refers to main.o(i.Error_Handler) for Error_Handler
    main.o(i.SystemClock_Config) refers to stm32f4xx_hal_rcc.o(i.HAL_RCC_ClockConfig) for HAL_RCC_ClockConfig
    main.o(i.main) refers to stm32f4xx_hal.o(i.HAL_Init) for HAL_Init
    main.o(i.main) refers to main.o(i.SystemClock_Config) for SystemClock_Config
    main.o(i.main) refers to gpio.o(i.MX_GPIO_Init) for MX_GPIO_Init
    main.o(i.main) refers to dma.o(i.MX_DMA_Init) for MX_DMA_Init
    main.o(i.main) refers to can.o(i.MX_CAN1_Init) for MX_CAN1_Init
    main.o(i.main) refers to can.o(i.MX_CAN2_Init) for MX_CAN2_Init
    main.o(i.main) refers to tim.o(i.MX_TIM8_Init) for MX_TIM8_Init
    main.o(i.main) refers to usart.o(i.MX_USART2_UART_Init) for MX_USART2_UART_Init
    main.o(i.main) refers to usart.o(i.MX_USART6_UART_Init) for MX_USART6_UART_Init
    main.o(i.main) refers to tim.o(i.MX_TIM1_Init) for MX_TIM1_Init
    main.o(i.main) refers to bluetooth_receive.o(i.Bluetooth_Init) for Bluetooth_Init
    main.o(i.main) refers to bsp_can.o(i.can_filter_init) for can_filter_init
    main.o(i.main) refers to freertos.o(i.MX_FREERTOS_Init) for MX_FREERTOS_Init
    main.o(i.main) refers to cmsis_os.o(i.osKernelStart) for osKernelStart
    gpio.o(i.MX_GPIO_Init) refers to memseta.o(.text) for __aeabi_memclr4
    gpio.o(i.MX_GPIO_Init) refers to stm32f4xx_hal_gpio.o(i.HAL_GPIO_Init) for HAL_GPIO_Init
    freertos.o(i.M15_task) refers to cmsis_os.o(i.osDelay) for osDelay
    freertos.o(i.MX_FREERTOS_Init) refers to memcpya.o(.text) for __aeabi_memcpy4
    freertos.o(i.MX_FREERTOS_Init) refers to cmsis_os.o(i.osThreadCreate) for osThreadCreate
    freertos.o(i.MX_FREERTOS_Init) refers to freertos.o(.constdata) for .constdata
    freertos.o(i.MX_FREERTOS_Init) refers to freertos.o(.data) for defaultTaskHandle
    freertos.o(i.StartDefaultTask) refers to cmsis_os.o(i.osDelay) for osDelay
[...]
    i.vApplicationGetIdleTaskMemory          0x08006a64   Section        0  freertos.o(i.vApplicationGetIdleTaskMemory)
    i.vListInitialise                        0x08006a7c   Section        0  list.o(i.vListInitialise)
    i.vListInitialiseItem                    0x08006a96   Section        0  list.o(i.vListInitialiseItem)
    i.vListInsert                            0x08006a9c   Section        0  list.o(i.vListInsert)
    i.vListInsertEnd                         0x08006ad0   Section        0  list.o(i.vListInsertEnd)
    i.vPortEnterCritical                     0x08006ae8   Section        0  port.o(i.vPortEnterCritical)
    i.vPortExitCritical                      0x08006b3c   Section        0  port.o(i.vPortExitCritical)
    i.vPortFree                              0x08006b78   Section        0  heap_4.o(i.vPortFree)
    i.vPortSetupTimerInterrupt               0x08006c1c   Section        0  port.o(i.vPortSetupTimerInterrupt)
    i.vTaskDelay                             0x08006c44   Section        0  tasks.o(i.vTaskDelay)
    i.vTaskStartScheduler                    0x08006ca0   Section        0  tasks.o(i.vTaskStartScheduler)
    i.vTaskSuspendAll                        0x08006d50   Section        0  tasks.o(i.vTaskSuspendAll)
    i.vTaskSwitchContext                     0x08006d60   Section        0  tasks.o(i.vTaskSwitchContext)
    i.xPortStartScheduler                    0x08006dec   Section        0  port.o(i.xPortStartScheduler)
    i.xPortSysTickHandler                    0x08006f54   Section        0  port.o(i.xPortSysTickHandler)
    i.xTaskCreate                            0x08006f88   Section        0  tasks.o(i.xTaskCreate)
    i.xTaskCreateStatic                      0x08006fec   Section        0  tasks.o(i.xTaskCreateStatic)
    i.xTaskGetSchedulerState                 0x080070a8   Section        0  tasks.o(i.xTaskGetSchedulerState)
    i.xTaskIncrementTick                     0x080070c8   Section        0  tasks.o(i.xTaskIncrementTick)
    i.xTaskResumeAll                         0x08007210   Section        0  tasks.o(i.xTaskResumeAll)
    .constdata                               0x08007314   Section      112  freertos.o(.constdata)
    .constdata                               0x08007384   Section        8  stm32f4xx_hal_dma.o(.constdata)
    flagBitshiftOffset                       0x08007384   Data           8  stm32f4xx_hal_dma.o(.constdata)
    .constdata                               0x0800738c   Section       24  system_stm32f4xx.o(.constdata)
    .constdata                               0x080073a4   Section       12  motor_task.o(.constdata)
    .constdata                               0x080073b0   Section       48  cos_i.o(.constdata)
    C                                        0x080073b0   Data          48  cos_i.o(.constdata)
    .constdata                               0x080073e0   Section      200  rred.o(.constdata)
    pio2s                                    0x080073e0   Data          48  rred.o(.constdata)
    twooverpi                                0x08007410   Data         152  rred.o(.constdata)
    .constdata                               0x080074a8   Section       40  sin_i.o(.constdata)
    S                                        0x080074a8   Data          40  sin_i.o(.constdata)
    .conststring                             0x080074d0   Section       26  freertos.o(.conststring)
    .data                                    0x20000000   Section       16  freertos.o(.data)
    .data                                    0x20000010   Section        4  can.o(.data)
    HAL_RCC_CAN1_CLK_ENABLED                 0x20000010   Data           4  can.o(.data)
    .data                                    0x20000014   Section        9  stm32f4xx_hal.o(.data)
    .data                                    0x20000020   Section        4  system_stm32f4xx.o(.data)
    .data                                    0x20000024   Section       60  tasks.o(.data)
    pxDelayedTaskList                        0x20000028   Data           4  tasks.o(.data)
    pxOverflowDelayedTaskList                0x2000002c   Data           4  tasks.o(.data)
    uxDeletedTasksWaitingCleanUp             0x20000030   Data           4  tasks.o(.data)
    uxCurrentNumberOfTasks                   0x20000034   Data           4  tasks.o(.data)
    xTickCount                               0x20000038   Data           4  tasks.o(.data)
    uxTopReadyPriority                       0x2000003c   Data           4  tasks.o(.data)
    xSchedulerRunning                        0x20000040   Data           4  tasks.o(.data)
    xPendedTicks                             0x20000044   Data           4  tasks.o(.data)
    xYieldPending                            0x20000048   Data           4  tasks.o(.data)
    xNumOfOverflows                          0x2000004c   Data           4  tasks.o(.data)
    uxTaskNumber                             0x20000050   Data           4  tasks.o(.data)
    xNextTaskUnblockTime                     0x20000054   Data           4  tasks.o(.data)
    xIdleTaskHandle                          0x20000058   Data           4  tasks.o(.data)
    uxSchedulerSuspended                     0x2000005c   Data           4  tasks.o(.data)
    .data                                    0x20000060   Section       32  heap_4.o(.data)
    xStart                                   0x20000060   Data           8  heap_4.o(.data)
    pxEnd                                    0x20000068   Data           4  heap_4.o(.data)
    xFreeBytesRemaining                      0x2000006c   Data           4  heap_4.o(.data)
    xMinimumEverFreeBytesRemaining           0x20000070   Data           4  heap_4.o(.data)
    xNumberOfSuccessfulAllocations           0x20000074   Data           4  heap_4.o(.data)
    xNumberOfSuccessfulFrees                 0x20000078   Data           4  heap_4.o(.data)
    xBlockAllocatedBit                       0x2000007c   Data           4  heap_4.o(.data)
    .data                                    0x20000080   Section       12  port.o(.data)
    uxCriticalNesting                        0x20000080   Data           4  port.o(.data)
    ucMaxSysCallPriority                     0x20000084   Data           1  port.o(.data)
    ulMaxPRIGROUPValue                       0x20000088   Data           4  port.o(.data)
    .data                                    0x20000090   Section      184  m15_task.o(.data)
    .data                                    0x20000148   Section        6  run_task.o(.data)
    red                                      0x20000148   Data           1  run_task.o(.data)
    green                                    0x20000149   Data           1  run_task.o(.data)
    blue                                     0x2000014a   Data           1  run_task.o(.data)
    current_time                             0x2000014c   Data           2  run_task.o(.data)
    .data                                    0x2000014e   Section       28  can_receive.o(.data)
    gimbal_can_send_data                     0x20000152   Data           8  can_receive.o(.data)
    chassis_can_send_data                    0x2000015a   Data           8  can_receive.o(.data)
    .data                                    0x2000016a   Section        2  remote_control.o(.data)
    this_time_rx_len                         0x2000016a   Data           2  remote_control.o(.data)
    .data                                    0x2000016c   Section        3  bluetooth_receive.o(.data)
    rx_byte                                  0x2000016e   Data           1  bluetooth_receive.o(.data)
    .data                                    0x20000170   Section        4  rand.o(.data)
    _rand_state                              0x20000170   Data           4  rand.o(.data)
    .data                                    0x20000174   Section        4  errno.o(.data)
    _errno                                   0x20000174   Data           4  errno.o(.data)
    .bss                                     0x20000178   Section     4432  freertos.o(.bss)
    xIdleTaskTCBBuffer                       0x20001074   Data          84  freertos.o(.bss)
    xIdleStack                               0x200010c8   Data         512  freertos.o(.bss)
    .bss                                     0x200012c8   Section       80  can.o(.bss)
    .bss                                     0x20001318   Section      336  tim.o(.bss)
    .bss                                     0x20001468   Section      528  usart.o(.bss)
    .bss                                     0x20001678   Section      240  tasks.o(.bss)
    pxReadyTasksLists                        0x20001678   Data         140  tasks.o(.bss)
    xDelayedTaskList1                        0x20001704   Data          20  tasks.o(.bss)
    xDelayedTaskList2                        0x20001718   Data          20  tasks.o(.bss)
    xPendingReadyList                        0x2000172c   Data          20  tasks.o(.bss)
    xTasksWaitingTermination                 0x20001740   Data          20  tasks.o(.bss)
    xSuspendedTaskList                       0x20001754   Data          20  tasks.o(.bss)
    .bss                                     0x20001768   Section    15360  heap_4.o(.bss)
    ucHeap                                   0x20001768   Data       15360  heap_4.o(.bss)
    .bss                                     0x20005368   Section     4068  ws2812.o(.bss)
    .bss                                     0x20006350   Section      240  m15_task.o(.bss)
    .bss                                     0x20006440   Section      244  can_receive.o(.bss)
    gimbal_tx_message                        0x20006504   Data          24  can_receive.o(.bss)
    chassis_tx_message                       0x2000651c   Data          24  can_receive.o(.bss)
    .bss                                     0x20006534   Section       94  remote_control.o(.bss)
    sbus_rx_buf                              0x2000654a   Data          72  remote_control.o(.bss)
    STACK                                    0x20006598   Section     1024  startup_stm32f407xx.o(STACK)

    Global Symbols

    Symbol Name                              Value     Ov Type        Size  Object(Section)

    BuildAttributes$$THM_ISAv4$E$P$D$K$B$S$7EM$VFPi3$EXTD16$VFPS$VFMA$PE$A:L22UL41UL21$X:L11$S22US41US21$IEEE1$IW$USESV6$~STKCKD$USESV7$~SHL$OTIME$ROPI$IEEEX$EBA8$MICROLIB$REQ8$PRES8$EABIv2 0x00000000   Number         0  anon$$obj.o ABSOLUTE
    __ARM_use_no_argv                        0x00000000   Number         0  main.o ABSOLUTE
    _printf_a                                0x00000000   Number         0  stubs.o ABSOLUTE
    _printf_c                                0x00000000   Number         0  stubs.o ABSOLUTE
    _printf_charcount                        0x00000000   Number         0  stubs.o ABSOLUTE
    _printf_d                                0x00000000   Number         0  stubs.o ABSOLUTE
    _printf_e                                0x00000000   Number         0  stubs.o ABSOLUTE
    _printf_f                                0x00000000   Number         0  stubs.o ABSOLUTE
    _printf_flags                            0x00000000   Number         0  stubs.o ABSOLUTE
    _printf_fp_dec                           0x00000000   Number         0  stubs.o ABSOLUTE
    _printf_fp_hex                           0x00000000   Number         0  stubs.o ABSOLUTE
    _printf_g                                0x00000000   Number         0  stubs.o ABSOLUTE
    _printf_i                                0x00000000   Number         0  stubs.o ABSOLUTE
    _printf_int_dec                          0x00000000   Number         0  stubs.o ABSOLUTE
    _printf_l                                0x00000000   Number         0  stubs.o ABSOLUTE
    _printf_lc                               0x00000000   Number         0  stubs.o ABSOLUTE
    _printf_ll                               0x00000000   Number         0  stubs.o ABSOLUTE
    _printf_lld                              0x00000000   Number         0  stubs.o ABSOLUTE
    _printf_lli                              0x00000000   Number         0  stubs.o ABSOLUTE
    _printf_llo                              0x00000000   Number         0  stubs.o ABSOLUTE
    _printf_llu                              0x00000000   Number         0  stubs.o ABSOLUTE
    _printf_llx                              0x00000000   Number         0  stubs.o ABSOLUTE
    _printf_longlong_dec                     0x00000000   Number         0  stubs.o ABSOLUTE
    _printf_longlong_hex                     0x00000000   Number         0  stubs.o ABSOLUTE
    _printf_longlong_oct                     0x00000000   Number         0  stubs.o ABSOLUTE
    _printf_ls                               0x00000000   Number         0  stubs.o ABSOLUTE
    _printf_mbtowc                           0x00000000   Number         0  stubs.o ABSOLUTE
    _printf_n                                0x00000000   Number         0  stubs.o ABSOLUTE
    _printf_o                                0x00000000   Number         0  stubs.o ABSOLUTE
    _printf_p                                0x00000000   Number         0  stubs.o ABSOLUTE
    _printf_percent                          0x00000000   Number         0  stubs.o ABSOLUTE
    _printf_pre_padding                      0x00000000   Number         0  stubs.o ABSOLUTE
    _printf_return_value                     0x00000000   Number         0  stubs.o ABSOLUTE
    _printf_s                                0x00000000   Number         0  stubs.o ABSOLUTE
    _printf_sizespec                         0x00000000   Number         0  stubs.o ABSOLUTE
    _printf_str                              0x00000000   Number         0  stubs.o ABSOLUTE
    _printf_truncate_signed                  0x00000000   Number         0  stubs.o ABSOLUTE
    _printf_truncate_unsigned                0x00000000   Number         0  stubs.o ABSOLUTE
    _printf_u                                0x00000000   Number         0  stubs.o ABSOLUTE
    _printf_wc                               0x00000000   Number         0  stubs.o ABSOLUTE
    _printf_wctomb                           0x00000000   Number         0  stubs.o ABSOLUTE
    _printf_widthprec                        0x00000000   Number         0  stubs.o ABSOLUTE
    _printf_x                                0x00000000   Number         0  stubs.o ABSOLUTE
    __cpp_initialize__aeabi_                  - Undefined Weak Reference
    __cxa_finalize                            - Undefined Weak Reference
    _clock_init                               - Undefined Weak Reference
    _microlib_exit                            - Undefined Weak Reference
    __Vectors_Size                           0x00000188   Number         0  startup_stm32f407xx.o ABSOLUTE
    __Vectors                                0x08000000   Data           4  startup_stm32f407xx.o(RESET)
    __Vectors_End                            0x08000188   Data           0  startup_stm32f407xx.o(RESET)
    __main                                   0x08000189   Thumb Code     0  entry.o(.ARM.Collect$$$$00000000)
    _main_stk                                0x08000189   Thumb Code     0  entry2.o(.ARM.Collect$$$$00000001)
    _main_scatterload                        0x0800018d   Thumb Code     0  entry5.o(.ARM.Collect$$$$00000004)
    __main_after_scatterload                 0x08000191   Thumb Code     0  entry5.o(.ARM.Collect$$$$00000004)
    _main_clock                              0x08000191   Thumb Code     0  entry7b.o(.ARM.Collect$$$$00000008)
    _main_cpp_init                           0x08000191   Thumb Code     0  entry8b.o(.ARM.Collect$$$$0000000A)
    _main_init                               0x08000191   Thumb Code     0  entry9a.o(.ARM.Collect$$$$0000000B)
    __rt_final_cpp                           0x08000199   Thumb Code     0  entry10a.o(.ARM.Collect$$$$0000000D)
    __rt_final_exit                          0x08000199   Thumb Code     0  entry11a.o(.ARM.Collect$$$$0000000F)
    SVC_Handler                              0x0800019d   Thumb Code    28  port.o(.emb_text)
    __asm___6_port_c_39a90d8d__prvStartFirstTask 0x080001bd   Thumb Code    36  port.o(.emb_text)
    __asm___6_port_c_39a90d8d__prvEnableVFP  0x080001e5   Thumb Code    16  port.o(.emb_text)
    PendSV_Handler                           0x080001f9   Thumb Code    88  port.o(.emb_text)
    vPortGetIPSR                             0x08000255   Thumb Code     6  port.o(.emb_text)
    Reset_Handler                            0x0800025d   Thumb Code     8  startup_stm32f407xx.o(.text)
    ADC_IRQHandler                           0x08000277   Thumb Code     0  startup_stm32f407xx.o(.text)
    CAN1_SCE_IRQHandler                      0x08000277   Thumb Code     0  startup_stm32f407xx.o(.text)
    CAN2_SCE_IRQHandler                      0x08000277   Thumb Code     0  startup_stm32f407xx.o(.text)
    DCMI_IRQHandler                          0x08000277   Thumb Code     0  startup_stm32f407xx.o(.text)
    DMA1_Stream0_IRQHandler                  0x08000277   Thumb Code     0  startup_stm32f407xx.o(.text)
    DMA1_Stream1_IRQHandler                  0x08000277   Thumb Code     0  startup_stm32f407xx.o(.text)
    DMA1_Stream2_IRQHandler                  0x08000277   Thumb Code     0  startup_stm32f407xx.o(.text)
    DMA1_Stream3_IRQHandler                  0x08000277   Thumb Code     0  startup_stm32f407xx.o(.text)
    DMA1_Stream4_IRQHandler                  0x08000277   Thumb Code     0  startup_stm32f407xx.o(.text)
    DMA1_Stream7_IRQHandler                  0x08000277   Thumb Code     0  startup_stm32f407xx.o(.text)
    DMA2_Stream0_IRQHandler                  0x08000277   Thumb Code     0  startup_stm32f407xx.o(.text)
    DMA2_Stream2_IRQHandler                  0x08000277   Thumb Code     0  startup_stm32f407xx.o(.text)
    DMA2_Stream5_IRQHandler                  0x08000277   Thumb Code     0  startup_stm32f407xx.o(.text)
    DMA2_Stream7_IRQHandler                  0x08000277   Thumb Code     0  startup_stm32f407xx.o(.text)
    ETH_IRQHandler                           0x08000277   Thumb Code     0  startup_stm32f407xx.o(.text)
    ETH_WKUP_IRQHandler                      0x08000277   Thumb Code     0  startup_stm32f407xx.o(.text)
    EXTI0_IRQHandler                         0x08000277   Thumb Code     0  startup_stm32f407xx.o(.text)
    EXTI15_10_IRQHandler                     0x08000277   Thumb Code     0  startup_stm32f407xx.o(.text)
    EXTI1_IRQHandler                         0x08000277   Thumb Code     0  startup_stm32f407xx.o(.text)
    EXTI2_IRQHandler                         0x08000277   Thumb Code     0  startup_stm32f407xx.o(.text)
    EXTI3_IRQHandler                         0x08000277   Thumb Code     0  startup_stm32f407xx.o(.text)
    EXTI4_IRQHandler                         0x08000277   Thumb Code     0  startup_stm32f407xx.o(.text)
    EXTI9_5_IRQHandler                       0x08000277   Thumb Code     0  startup_stm32f407xx.o(.text)
    FLASH_IRQHandler                         0x08000277   Thumb Code     0  startup_stm32f407xx.o(.text)
    FMC_IRQHandler                           0x08000277   Thumb Code     0  startup_stm32f407xx.o(.text)
    FPU_IRQHandler                           0x08000277   Thumb Code     0  startup_stm32f407xx.o(.text)
    HASH_RNG_IRQHandler                      0x08000277   Thumb Code     0  startup_stm32f407xx.o(.text)
    I2C1_ER_IRQHandler                       0x08000277   Thumb Code     0  startup_stm32f407xx.o(.text)
    I2C1_EV_IRQHandler                       0x08000277   Thumb Code     0  startup_stm32f407xx.o(.text)
    I2C2_ER_IRQHandler                       0x08000277   Thumb Code     0  startup_stm32f407xx.o(.text)
    I2C2_EV_IRQHandler                       0x08000277   Thumb Code     0  startup_stm32f407xx.o(.text)
    I2C3_ER_IRQHandler                       0x08000277   Thumb Code     0  startup_stm32f407xx.o(.text)
    I2C3_EV_IRQHandler                       0x08000277   Thumb Code     0  startup_stm32f407xx.o(.text)
    OTG_FS_IRQHandler                        0x08000277   Thumb Code     0  startup_stm32f407xx.o(.text)
    OTG_FS_WKUP_IRQHandler                   0x08000277   Thumb Code     0  startup_stm32f407xx.o(.text)
    OTG_HS_EP1_IN_IRQHandler                 0x08000277   Thumb Code     0  startup_stm32f407xx.o(.text)
    OTG_HS_EP1_OUT_IRQHandler                0x08000277   Thumb Code     0  startup_stm32f407xx.o(.text)
    OTG_HS_IRQHandler                        0x08000277   Thumb Code     0  startup_stm32f407xx.o(.text)
    OTG_HS_WKUP_IRQHandler                   0x08000277   Thumb Code     0  startup_stm32f407xx.o(.text)
    PVD_IRQHandler                           0x08000277   Thumb Code     0  startup_stm32f407xx.o(.text)
    RCC_IRQHandler                           0x08000277   Thumb Code     0  startup_stm32f407xx.o(.text)
    RTC_Alarm_IRQHandler                     0x08000277   Thumb Code     0  startup_stm32f407xx.o(.text)
    RTC_WKUP_IRQHandler                      0x08000277   Thumb Code     0  startup_stm32f407xx.o(.text)
    SDIO_IRQHandler                          0x08000277   Thumb Code     0  startup_stm32f407xx.o(.text)
    SPI1_IRQHandler                          0x08000277   Thumb Code     0  startup_stm32f407xx.o(.text)
    SPI2_IRQHandler                          0x08000277   Thumb Code     0  startup_stm32f407xx.o(.text)
    SPI3_IRQHandler                          0x08000277   Thumb Code     0  startup_stm32f407xx.o(.text)
    TAMP_STAMP_IRQHandler                    0x08000277   Thumb Code     0  startup_stm32f407xx.o(.text)
    TIM1_BRK_TIM9_IRQHandler                 0x08000277   Thumb Code     0  startup_stm32f407xx.o(.text)
    TIM1_CC_IRQHandler                       0x08000277   Thumb Code     0  startup_stm32f407xx.o(.text)
    TIM1_TRG_COM_TIM11_IRQHandler            0x08000277   Thumb Code     0  startup_stm32f407xx.o(.text)
    TIM1_UP_TIM10_IRQHandler                 0x08000277   Thumb Code     0  startup_stm32f407xx.o(.text)
    TIM2_IRQHandler                          0x08000277   Thumb Code     0  startup_stm32f407xx.o(.text)
    TIM3_IRQHandler                          0x08000277   Thumb Code     0  startup_stm32f407xx.o(.text)
    TIM4_IRQHandler                          0x08000277   Thumb Code     0  startup_stm32f407xx.o(.text)
    TIM5_IRQHandler                          0x08000277   Thumb Code     0  startup_stm32f407xx.o(.text)
    TIM6_DAC_IRQHandler                      0x08000277   Thumb Code     0  startup_stm32f407xx.o(.text)
    TIM7_IRQHandler                          0x08000277   Thumb Code     0  startup_stm32f407xx.o(.text)
    TIM8_BRK_TIM12_IRQHandler                0x08000277   Thumb Code     0  startup_stm32f407xx.o(.text)
    TIM8_CC_IRQHandler                       0x08000277   Thumb Code     0  startup_stm32f407xx.o(.text)
    TIM8_TRG_COM_TIM14_IRQHandler            0x08000277   Thumb Code     0  startup_stm32f407xx.o(.text)
    TIM8_UP_TIM13_IRQHandler                 0x08000277   Thumb Code     0  startup_stm32f407xx.o(.text)
    UART4_IRQHandler                         0x08000277   Thumb Code     0  startup_stm32f407xx.o(.text)
    UART5_IRQHandler                         0x08000277   Thumb Code     0  startup_stm32f407xx.o(.text)
    USART1_IRQHandler                        0x08000277   Thumb Code     0  startup_stm32f407xx.o(.text)
    WWDG_IRQHandler                          0x08000277   Thumb Code     0  startup_stm32f407xx.o(.text)
    __aeabi_uldivmod                         0x08000281   Thumb Code    98  uldiv.o(.text)
    rand                                     0x080002e5   Thumb Code    20  rand.o(.text)
    srand                                    0x080002f9   Thumb Code     6  rand.o(.text)
    __aeabi_memcpy                           0x08000309   Thumb Code    36  memcpya.o(.text)
    __aeabi_memcpy4                          0x08000309   Thumb Code     0  memcpya.o(.text)
    __aeabi_memcpy8                          0x08000309   Thumb Code     0  memcpya.o(.text)
    __aeabi_memset                           0x0800032d   Thumb Code    14  memseta.o(.text)
    __aeabi_memset4                          0x0800032d   Thumb Code     0  memseta.o(.text)
    __aeabi_memset8                          0x0800032d   Thumb Code     0  memseta.o(.text)
    __aeabi_memclr                           0x0800033b   Thumb Code     4  memseta.o(.text)
    __aeabi_memclr4                          0x0800033b   Thumb Code     0  memseta.o(.text)
    __aeabi_memclr8                          0x0800033b   Thumb Code     0  memseta.o(.text)
    memset                                   0x0800033f   Thumb Code    18  memseta.o(.text)
    __aeabi_dadd                             0x08000351   Thumb Code   322  dadd.o(.text)
    __aeabi_dsub                             0x08000493   Thumb Code     6  dadd.o(.text)
    __aeabi_drsub                            0x08000499   Thumb Code     6  dadd.o(.text)
    __aeabi_dmul                             0x0800049f   Thumb Code   228  dmul.o(.text)
    __aeabi_ddiv                             0x08000583   Thumb Code   222  ddiv.o(.text)
    __aeabi_i2d                              0x08000661   Thumb Code    34  dflti.o(.text)
    __aeabi_ui2d                             0x08000683   Thumb Code    26  dfltui.o(.text)
    __aeabi_d2f                              0x0800069d   Thumb Code    56  d2f.o(.text)
    __aeabi_llsl                             0x080006d5   Thumb Code    30  llshl.o(.text)
    _ll_shift_l                              0x080006d5   Thumb Code     0  llshl.o(.text)
    __aeabi_llsr                             0x080006f3   Thumb Code    32  llushr.o(.text)
    _ll_ushift_r                             0x080006f3   Thumb Code     0  llushr.o(.text)
    __aeabi_lasr                             0x08000713   Thumb Code    36  llsshr.o(.text)
    _ll_sshift_r                             0x08000713   Thumb Code     0  llsshr.o(.text)
    __I$use$fp                               0x08000737   Thumb Code     0  iusefp.o(.text)
    _float_round                             0x08000737   Thumb Code    18  fepilogue.o(.text)
    _float_epilogue                          0x08000749   Thumb Code    92  fepilogue.o(.text)
    _double_round                            0x080007a5   Thumb Code    30  depilogue.o(.text)
    _double_epilogue                         0x080007c3   Thumb Code   156  depilogue.o(.text)
    __scatterload                            0x08000861   Thumb Code    28  init.o(.text)
    __scatterload_rt2                        0x08000861   Thumb Code     0  init.o(.text)
    __aeabi_d2iz                             0x08000885   Thumb Code    62  dfixi.o(.text)
    __decompress                             0x080008c3   Thumb Code     0  __dczerorl.o(.text)
    __decompress0                            0x080008c3   Thumb Code    58  __dczerorl.o(.text)
    Big_Round_Control                        0x080008fd   Thumb Code    56  m15_task.o(i.Big_Round_Control)
    Bluetooth_Init                           0x08000945   Thumb Code    14  bluetooth_receive.o(i.Bluetooth_Init)
    BusFault_Handler                         0x0800095d   Thumb Code     4  stm32f4xx_it.o(i.BusFault_Handler)
    CAN1_RX0_IRQHandler                      0x08000961   Thumb Code    10  stm32f4xx_it.o(i.CAN1_RX0_IRQHandler)
    CAN1_RX1_IRQHandler                      0x08000971   Thumb Code    10  stm32f4xx_it.o(i.CAN1_RX1_IRQHandler)
    CAN1_TX_IRQHandler                       0x08000981   Thumb Code    10  stm32f4xx_it.o(i.CAN1_TX_IRQHandler)
    CAN2_RX0_IRQHandler                      0x08000991   Thumb Code    10  stm32f4xx_it.o(i.CAN2_RX0_IRQHandler)
    CAN2_RX1_IRQHandler                      0x080009a1   Thumb Code    10  stm32f4xx_it.o(i.CAN2_RX1_IRQHandler)
    CAN2_TX_IRQHandler                       0x080009b1   Thumb Code    10  stm32f4xx_it.o(i.CAN2_TX_IRQHandler)
    CAN_cmd_board_color                      0x080009c1   Thumb Code    44  can_receive.o(i.CAN_cmd_board_color)
    CAN_cmd_board_mode                       0x080009fd   Thumb Code   112  can_receive.o(i.CAN_cmd_board_mode)
    CAN_cmd_chassis                          0x08000a7d   Thumb Code    42  can_receive.o(i.CAN_cmd_chassis)
    CAN_cmd_chassis_set_feedback             0x08000ab5   Thumb Code    40  can_receive.o(i.CAN_cmd_chassis_set_feedback)
    CAN_cmd_chassis_set_mode                 0x08000ae9   Thumb Code    42  can_receive.o(i.CAN_cmd_chassis_set_mode)
    CAN_cmd_close                            0x08000b21   Thumb Code    44  can_receive.o(i.CAN_cmd_close)
    CAN_cmd_frame                            0x08000b5d   Thumb Code    44  can_receive.o(i.CAN_cmd_frame)
    CAN_cmd_lamp_arm_progress                0x08000b99   Thumb Code    44  can_receive.o(i.CAN_cmd_lamp_arm_progress)
    CAN_cmd_qing_chu                         0x08000bd5   Thumb Code    44  can_receive.o(i.CAN_cmd_qing_chu)
    CAN_cmd_switch                           0x08000c11   Thumb Code    44  can_receive.o(i.CAN_cmd_switch)
    DMA1_Stream5_IRQHandler                  0x08000c4d   Thumb Code    10  stm32f4xx_it.o(i.DMA1_Stream5_IRQHandler)
    DMA1_Stream6_IRQHandler                  0x08000c5d   Thumb Code    10  stm32f4xx_it.o(i.DMA1_Stream6_IRQHandler)
    DMA2_Stream1_IRQHandler                  0x08000c6d   Thumb Code    10  stm32f4xx_it.o(i.DMA2_Stream1_IRQHandler)
    DMA2_Stream3_IRQHandler                  0x08000c7d   Thumb Code    10  stm32f4xx_it.o(i.DMA2_Stream3_IRQHandler)
    DMA2_Stream4_IRQHandler                  0x08000c8d   Thumb Code    10  stm32f4xx_it.o(i.DMA2_Stream4_IRQHandler)
    DMA2_Stream6_IRQHandler                  0x08000c9d   Thumb Code    10  stm32f4xx_it.o(i.DMA2_Stream6_IRQHandler)
    DebugMon_Handler                         0x08000db7   Thumb Code     2  stm32f4xx_it.o(i.DebugMon_Handler)
    Error_Handler                            0x08000db9   Thumb Code     6  main.o(i.Error_Handler)
    GetTwoDifferentRandom_1to5               0x08000dbf   Thumb Code    58  m15_task.o(i.GetTwoDifferentRandom_1to5)
    HAL_CAN_ActivateNotification             0x08000df9   Thumb Code    42  stm32f4xx_hal_can.o(i.HAL_CAN_ActivateNotification)
    HAL_CAN_AddTxMessage                     0x08000e23   Thumb Code   330  stm32f4xx_hal_can.o(i.HAL_CAN_AddTxMessage)
    HAL_CAN_ConfigFilter                     0x08000f6d   Thumb Code   284  stm32f4xx_hal_can.o(i.HAL_CAN_ConfigFilter)
    HAL_CAN_ErrorCallback                    0x0800108d   Thumb Code     2  stm32f4xx_hal_can.o(i.HAL_CAN_ErrorCallback)
    HAL_CAN_GetRxMessage                     0x0800108f   Thumb Code   404  stm32f4xx_hal_can.o(i.HAL_CAN_GetRxMessage)
    HAL_CAN_IRQHandler                       0x08001223   Thumb Code   590  stm32f4xx_hal_can.o(i.HAL_CAN_IRQHandler)
    HAL_CAN_Init                             0x08001471   Thumb Code   372  stm32f4xx_hal_can.o(i.HAL_CAN_Init)
    HAL_CAN_MspInit                          0x080015e5   Thumb Code   396  can.o(i.HAL_CAN_MspInit)
    HAL_CAN_RxFifo0FullCallback              0x08001789   Thumb Code     2  stm32f4xx_hal_can.o(i.HAL_CAN_RxFifo0FullCallback)
    HAL_CAN_RxFifo0MsgPendingCallback        0x0800178d   Thumb Code   556  can_receive.o(i.HAL_CAN_RxFifo0MsgPendingCallback)
    HAL_CAN_RxFifo1FullCallback              0x080019c9   Thumb Code     2  stm32f4xx_hal_can.o(i.HAL_CAN_RxFifo1FullCallback)
    HAL_CAN_RxFifo1MsgPendingCallback        0x080019cb   Thumb Code     2  stm32f4xx_hal_can.o(i.HAL_CAN_RxFifo1MsgPendingCallback)
    HAL_CAN_SleepCallback                    0x080019cd   Thumb Code     2  stm32f4xx_hal_can.o(i.HAL_CAN_SleepCallback)
    HAL_CAN_Start                            0x080019cf   Thumb Code    94  stm32f4xx_hal_can.o(i.HAL_CAN_Start)
    HAL_CAN_TxMailbox0AbortCallback          0x08001a2d   Thumb Code     2  stm32f4xx_hal_can.o(i.HAL_CAN_TxMailbox0AbortCallback)
    HAL_CAN_TxMailbox0CompleteCallback       0x08001a2f   Thumb Code     2  stm32f4xx_hal_can.o(i.HAL_CAN_TxMailbox0CompleteCallback)
    HAL_CAN_TxMailbox1AbortCallback          0x08001a31   Thumb Code     2  stm32f4xx_hal_can.o(i.HAL_CAN_TxMailbox1AbortCallback)
    HAL_CAN_TxMailbox1CompleteCallback       0x08001a33   Thumb Code     2  stm32f4xx_hal_can.o(i.HAL_CAN_TxMailbox1CompleteCallback)
    HAL_CAN_TxMailbox2AbortCallback          0x08001a35   Thumb Code     2  stm32f4xx_hal_can.o(i.HAL_CAN_TxMailbox2AbortCallback)
    HAL_CAN_TxMailbox2CompleteCallback       0x08001a37   Thumb Code     2  stm32f4xx_hal_can.o(i.HAL_CAN_TxMailbox2CompleteCallback)
    HAL_CAN_WakeUpFromRxMsgCallback          0x08001a39   Thumb Code     2  stm32f4xx_hal_can.o(i.HAL_CAN_WakeUpFromRxMsgCallback)
    HAL_DMA_Abort                            0x08001a3b   Thumb Code   172  stm32f4xx_hal_dma.o(i.HAL_DMA_Abort)
    HAL_DMA_Abort_IT                         0x08001ae7   Thumb Code    40  stm32f4xx_hal_dma.o(i.HAL_DMA_Abort_IT)
    HAL_DMA_IRQHandler                       0x08001b11   Thumb Code   570  stm32f4xx_hal_dma.o(i.HAL_DMA_IRQHandler)
    HAL_DMA_Init                             0x08001d51   Thumb Code   232  stm32f4xx_hal_dma.o(i.HAL_DMA_Init)
    HAL_DMA_Start_IT                         0x08001e3d   Thumb Code   146  stm32f4xx_hal_dma.o(i.HAL_DMA_Start_IT)
    HAL_Delay                                0x08001ed1   Thumb Code    36  stm32f4xx_hal.o(i.HAL_Delay)
    HAL_GPIO_Init                            0x08001ef9   Thumb Code   454  stm32f4xx_hal_gpio.o(i.HAL_GPIO_Init)
    HAL_GetTick                              0x080020ed   Thumb Code     6  stm32f4xx_hal.o(i.HAL_GetTick)
    HAL_IncTick                              0x080020f9   Thumb Code    16  stm32f4xx_hal.o(i.HAL_IncTick)
    HAL_Init                                 0x08002111   Thumb Code    54  stm32f4xx_hal.o(i.HAL_Init)
    HAL_InitTick                             0x0800214d   Thumb Code    64  stm32f4xx_hal.o(i.HAL_InitTick)
    HAL_MspInit                              0x08002199   Thumb Code    78  stm32f4xx_hal_msp.o(i.HAL_MspInit)
    HAL_NVIC_EnableIRQ                       0x080021ed   Thumb Code    40  stm32f4xx_hal_cortex.o(i.HAL_NVIC_EnableIRQ)
    HAL_NVIC_SetPriority                     0x08002215   Thumb Code   124  stm32f4xx_hal_cortex.o(i.HAL_NVIC_SetPriority)
    HAL_NVIC_SetPriorityGrouping             0x08002291   Thumb Code    32  stm32f4xx_hal_cortex.o(i.HAL_NVIC_SetPriorityGrouping)
    HAL_RCC_ClockConfig                      0x080022b9   Thumb Code   368  stm32f4xx_hal_rcc.o(i.HAL_RCC_ClockConfig)
    HAL_RCC_GetHCLKFreq                      0x0800243d   Thumb Code     6  stm32f4xx_hal_rcc.o(i.HAL_RCC_GetHCLKFreq)
    HAL_RCC_GetPCLK1Freq                     0x08002449   Thumb Code    22  stm32f4xx_hal_rcc.o(i.HAL_RCC_GetPCLK1Freq)
    HAL_RCC_GetPCLK2Freq                     0x08002469   Thumb Code    22  stm32f4xx_hal_rcc.o(i.HAL_RCC_GetPCLK2Freq)
    HAL_RCC_GetSysClockFreq                  0x08002489   Thumb Code   162  stm32f4xx_hal_rcc.o(i.HAL_RCC_GetSysClockFreq)
    HAL_RCC_OscConfig                        0x08002539   Thumb Code  1172  stm32f4xx_hal_rcc.o(i.HAL_RCC_OscConfig)
    HAL_SYSTICK_Config                       0x080029d5   Thumb Code    52  stm32f4xx_hal_cortex.o(i.HAL_SYSTICK_Config)
    HAL_TIMEx_ConfigBreakDeadTime            0x08002a09   Thumb Code   116  stm32f4xx_hal_tim_ex.o(i.HAL_TIMEx_ConfigBreakDeadTime)
    HAL_TIMEx_MasterConfigSynchronization    0x08002a7d   Thumb Code   150  stm32f4xx_hal_tim_ex.o(i.HAL_TIMEx_MasterConfigSynchronization)
    HAL_TIM_Base_Init                        0x08002b31   Thumb Code   102  stm32f4xx_hal_tim.o(i.HAL_TIM_Base_Init)
    HAL_TIM_Base_MspInit                     0x08002b99   Thumb Code   232  tim.o(i.HAL_TIM_Base_MspInit)
    HAL_TIM_ConfigClockSource                0x08002c99   Thumb Code   268  stm32f4xx_hal_tim.o(i.HAL_TIM_ConfigClockSource)
    HAL_TIM_ErrorCallback                    0x08002da5   Thumb Code     2  stm32f4xx_hal_tim.o(i.HAL_TIM_ErrorCallback)
    HAL_TIM_MspPostInit                      0x08002da9   Thumb Code   156  tim.o(i.HAL_TIM_MspPostInit)
    HAL_TIM_PWM_ConfigChannel                0x08002e59   Thumb Code   260  stm32f4xx_hal_tim.o(i.HAL_TIM_PWM_ConfigChannel)
    HAL_TIM_PWM_Init                         0x08002f5d   Thumb Code   102  stm32f4xx_hal_tim.o(i.HAL_TIM_PWM_Init)
    HAL_TIM_PWM_MspInit                      0x08002fc3   Thumb Code     2  stm32f4xx_hal_tim.o(i.HAL_TIM_PWM_MspInit)
    HAL_TIM_PWM_PulseFinishedCallback        0x08002fc5   Thumb Code     2  stm32f4xx_hal_tim.o(i.HAL_TIM_PWM_PulseFinishedCallback)
    HAL_TIM_PWM_PulseFinishedHalfCpltCallback 0x08002fc7   Thumb Code     2  stm32f4xx_hal_tim.o(i.HAL_TIM_PWM_PulseFinishedHalfCpltCallback)
    HAL_TIM_PWM_Start_DMA                    0x08002fc9   Thumb Code   546  stm32f4xx_hal_tim.o(i.HAL_TIM_PWM_Start_DMA)
    HAL_TIM_PWM_Stop_DMA                     0x08003215   Thumb Code   268  stm32f4xx_hal_tim.o(i.HAL_TIM_PWM_Stop_DMA)
    HAL_UARTEx_RxEventCallback               0x08003329   Thumb Code     2  stm32f4xx_hal_uart.o(i.HAL_UARTEx_RxEventCallback)
    HAL_UART_ErrorCallback                   0x0800332b   Thumb Code     2  stm32f4xx_hal_uart.o(i.HAL_UART_ErrorCallback)
    HAL_UART_IRQHandler                      0x0800332d   Thumb Code   772  stm32f4xx_hal_uart.o(i.HAL_UART_IRQHandler)
    HAL_UART_Init                            0x08003635   Thumb Code   118  stm32f4xx_hal_uart.o(i.HAL_UART_Init)
    HAL_UART_MspInit                         0x080036ad   Thumb Code   528  usart.o(i.HAL_UART_MspInit)
    HAL_UART_Receive_IT                      0x080038e9   Thumb Code    44  stm32f4xx_hal_uart.o(i.HAL_UART_Receive_IT)
    HAL_UART_RxCpltCallback                  0x08003915   Thumb Code   108  bluetooth_receive.o(i.HAL_UART_RxCpltCallback)
    HAL_UART_TxCpltCallback                  0x08003991   Thumb Code     2  stm32f4xx_hal_uart.o(i.HAL_UART_TxCpltCallback)
    HardFault_Handler                        0x08003993   Thumb Code     4  stm32f4xx_it.o(i.HardFault_Handler)
    M15_task                                 0x08003999   Thumb Code    32  m15_task.o(i.M15_task)
    MX_CAN1_Init                             0x080039bd   Thumb Code    58  can.o(i.MX_CAN1_Init)
    MX_CAN2_Init                             0x08003a01   Thumb Code    58  can.o(i.MX_CAN2_Init)
    MX_DMA_Init                              0x08003a45   Thumb Code   162  dma.o(i.MX_DMA_Init)
    MX_FREERTOS_Init                         0x08003aed   Thumb Code   102  freertos.o(i.MX_FREERTOS_Init)
    MX_GPIO_Init                             0x08003b69   Thumb Code   274  gpio.o(i.MX_GPIO_Init)
    MX_TIM1_Init                             0x08003c91   Thumb Code   206  tim.o(i.MX_TIM1_Init)
    MX_TIM8_Init                             0x08003d69   Thumb Code   204  tim.o(i.MX_TIM8_Init)
    MX_USART2_UART_Init                      0x08003e3d   Thumb Code    46  usart.o(i.MX_USART2_UART_Init)
    MX_USART6_UART_Init                      0x08003e75   Thumb Code    46  usart.o(i.MX_USART6_UART_Init)
    MemManage_Handler                        0x08003ead   Thumb Code     4  stm32f4xx_it.o(i.MemManage_Handler)
    Motor_task                               0x08003eb1   Thumb Code    56  motor_task.o(i.Motor_task)
    NMI_Handler                              0x08003eed   Thumb Code     4  stm32f4xx_it.o(i.NMI_Handler)
    PID_init                                 0x08003ef1   Thumb Code    92  pid.o(i.PID_init)
    Random_Number                            0x08003f51   Thumb Code   238  m15_task.o(i.Random_Number)
    StartDefaultTask                         0x08004075   Thumb Code    10  freertos.o(i.StartDefaultTask)
    Start_New_Activation_Sequence            0x08004081   Thumb Code    20  m15_task.o(i.Start_New_Activation_Sequence)
    SysTick_Handler                          0x080040a1   Thumb Code    20  stm32f4xx_it.o(i.SysTick_Handler)
    SystemClock_Config                       0x080040b5   Thumb Code   170  main.o(i.SystemClock_Config)
    SystemInit                               0x08004169   Thumb Code    14  system_stm32f4xx.o(i.SystemInit)
    TIM_Base_SetConfig                       0x0800417d   Thumb Code   178  stm32f4xx_hal_tim.o(i.TIM_Base_SetConfig)
    TIM_CCxChannelCmd                        0x0800425d   Thumb Code    34  stm32f4xx_hal_tim.o(i.TIM_CCxChannelCmd)
    TIM_DMADelayPulseHalfCplt                0x080042e7   Thumb Code    64  stm32f4xx_hal_tim.o(i.TIM_DMADelayPulseHalfCplt)
    TIM_DMAError                             0x08004327   Thumb Code    94  stm32f4xx_hal_tim.o(i.TIM_DMAError)
    TIM_ETR_SetConfig                        0x08004385   Thumb Code    22  stm32f4xx_hal_tim.o(i.TIM_ETR_SetConfig)
    TIM_OC2_SetConfig                        0x0800441d   Thumb Code   114  stm32f4xx_hal_tim.o(i.TIM_OC2_SetConfig)
    UART_Start_Receive_IT                    0x08004979   Thumb Code    64  stm32f4xx_hal_uart.o(i.UART_Start_Receive_IT)
    USART2_IRQHandler                        0x08004a19   Thumb Code    10  stm32f4xx_it.o(i.USART2_IRQHandler)
    USART3_IRQHandler                        0x08004a29   Thumb Code   264  remote_control.o(i.USART3_IRQHandler)
    USART6_IRQHandler                        0x08004b4d   Thumb Code    10  stm32f4xx_it.o(i.USART6_IRQHandler)
    UsageFault_Handler                       0x08004b5d   Thumb Code     4  stm32f4xx_it.o(i.UsageFault_Handler)
    WS_Load_R                                0x08004b61   Thumb Code    18  ws2812.o(i.WS_Load_R)
    WS_Load_board                            0x08004b7d   Thumb Code    18  ws2812.o(i.WS_Load_board)
    WS_Stop_DMA                              0x08004b99   Thumb Code    30  ws2812.o(i.WS_Stop_DMA)
    WS_Write                                 0x08004bc1   Thumb Code   324  ws2812.o(i.WS_Write)
    __ARM_fpclassify                         0x08004d0d   Thumb Code    48  fpclassify.o(i.__ARM_fpclassify)
    __hardfp_sin                             0x08004d79   Thumb Code   180  sin.o(i.__hardfp_sin)
    __ieee754_rem_pio2                       0x08004e41   Thumb Code   938  rred.o(i.__ieee754_rem_pio2)
    __kernel_cos                             0x08005279   Thumb Code   322  cos_i.o(i.__kernel_cos)
    __kernel_poly                            0x080053e9   Thumb Code   248  poly.o(i.__kernel_poly)
    __kernel_sin                             0x080054e1   Thumb Code   280  sin_i.o(i.__kernel_sin)
    __mathlib_dbl_infnan                     0x08005611   Thumb Code    20  dunder.o(i.__mathlib_dbl_infnan)
    __mathlib_dbl_invalid                    0x08005629   Thumb Code    24  dunder.o(i.__mathlib_dbl_invalid)
    __mathlib_dbl_underflow                  0x08005649   Thumb Code    24  dunder.o(i.__mathlib_dbl_underflow)
    __scatterload_copy                       0x08005669   Thumb Code    14  handlers.o(i.__scatterload_copy)
    __scatterload_null                       0x08005677   Thumb Code     2  handlers.o(i.__scatterload_null)
    __scatterload_zeroinit                   0x08005679   Thumb Code    14  handlers.o(i.__scatterload_zeroinit)
    __set_errno                              0x08005689   Thumb Code     6  errno.o(i.__set_errno)
    behaviour_mode_set                       0x08005695   Thumb Code     8  m15_task.o(i.behaviour_mode_set)
    can_filter_init                          0x0800569d   Thumb Code    84  bsp_can.o(i.can_filter_init)
    fabs                                     0x080056f9   Thumb Code    24  fabs.o(i.fabs)
    feedback_update                          0x08005711   Thumb Code    52  motor_task.o(i.feedback_update)
    get_chassis_motor_1_measure_point        0x0800574d   Thumb Code     4  can_receive.o(i.get_chassis_motor_1_measure_point)
    main                                     0x08005755   Thumb Code    60  main.o(i.main)
    move_init                                0x080057a1   Thumb Code    48  motor_task.o(i.move_init)
    osDelay                                  0x080057dd   Thumb Code    24  cmsis_os.o(i.osDelay)
    osKernelStart                            0x080057f5   Thumb Code    10  cmsis_os.o(i.osKernelStart)
    osThreadCreate                           0x080057ff   Thumb Code    94  cmsis_os.o(i.osThreadCreate)
    pvPortMalloc                             0x08005cdd   Thumb Code   306  heap_4.o(i.pvPortMalloc)
    pxPortInitialiseStack                    0x08005e29   Thumb Code    38  port.o(i.pxPortInitialiseStack)
    run_task                                 0x08005e55   Thumb Code   148  run_task.o(i.run_task)
    uxListRemove                             0x08006a3b   Thumb Code    40  list.o(i.uxListRemove)
    vApplicationGetIdleTaskMemory            0x08006a65   Thumb Code    14  freertos.o(i.vApplicationGetIdleTaskMemory)
    vListInitialise                          0x08006a7d   Thumb Code    26  list.o(i.vListInitialise)
    vListInitialiseItem                      0x08006a97   Thumb Code     6  list.o(i.vListInitialiseItem)
    vListInsert                              0x08006a9d   Thumb Code    52  list.o(i.vListInsert)
    vListInsertEnd                           0x08006ad1   Thumb Code    24  list.o(i.vListInsertEnd)
    vPortEnterCritical                       0x08006ae9   Thumb Code    76  port.o(i.vPortEnterCritical)
    vPortExitCritical                        0x08006b3d   Thumb Code    56  port.o(i.vPortExitCritical)
    vPortFree                                0x08006b79   Thumb Code   150  heap_4.o(i.vPortFree)
    vPortSetupTimerInterrupt                 0x08006c1d   Thumb Code    36  port.o(i.vPortSetupTimerInterrupt)
    vTaskDelay                               0x08006c45   Thumb Code    82  tasks.o(i.vTaskDelay)
    vTaskStartScheduler                      0x08006ca1   Thumb Code   146  tasks.o(i.vTaskStartScheduler)
    vTaskSuspendAll                          0x08006d51   Thumb Code    12  tasks.o(i.vTaskSuspendAll)
    vTaskSwitchContext                       0x08006d61   Thumb Code   118  tasks.o(i.vTaskSwitchContext)
    xPortStartScheduler                      0x08006ded   Thumb Code   330  port.o(i.xPortStartScheduler)
    xPortSysTickHandler                      0x08006f55   Thumb Code    46  port.o(i.xPortSysTickHandler)
    xTaskCreate                              0x08006f89   Thumb Code   100  tasks.o(i.xTaskCreate)
    xTaskCreateStatic                        0x08006fed   Thumb Code   186  tasks.o(i.xTaskCreateStatic)
    xTaskGetSchedulerState                   0x080070a9   Thumb Code    24  tasks.o(i.xTaskGetSchedulerState)
    xTaskIncrementTick                       0x080070c9   Thumb Code   282  tasks.o(i.xTaskIncrementTick)
    xTaskResumeAll                           0x08007211   Thumb Code   224  tasks.o(i.xTaskResumeAll)
    AHBPrescTable                            0x0800738c   Data          16  system_stm32f4xx.o(.constdata)
    APBPrescTable                            0x0800739c   Data           8  system_stm32f4xx.o(.constdata)
    rotation_speed_pid                       0x080073a4   Data          12  motor_task.o(.constdata)
    Region$$Table$$Base                      0x080074ec   Number         0  anon$$obj.o(Region$$Table)
    Region$$Table$$Limit                     0x0800750c   Number         0  anon$$obj.o(Region$$Table)
    defaultTaskHandle                        0x20000000   Data           4  freertos.o(.data)
    M15Handle                                0x20000004   Data           4  freertos.o(.data)
    RUNHandle                                0x20000008   Data           4  freertos.o(.data)
    MotorHandle                              0x2000000c   Data           4  freertos.o(.data)
    uwTick                                   0x20000014   Data           4  stm32f4xx_hal.o(.data)
    uwTickPrio                               0x20000018   Data           4  stm32f4xx_hal.o(.data)
    uwTickFreq                               0x2000001c   Data           1  stm32f4xx_hal.o(.data)
    SystemCoreClock                          0x20000020   Data           4  system_stm32f4xx.o(.data)
    pxCurrentTCB                             0x20000024   Data           4  tasks.o(.data)
    a_                                       0x20000090   Data           8  m15_task.o(.data)
    w_                                       0x20000098   Data           8  m15_task.o(.data)
    b_                                       0x200000a0   Data           8  m15_task.o(.data)
    t                                        0x200000a8   Data           8  m15_task.o(.data)
    sin_num                                  0x200000b0   Data           8  m15_task.o(.data)
    sin_num_1                                0x200000b8   Data           8  m15_task.o(.data)
    sin_num_2                                0x200000c0   Data           8  m15_task.o(.data)
    elapsed                                  0x200000c8   Data           4  m15_task.o(.data)
    delay_before                             0x200000cc   Data           4  m15_task.o(.data)
    delay_after                              0x200000d0   Data           4  m15_task.o(.data)
    start_time_small                         0x200000d4   Data           4  m15_task.o(.data)
    start_time_big                           0x200000d8   Data           4  m15_task.o(.data)
    start_time_big2                          0x200000dc   Data           4  m15_task.o(.data)
    current_time_small                       0x200000e0   Data           4  m15_task.o(.data)
    current_time_big                         0x200000e4   Data           4  m15_task.o(.data)
    current_time_big2                        0x200000e8   Data           4  m15_task.o(.data)
    mode                                     0x200000ec   Data           1  m15_task.o(.data)
    last_mode                                0x200000ed   Data           1  m15_task.o(.data)
    sequence                                 0x200000f0   Data          20  m15_task.o(.data)
    DF_color                                 0x20000104   Data           4  m15_task.o(.data)
    start_time                               0x20000108   Data           8  m15_task.o(.data)
    current_time                             0x20000110   Data           8  m15_task.o(.data)
    current_activation_time                  0x20000118   Data           4  m15_task.o(.data)
    current_active_index                     0x2000011c   Data           1  m15_task.o(.data)
    current_step                             0x2000011d   Data           1  m15_task.o(.data)
    big_active_board1                        0x2000011e   Data           1  m15_task.o(.data)
    big_active_board2                        0x2000011f   Data           1  m15_task.o(.data)
    hit1                                     0x20000120   Data           1  m15_task.o(.data)
    hit2                                     0x20000121   Data           1  m15_task.o(.data)
    any_hit                                  0x20000122   Data           1  m15_task.o(.data)
    both_hit                                 0x20000123   Data           1  m15_task.o(.data)
    wrong_hit_small                          0x20000124   Data           1  m15_task.o(.data)
    wrong_hit_big                            0x20000125   Data           1  m15_task.o(.data)
    big_round_start_time                     0x20000128   Data           4  m15_task.o(.data)
    big_round_count                          0x2000012c   Data           1  m15_task.o(.data)
    big_first_hit_done                       0x2000012d   Data           1  m15_task.o(.data)
    big_second_hit_done                      0x2000012e   Data           1  m15_task.o(.data)
    total_hits                               0x2000012f   Data           1  m15_task.o(.data)
    average_rings                            0x20000130   Data           4  m15_task.o(.data)
    another_board                            0x20000134   Data           4  m15_task.o(.data)
    big_rune_sent                            0x20000138   Data           1  m15_task.o(.data)
    ignore_err_time                          0x2000013c   Data           4  m15_task.o(.data)
    old_active_board1                        0x20000140   Data           1  m15_task.o(.data)
    old_active_board2                        0x20000141   Data           1  m15_task.o(.data)
    round_switch_time                        0x20000144   Data           4  m15_task.o(.data)
    send_flag                                0x2000014e   Data           1  can_receive.o(.data)
    send_flag_mode                           0x2000014f   Data           1  can_receive.o(.data)
    send_flag_color                          0x20000150   Data           1  can_receive.o(.data)
    send_flag_progress                       0x20000151   Data           1  can_receive.o(.data)
    rx_data                                  0x20000162   Data           8  can_receive.o(.data)
    bluetooth_cmd                            0x2000016c   Data           2  bluetooth_receive.o(.data)
    CoreBuffer                               0x20000178   Data        2048  freertos.o(.bss)
    CoreControlBlock                         0x20000978   Data          84  freertos.o(.bss)
    RUNBuffer                                0x200009cc   Data         512  freertos.o(.bss)
    RUNControlBlock                          0x20000bcc   Data          84  freertos.o(.bss)
    MotorBuffer                              0x20000c20   Data        1024  freertos.o(.bss)
    MotorControlBlock                        0x20001020   Data          84  freertos.o(.bss)
    hcan1                                    0x200012c8   Data          40  can.o(.bss)
    hcan2                                    0x200012f0   Data          40  can.o(.bss)
    htim1                                    0x20001318   Data          72  tim.o(.bss)
    htim8                                    0x20001360   Data          72  tim.o(.bss)
    hdma_tim1_ch1                            0x200013a8   Data          96  tim.o(.bss)
    hdma_tim8_ch3                            0x20001408   Data          96  tim.o(.bss)
    huart2                                   0x20001468   Data          72  usart.o(.bss)
    huart6                                   0x200014b0   Data          72  usart.o(.bss)
    hdma_usart2_rx                           0x200014f8   Data          96  usart.o(.bss)
    hdma_usart2_tx                           0x20001558   Data          96  usart.o(.bss)
    hdma_usart6_rx                           0x200015b8   Data          96  usart.o(.bss)
    hdma_usart6_tx                           0x20001618   Data          96  usart.o(.bss)
    send_Buf_R                               0x20005368   Data        3572  ws2812.o(.bss)
    send_Buf_board                           0x2000615c   Data         496  ws2812.o(.bss)
    Board_Order_info                         0x20006350   Data          48  m15_task.o(.bss)
    number                                   0x20006380   Data          24  m15_task.o(.bss)
    chassis_move                             0x20006398   Data         128  m15_task.o(.bss)
    hit_rings                                0x20006418   Data          40  m15_task.o(.bss)
    motor_chassis                            0x20006440   Data         140  can_receive.o(.bss)
    board_mode                               0x200064cc   Data          54  can_receive.o(.bss)
    rc_ctrl                                  0x20006534   Data          22  remote_control.o(.bss)
    __initial_sp                             0x20006998   Data           0  startup_stm32f407xx.o(STACK)



==============================================================================

Memory Map of the image

  Image Entry point : 0x08000189

  Load Region LR_IROM1 (Base: 0x08000000, Size: 0x00007684, Max: 0x00100000, ABSOLUTE, COMPRESSED[0x00007530])

    Execution Region ER_IROM1 (Exec base: 0x08000000, Load base: 0x08000000, Size: 0x0000750c, Max: 0x00100000, ABSOLUTE)

    Exec Addr    Load Addr    Size         Type   Attr      Idx    E Section Name        Object

    0x08000000   0x08000000   0x00000188   Data   RO            3    RESET               startup_stm32f407xx.o
    0x08000188   0x08000188   0x00000000   Code   RO         5803  * .ARM.Collect$$$$00000000  mc_w.l(entry.o)
    0x08000188   0x08000188   0x00000004   Code   RO         6122    .ARM.Collect$$$$00000001  mc_w.l(entry2.o)
    0x0800018c   0x0800018c   0x00000004   Code   RO         6125    .ARM.Collect$$$$00000004  mc_w.l(entry5.o)
    0x08000190   0x08000190   0x00000000   Code   RO         6127    .ARM.Collect$$$$00000008  mc_w.l(entry7b.o)
    0x08000190   0x08000190   0x00000000   Code   RO         6129    .ARM.Collect$$$$0000000A  mc_w.l(entry8b.o)
    0x08000190   0x08000190   0x00000008   Code   RO         6130    .ARM.Collect$$$$0000000B  mc_w.l(entry9a.o)
    0x08000198   0x08000198   0x00000000   Code   RO         6132    .ARM.Collect$$$$0000000D  mc_w.l(entry10a.o)
    0x08000198   0x08000198   0x00000000   Code   RO         6134    .ARM.Collect$$$$0000000F  mc_w.l(entry11a.o)
    0x08000198   0x08000198   0x00000004   Code   RO         6123    .ARM.Collect$$$$00002712  mc_w.l(entry2.o)
    0x0800019c   0x0800019c   0x000000be   Code   RO         4850    .emb_text           port.o
    0x0800025a   0x0800025a   0x00000002   PAD
    0x0800025c   0x0800025c   0x00000024   Code   RO            4    .text               startup_stm32f407xx.o
    0x08000280   0x08000280   0x00000062   Code   RO         5806    .text               mc_w.l(uldiv.o)
    0x080002e2   0x080002e2   0x00000002   PAD
    0x080002e4   0x080002e4   0x00000024   Code   RO         5808    .text               mc_w.l(rand.o)
    0x08000308   0x08000308   0x00000024   Code   RO         5811    .text               mc_w.l(memcpya.o)
    0x0800032c   0x0800032c   0x00000024   Code   RO         5815    .text               mc_w.l(memseta.o)
    0x08000350   0x08000350   0x0000014e   Code   RO         6080    .text               mf_w.l(dadd.o)
    0x0800049e   0x0800049e   0x000000e4   Code   RO         6082    .text               mf_w.l(dmul.o)
    0x08000582   0x08000582   0x000000de   Code   RO         6084    .text               mf_w.l(ddiv.o)
    0x08000660   0x08000660   0x00000022   Code   RO         6086    .text               mf_w.l(dflti.o)
    0x08000682   0x08000682   0x0000001a   Code   RO         6088    .text               mf_w.l(dfltui.o)
    0x0800069c   0x0800069c   0x00000038   Code   RO         6092    .text               mf_w.l(d2f.o)
    0x080006d4   0x080006d4   0x0000001e   Code   RO         6141    .text               mc_w.l(llshl.o)
    0x080006f2   0x080006f2   0x00000020   Code   RO         6143    .text               mc_w.l(llushr.o)
    0x08000712   0x08000712   0x00000024   Code   RO         6145    .text               mc_w.l(llsshr.o)
    0x08000736   0x08000736   0x00000000   Code   RO         6154    .text               mc_w.l(iusefp.o)
    0x08000736   0x08000736   0x0000006e   Code   RO         6155    .text               mf_w.l(fepilogue.o)
    0x080007a4   0x080007a4   0x000000ba   Code   RO         6157    .text               mf_w.l(depilogue.o)
    0x0800085e   0x0800085e   0x00000002   PAD
    0x08000860   0x08000860   0x00000024   Code   RO         6175    .text               mc_w.l(init.o)
    0x08000884   0x08000884   0x0000003e   Code   RO         6179    .text               mf_w.l(dfixi.o)
    0x080008c2   0x080008c2   0x0000003a   Code   RO         6189    .text               mc_w.l(__dczerorl.o)
    0x080008fc   0x080008fc   0x00000048   Code   RO         4991    i.Big_Round_Control  m15_task.o
    0x08000944   0x08000944   0x00000018   Code   RO         5444    i.Bluetooth_Init    bluetooth_receive.o
    0x0800095c   0x0800095c   0x00000004   Code   RO          608    i.BusFault_Handler  stm32f4xx_it.o
    0x08000960   0x08000960   0x00000010   Code   RO          609    i.CAN1_RX0_IRQHandler  stm32f4xx_it.o
    0x08000970   0x08000970   0x00000010   Code   RO          610    i.CAN1_RX1_IRQHandler  stm32f4xx_it.o
    0x08000980   0x08000980   0x00000010   Code   RO          611    i.CAN1_TX_IRQHandler  stm32f4xx_it.o
    0x08000990   0x08000990   0x00000010   Code   RO          612    i.CAN2_RX0_IRQHandler  stm32f4xx_it.o
    0x080009a0   0x080009a0   0x00000010   Code   RO          613    i.CAN2_RX1_IRQHandler  stm32f4xx_it.o
    0x080009b0   0x080009b0   0x00000010   Code   RO          614    i.CAN2_TX_IRQHandler  stm32f4xx_it.o
    0x080009c0   0x080009c0   0x0000003c   Code   RO         5228    i.CAN_cmd_board_color  can_receive.o
    0x080009fc   0x080009fc   0x00000080   Code   RO         5229    i.CAN_cmd_board_mode  can_receive.o
    0x08000a7c   0x08000a7c   0x00000038   Code   RO         5230    i.CAN_cmd_chassis   can_receive.o
    0x08000ab4   0x08000ab4   0x00000034   Code   RO         5231    i.CAN_cmd_chassis_set_feedback  can_receive.o
    0x08000ae8   0x08000ae8   0x00000038   Code   RO         5232    i.CAN_cmd_chassis_set_mode  can_receive.o
    0x08000b20   0x08000b20   0x0000003c   Code   RO         5233    i.CAN_cmd_close     can_receive.o
    0x08000b5c   0x08000b5c   0x0000003c   Code   RO         5234    i.CAN_cmd_frame     can_receive.o
    0x08000b98   0x08000b98   0x0000003c   Code   RO         5235    i.CAN_cmd_lamp_arm_progress  can_receive.o
    0x08000bd4   0x08000bd4   0x0000003c   Code   RO         5236    i.CAN_cmd_qing_chu  can_receive.o
    0x08000c10   0x08000c10   0x0000003c   Code   RO         5237    i.CAN_cmd_switch    can_receive.o
    0x08000c4c   0x08000c4c   0x00000010   Code   RO          615    i.DMA1_Stream5_IRQHandler  stm32f4xx_it.o
    0x08000c5c   0x08000c5c   0x00000010   Code   RO          616    i.DMA1_Stream6_IRQHandler  stm32f4xx_it.o
    0x08000c6c   0x08000c6c   0x00000010   Code   RO          617    i.DMA2_Stream1_IRQHandler  stm32f4xx_it.o
    0x08000c7c   0x08000c7c   0x00000010   Code   RO          618    i.DMA2_Stream3_IRQHandler  stm32f4xx_it.o
    0x08000c8c   0x08000c8c   0x00000010   Code   RO          619    i.DMA2_Stream4_IRQHandler  stm32f4xx_it.o
    0x08000c9c   0x08000c9c   0x00000010   Code   RO          620    i.DMA2_Stream6_IRQHandler  stm32f4xx_it.o
    0x08000cac   0x08000cac   0x00000034   Code   RO         1518    i.DMA_CalcBaseAndBitshift  stm32f4xx_hal_dma.o
    0x08000ce0   0x08000ce0   0x000000aa   Code   RO         1519    i.DMA_CheckFifoParam  stm32f4xx_hal_dma.o
    0x08000d8a   0x08000d8a   0x0000002c   Code   RO         1520    i.DMA_SetConfig     stm32f4xx_hal_dma.o
    0x08000db6   0x08000db6   0x00000002   Code   RO          621    i.DebugMon_Handler  stm32f4xx_it.o
    0x08000db8   0x08000db8   0x00000006   Code   RO           13    i.Error_Handler     main.o
    0x08000dbe   0x08000dbe   0x0000003a   Code   RO         4992    i.GetTwoDifferentRandom_1to5  m15_task.o
    0x08000df8   0x08000df8   0x0000002a   Code   RO          781    i.HAL_CAN_ActivateNotification  stm32f4xx_hal_can.o
    0x08000e22   0x08000e22   0x0000014a   Code   RO          782    i.HAL_CAN_AddTxMessage  stm32f4xx_hal_can.o
    0x08000f6c   0x08000f6c   0x00000120   Code   RO          783    i.HAL_CAN_ConfigFilter  stm32f4xx_hal_can.o
    0x0800108c   0x0800108c   0x00000002   Code   RO          786    i.HAL_CAN_ErrorCallback  stm32f4xx_hal_can.o
    0x0800108e   0x0800108e   0x00000194   Code   RO          789    i.HAL_CAN_GetRxMessage  stm32f4xx_hal_can.o
    0x08001222   0x08001222   0x0000024e   Code   RO          793    i.HAL_CAN_IRQHandler  stm32f4xx_hal_can.o
    0x08001470   0x08001470   0x00000174   Code   RO          794    i.HAL_CAN_Init      stm32f4xx_hal_can.o
    0x080015e4   0x080015e4   0x000001a4   Code   RO          434    i.HAL_CAN_MspInit   can.o
    0x08001788   0x08001788   0x00000002   Code   RO          801    i.HAL_CAN_RxFifo0FullCallback  stm32f4xx_hal_can.o
    0x0800178a   0x0800178a   0x00000002   PAD
    0x0800178c   0x0800178c   0x0000023c   Code   RO         5238    i.HAL_CAN_RxFifo0MsgPendingCallback  can_receive.o
    0x080019c8   0x080019c8   0x00000002   Code   RO          803    i.HAL_CAN_RxFifo1FullCallback  stm32f4xx_hal_can.o
    0x080019ca   0x080019ca   0x00000002   Code   RO          804    i.HAL_CAN_RxFifo1MsgPendingCallback  stm32f4xx_hal_can.o
    0x080019cc   0x080019cc   0x00000002   Code   RO          805    i.HAL_CAN_SleepCallback  stm32f4xx_hal_can.o
    0x080019ce   0x080019ce   0x0000005e   Code   RO          806    i.HAL_CAN_Start     stm32f4xx_hal_can.o
    0x08001a2c   0x08001a2c   0x00000002   Code   RO          808    i.HAL_CAN_TxMailbox0AbortCallback  stm32f4xx_hal_can.o
    0x08001a2e   0x08001a2e   0x00000002   Code   RO          809    i.HAL_CAN_TxMailbox0CompleteCallback  stm32f4xx_hal_can.o
    0x08001a30   0x08001a30   0x00000002   Code   RO          810    i.HAL_CAN_TxMailbox1AbortCallback  stm32f4xx_hal_can.o
    0x08001a32   0x08001a32   0x00000002   Code   RO          811    i.HAL_CAN_TxMailbox1CompleteCallback  stm32f4xx_hal_can.o
    0x08001a34   0x08001a34   0x00000002   Code   RO          812    i.HAL_CAN_TxMailbox2AbortCallback  stm32f4xx_hal_can.o
    0x08001a36   0x08001a36   0x00000002   Code   RO          813    i.HAL_CAN_TxMailbox2CompleteCallback  stm32f4xx_hal_can.o
    0x08001a38   0x08001a38   0x00000002   Code   RO          815    i.HAL_CAN_WakeUpFromRxMsgCallback  stm32f4xx_hal_can.o
    0x08001a3a   0x08001a3a   0x000000ac   Code   RO         1521    i.HAL_DMA_Abort     stm32f4xx_hal_dma.o
    0x08001ae6   0x08001ae6   0x00000028   Code   RO         1522    i.HAL_DMA_Abort_IT  stm32f4xx_hal_dma.o
    0x08001b0e   0x08001b0e   0x00000002   PAD
    0x08001b10   0x08001b10   0x00000240   Code   RO         1526    i.HAL_DMA_IRQHandler  stm32f4xx_hal_dma.o
    0x08001d50   0x08001d50   0x000000ec   Code   RO         1527    i.HAL_DMA_Init      stm32f4xx_hal_dma.o
    0x08001e3c   0x08001e3c   0x00000092   Code   RO         1531    i.HAL_DMA_Start_IT  stm32f4xx_hal_dma.o
    0x08001ece   0x08001ece   0x00000002   PAD
    0x08001ed0   0x08001ed0   0x00000028   Code   RO         1963    i.HAL_Delay         stm32f4xx_hal.o
    0x08001ef8   0x08001ef8   0x000001f4   Code   RO         1414    i.HAL_GPIO_Init     stm32f4xx_hal_gpio.o
    0x080020ec   0x080020ec   0x0000000c   Code   RO         1969    i.HAL_GetTick       stm32f4xx_hal.o
    0x080020f8   0x080020f8   0x00000018   Code   RO         1975    i.HAL_IncTick       stm32f4xx_hal.o
    0x08002110   0x08002110   0x0000003c   Code   RO         1976    i.HAL_Init          stm32f4xx_hal.o
    0x0800214c   0x0800214c   0x0000004c   Code   RO         1977    i.HAL_InitTick      stm32f4xx_hal.o
    0x08002198   0x08002198   0x00000054   Code   RO          756    i.HAL_MspInit       stm32f4xx_hal_msp.o
    0x080021ec   0x080021ec   0x00000028   Code   RO         1806    i.HAL_NVIC_EnableIRQ  stm32f4xx_hal_cortex.o
    0x08002214   0x08002214   0x0000007c   Code   RO         1812    i.HAL_NVIC_SetPriority  stm32f4xx_hal_cortex.o
    0x08002290   0x08002290   0x00000028   Code   RO         1813    i.HAL_NVIC_SetPriorityGrouping  stm32f4xx_hal_cortex.o
    0x080022b8   0x080022b8   0x00000184   Code   RO         1015    i.HAL_RCC_ClockConfig  stm32f4xx_hal_rcc.o
    0x0800243c   0x0800243c   0x0000000c   Code   RO         1020    i.HAL_RCC_GetHCLKFreq  stm32f4xx_hal_rcc.o
    0x08002448   0x08002448   0x00000020   Code   RO         1022    i.HAL_RCC_GetPCLK1Freq  stm32f4xx_hal_rcc.o
    0x08002468   0x08002468   0x00000020   Code   RO         1023    i.HAL_RCC_GetPCLK2Freq  stm32f4xx_hal_rcc.o
    0x08002488   0x08002488   0x000000b0   Code   RO         1024    i.HAL_RCC_GetSysClockFreq  stm32f4xx_hal_rcc.o
    0x08002538   0x08002538   0x0000049c   Code   RO         1027    i.HAL_RCC_OscConfig  stm32f4xx_hal_rcc.o
    0x080029d4   0x080029d4   0x00000034   Code   RO         1817    i.HAL_SYSTICK_Config  stm32f4xx_hal_cortex.o
    0x08002a08   0x08002a08   0x00000074   Code   RO         2934    i.HAL_TIMEx_ConfigBreakDeadTime  stm32f4xx_hal_tim_ex.o
    0x08002a7c   0x08002a7c   0x000000b4   Code   RO         2950    i.HAL_TIMEx_MasterConfigSynchronization  stm32f4xx_hal_tim_ex.o
    0x08002b30   0x08002b30   0x00000066   Code   RO         2216    i.HAL_TIM_Base_Init  stm32f4xx_hal_tim.o
    0x08002b96   0x08002b96   0x00000002   PAD
    0x08002b98   0x08002b98   0x00000100   Code   RO          507    i.HAL_TIM_Base_MspInit  tim.o
    0x08002c98   0x08002c98   0x0000010c   Code   RO         2225    i.HAL_TIM_ConfigClockSource  stm32f4xx_hal_tim.o
    0x08002da4   0x08002da4   0x00000002   Code   RO         2246    i.HAL_TIM_ErrorCallback  stm32f4xx_hal_tim.o
    0x08002da6   0x08002da6   0x00000002   PAD
    0x08002da8   0x08002da8   0x000000b0   Code   RO          508    i.HAL_TIM_MspPostInit  tim.o
    0x08002e58   0x08002e58   0x00000104   Code   RO         2288    i.HAL_TIM_PWM_ConfigChannel  stm32f4xx_hal_tim.o
    0x08002f5c   0x08002f5c   0x00000066   Code   RO         2291    i.HAL_TIM_PWM_Init  stm32f4xx_hal_tim.o
    0x08002fc2   0x08002fc2   0x00000002   Code   RO         2293    i.HAL_TIM_PWM_MspInit  stm32f4xx_hal_tim.o
    0x08002fc4   0x08002fc4   0x00000002   Code   RO         2294    i.HAL_TIM_PWM_PulseFinishedCallback  stm32f4xx_hal_tim.o
    0x08002fc6   0x08002fc6   0x00000002   Code   RO         2295    i.HAL_TIM_PWM_PulseFinishedHalfCpltCallback  stm32f4xx_hal_tim.o
    0x08002fc8   0x08002fc8   0x0000024c   Code   RO         2297    i.HAL_TIM_PWM_Start_DMA  stm32f4xx_hal_tim.o
    0x08003214   0x08003214   0x00000114   Code   RO         2300    i.HAL_TIM_PWM_Stop_DMA  stm32f4xx_hal_tim.o
    0x08003328   0x08003328   0x00000002   Code   RO         3210    i.HAL_UARTEx_RxEventCallback  stm32f4xx_hal_uart.o
    0x0800332a   0x0800332a   0x00000002   Code   RO         3224    i.HAL_UART_ErrorCallback  stm32f4xx_hal_uart.o
    0x0800332c   0x0800332c   0x00000308   Code   RO         3227    i.HAL_UART_IRQHandler  stm32f4xx_hal_uart.o
    0x08003634   0x08003634   0x00000076   Code   RO         3228    i.HAL_UART_Init     stm32f4xx_hal_uart.o
    0x080036aa   0x080036aa   0x00000002   PAD
    0x080036ac   0x080036ac   0x0000023c   Code   RO          561    i.HAL_UART_MspInit  usart.o
    0x080038e8   0x080038e8   0x0000002c   Code   RO         3233    i.HAL_UART_Receive_IT  stm32f4xx_hal_uart.o
    0x08003914   0x08003914   0x0000007c   Code   RO         5447    i.HAL_UART_RxCpltCallback  bluetooth_receive.o
    0x08003990   0x08003990   0x00000002   Code   RO         3239    i.HAL_UART_TxCpltCallback  stm32f4xx_hal_uart.o
    0x08003992   0x08003992   0x00000004   Code   RO          622    i.HardFault_Handler  stm32f4xx_it.o
    0x08003996   0x08003996   0x00000002   PAD
    0x08003998   0x08003998   0x00000024   Code   RO         4994    i.M15_task          m15_task.o
    0x080039bc   0x080039bc   0x00000044   Code   RO          435    i.MX_CAN1_Init      can.o
    0x08003a00   0x08003a00   0x00000044   Code   RO          436    i.MX_CAN2_Init      can.o
    0x08003a44   0x08003a44   0x000000a8   Code   RO          482    i.MX_DMA_Init       dma.o
    0x08003aec   0x08003aec   0x0000007c   Code   RO          244    i.MX_FREERTOS_Init  freertos.o
    0x08003b68   0x08003b68   0x00000128   Code   RO          219    i.MX_GPIO_Init      gpio.o
    0x08003c90   0x08003c90   0x000000d8   Code   RO          509    i.MX_TIM1_Init      tim.o
    0x08003d68   0x08003d68   0x000000d4   Code   RO          510    i.MX_TIM8_Init      tim.o
    0x08003e3c   0x08003e3c   0x00000038   Code   RO          562    i.MX_USART2_UART_Init  usart.o
    0x08003e74   0x08003e74   0x00000038   Code   RO          563    i.MX_USART6_UART_Init  usart.o
    0x08003eac   0x08003eac   0x00000004   Code   RO          623    i.MemManage_Handler  stm32f4xx_it.o
    0x08003eb0   0x08003eb0   0x0000003c   Code   RO         5146    i.Motor_task        motor_task.o
    0x08003eec   0x08003eec   0x00000004   Code   RO          624    i.NMI_Handler       stm32f4xx_it.o
    0x08003ef0   0x08003ef0   0x00000060   Code   RO         5197    i.PID_init          pid.o
    0x08003f50   0x08003f50   0x00000124   Code   RO         4995    i.Random_Number     m15_task.o
    0x08004074   0x08004074   0x0000000a   Code   RO          245    i.StartDefaultTask  freertos.o
    0x0800407e   0x0800407e   0x00000002   PAD
    0x08004080   0x08004080   0x00000020   Code   RO         4996    i.Start_New_Activation_Sequence  m15_task.o
    0x080040a0   0x080040a0   0x00000014   Code   RO          625    i.SysTick_Handler   stm32f4xx_it.o
    0x080040b4   0x080040b4   0x000000b4   Code   RO           14    i.SystemClock_Config  main.o
    0x08004168   0x08004168   0x00000014   Code   RO         3572    i.SystemInit        system_stm32f4xx.o
    0x0800417c   0x0800417c   0x000000e0   Code   RO         2309    i.TIM_Base_SetConfig  stm32f4xx_hal_tim.o
    0x0800425c   0x0800425c   0x00000022   Code   RO         2310    i.TIM_CCxChannelCmd  stm32f4xx_hal_tim.o
    0x0800427e   0x0800427e   0x00000068   Code   RO         2313    i.TIM_DMADelayPulseCplt  stm32f4xx_hal_tim.o
    0x080042e6   0x080042e6   0x00000040   Code   RO         2314    i.TIM_DMADelayPulseHalfCplt  stm32f4xx_hal_tim.o
    0x08004326   0x08004326   0x0000005e   Code   RO         2315    i.TIM_DMAError      stm32f4xx_hal_tim.o
    0x08004384   0x08004384   0x00000016   Code   RO         2320    i.TIM_ETR_SetConfig  stm32f4xx_hal_tim.o
    0x0800439a   0x0800439a   0x00000012   Code   RO         2321    i.TIM_ITRx_SetConfig  stm32f4xx_hal_tim.o
    0x080043ac   0x080043ac   0x00000070   Code   RO         2322    i.TIM_OC1_SetConfig  stm32f4xx_hal_tim.o
    0x0800441c   0x0800441c   0x0000007c   Code   RO         2323    i.TIM_OC2_SetConfig  stm32f4xx_hal_tim.o
    0x08004498   0x08004498   0x00000078   Code   RO         2324    i.TIM_OC3_SetConfig  stm32f4xx_hal_tim.o
    0x08004510   0x08004510   0x00000054   Code   RO         2325    i.TIM_OC4_SetConfig  stm32f4xx_hal_tim.o
    0x08004564   0x08004564   0x00000026   Code   RO         2327    i.TIM_TI1_ConfigInputStage  stm32f4xx_hal_tim.o
    0x0800458a   0x0800458a   0x00000028   Code   RO         2329    i.TIM_TI2_ConfigInputStage  stm32f4xx_hal_tim.o
    0x080045b2   0x080045b2   0x00000012   Code   RO         3241    i.UART_DMAAbortOnError  stm32f4xx_hal_uart.o
    0x080045c4   0x080045c4   0x0000006c   Code   RO         3251    i.UART_EndRxTransfer  stm32f4xx_hal_uart.o
    0x08004630   0x08004630   0x00000020   Code   RO         3252    i.UART_EndTransmit_IT  stm32f4xx_hal_uart.o
    0x08004650   0x08004650   0x000000fc   Code   RO         3254    i.UART_Receive_IT   stm32f4xx_hal_uart.o
    0x0800474c   0x0800474c   0x0000022c   Code   RO         3255    i.UART_SetConfig    stm32f4xx_hal_uart.o
    0x08004978   0x08004978   0x00000040   Code   RO         3257    i.UART_Start_Receive_IT  stm32f4xx_hal_uart.o
    0x080049b8   0x080049b8   0x00000060   Code   RO         3258    i.UART_Transmit_IT  stm32f4xx_hal_uart.o
    0x08004a18   0x08004a18   0x00000010   Code   RO          626    i.USART2_IRQHandler  stm32f4xx_it.o
    0x08004a28   0x08004a28   0x00000124   Code   RO         5398    i.USART3_IRQHandler  remote_control.o
    0x08004b4c   0x08004b4c   0x00000010   Code   RO          627    i.USART6_IRQHandler  stm32f4xx_it.o
    0x08004b5c   0x08004b5c   0x00000004   Code   RO          628    i.UsageFault_Handler  stm32f4xx_it.o
    0x08004b60   0x08004b60   0x0000001c   Code   RO         4932    i.WS_Load_R         ws2812.o
    0x08004b7c   0x08004b7c   0x0000001c   Code   RO         4933    i.WS_Load_board     ws2812.o
    0x08004b98   0x08004b98   0x00000028   Code   RO         4934    i.WS_Stop_DMA       ws2812.o
    0x08004bc0   0x08004bc0   0x0000014c   Code   RO         4935    i.WS_Write          ws2812.o
    0x08004d0c   0x08004d0c   0x00000030   Code   RO         6171    i.__ARM_fpclassify  m_wm.l(fpclassify.o)
    0x08004d3c   0x08004d3c   0x00000010   Code   RO         1819    i.__NVIC_GetPriorityGrouping  stm32f4xx_hal_cortex.o
    0x08004d4c   0x08004d4c   0x00000028   Code   RO         1820    i.__NVIC_SetPriority  stm32f4xx_hal_cortex.o
    0x08004d74   0x08004d74   0x00000004   PAD
    0x08004d78   0x08004d78   0x000000c8   Code   RO         5791    i.__hardfp_sin      m_wm.l(sin.o)
    0x08004e40   0x08004e40   0x00000438   Code   RO         6111    i.__ieee754_rem_pio2  m_wm.l(rred.o)
    0x08005278   0x08005278   0x00000170   Code   RO         6094    i.__kernel_cos      m_wm.l(cos_i.o)
    0x080053e8   0x080053e8   0x000000f8   Code   RO         6173    i.__kernel_poly     m_wm.l(poly.o)
    0x080054e0   0x080054e0   0x00000130   Code   RO         6116    i.__kernel_sin      m_wm.l(sin_i.o)
    0x08005610   0x08005610   0x00000014   Code   RO         6098    i.__mathlib_dbl_infnan  m_wm.l(dunder.o)
    0x08005624   0x08005624   0x00000004   PAD
    0x08005628   0x08005628   0x00000020   Code   RO         6100    i.__mathlib_dbl_invalid  m_wm.l(dunder.o)
    0x08005648   0x08005648   0x00000020   Code   RO         6103    i.__mathlib_dbl_underflow  m_wm.l(dunder.o)
    0x08005668   0x08005668   0x0000000e   Code   RO         6183    i.__scatterload_copy  mc_w.l(handlers.o)
    0x08005676   0x08005676   0x00000002   Code   RO         6184    i.__scatterload_null  mc_w.l(handlers.o)
    0x08005678   0x08005678   0x0000000e   Code   RO         6185    i.__scatterload_zeroinit  mc_w.l(handlers.o)
    0x08005686   0x08005686   0x00000002   PAD
    0x08005688   0x08005688   0x0000000c   Code   RO         6149    i.__set_errno       mc_w.l(errno.o)
    0x08005694   0x08005694   0x00000008   Code   RO         4997    i.behaviour_mode_set  m15_task.o
    0x0800569c   0x0800569c   0x0000005c   Code   RO         5583    i.can_filter_init   bsp_can.o
    0x080056f8   0x080056f8   0x00000018   Code   RO         6167    i.fabs              m_wm.l(fabs.o)
    0x08005710   0x08005710   0x0000003c   Code   RO         5147    i.feedback_update   motor_task.o
    0x0800574c   0x0800574c   0x00000008   Code   RO         5239    i.get_chassis_motor_1_measure_point  can_receive.o
    0x08005754   0x08005754   0x0000003c   Code   RO           15    i.main              main.o
    0x08005790   0x08005790   0x0000000e   Code   RO         4416    i.makeFreeRtosPriority  cmsis_os.o
    0x0800579e   0x0800579e   0x00000002   PAD
    0x080057a0   0x080057a0   0x0000003c   Code   RO         5149    i.move_init         motor_task.o
    0x080057dc   0x080057dc   0x00000018   Code   RO         4418    i.osDelay           cmsis_os.o
    0x080057f4   0x080057f4   0x0000000a   Code   RO         4421    i.osKernelStart     cmsis_os.o
    0x080057fe   0x080057fe   0x0000005e   Code   RO         4455    i.osThreadCreate    cmsis_os.o
    0x0800585c   0x0800585c   0x00000098   Code   RO         4087    i.prvAddCurrentTaskToDelayedList  tasks.o
    0x080058f4   0x080058f4   0x000000b4   Code   RO         4088    i.prvAddNewTaskToReadyList  tasks.o
    0x080059a8   0x080059a8   0x00000048   Code   RO         4089    i.prvCheckTasksWaitingTermination  tasks.o
    0x080059f0   0x080059f0   0x00000050   Code   RO         4090    i.prvDeleteTCB      tasks.o
    0x08005a40   0x08005a40   0x0000007c   Code   RO         4783    i.prvHeapInit       heap_4.o
    0x08005abc   0x08005abc   0x00000028   Code   RO         4091    i.prvIdleTask       tasks.o
    0x08005ae4   0x08005ae4   0x000000b4   Code   RO         4092    i.prvInitialiseNewTask  tasks.o
    0x08005b98   0x08005b98   0x00000068   Code   RO         4093    i.prvInitialiseTaskLists  tasks.o
    0x08005c00   0x08005c00   0x00000068   Code   RO         4784    i.prvInsertBlockIntoFreeList  heap_4.o
    0x08005c68   0x08005c68   0x00000034   Code   RO         4094    i.prvResetNextTaskUnblockTime  tasks.o
    0x08005c9c   0x08005c9c   0x00000040   Code   RO         4851    i.prvTaskExitError  port.o
    0x08005cdc   0x08005cdc   0x0000014c   Code   RO         4785    i.pvPortMalloc      heap_4.o
    0x08005e28   0x08005e28   0x0000002c   Code   RO         4852    i.pxPortInitialiseStack  port.o
    0x08005e54   0x08005e54   0x000000a4   Code   RO         5111    i.run_task          run_task.o
    0x08005ef8   0x08005ef8   0x000000da   Code   RO         5401    i.sbus_to_rc        remote_control.o
    0x08005fd2   0x08005fd2   0x00000002   PAD
    0x08005fd4   0x08005fd4   0x00000a54   Code   RO         4998    i.set_contorl       m15_task.o
    0x08006a28   0x08006a28   0x00000012   Code   RO         4999    i.set_mode          m15_task.o
    0x08006a3a   0x08006a3a   0x00000028   Code   RO         3713    i.uxListRemove      list.o
    0x08006a62   0x08006a62   0x00000002   PAD
    0x08006a64   0x08006a64   0x00000018   Code   RO          247    i.vApplicationGetIdleTaskMemory  freertos.o
    0x08006a7c   0x08006a7c   0x0000001a   Code   RO         3714    i.vListInitialise   list.o
    0x08006a96   0x08006a96   0x00000006   Code   RO         3715    i.vListInitialiseItem  list.o
    0x08006a9c   0x08006a9c   0x00000034   Code   RO         3716    i.vListInsert       list.o
    0x08006ad0   0x08006ad0   0x00000018   Code   RO         3717    i.vListInsertEnd    list.o
    0x08006ae8   0x08006ae8   0x00000054   Code   RO         4854    i.vPortEnterCritical  port.o
    0x08006b3c   0x08006b3c   0x0000003c   Code   RO         4855    i.vPortExitCritical  port.o
    0x08006b78   0x08006b78   0x000000a4   Code   RO         4786    i.vPortFree         heap_4.o
    0x08006c1c   0x08006c1c   0x00000028   Code   RO         4856    i.vPortSetupTimerInterrupt  port.o
    0x08006c44   0x08006c44   0x0000005c   Code   RO         4103    i.vTaskDelay        tasks.o
    0x08006ca0   0x08006ca0   0x000000b0   Code   RO         4116    i.vTaskStartScheduler  tasks.o
    0x08006d50   0x08006d50   0x00000010   Code   RO         4118    i.vTaskSuspendAll   tasks.o
    0x08006d60   0x08006d60   0x0000008c   Code   RO         4119    i.vTaskSwitchContext  tasks.o
    0x08006dec   0x08006dec   0x00000168   Code   RO         4858    i.xPortStartScheduler  port.o
    0x08006f54   0x08006f54   0x00000034   Code   RO         4859    i.xPortSysTickHandler  port.o
    0x08006f88   0x08006f88   0x00000064   Code   RO         4122    i.xTaskCreate       tasks.o
    0x08006fec   0x08006fec   0x000000ba   Code   RO         4123    i.xTaskCreateStatic  tasks.o
    0x080070a6   0x080070a6   0x00000002   PAD
    0x080070a8   0x080070a8   0x00000020   Code   RO         4127    i.xTaskGetSchedulerState  tasks.o
    0x080070c8   0x080070c8   0x00000148   Code   RO         4130    i.xTaskIncrementTick  tasks.o
    0x08007210   0x08007210   0x00000104   Code   RO         4136    i.xTaskResumeAll    tasks.o
    0x08007314   0x08007314   0x00000070   Data   RO          249    .constdata          freertos.o
    0x08007384   0x08007384   0x00000008   Data   RO         1533    .constdata          stm32f4xx_hal_dma.o
    0x0800738c   0x0800738c   0x00000018   Data   RO         3573    .constdata          system_stm32f4xx.o
    0x080073a4   0x080073a4   0x0000000c   Data   RO         5150    .constdata          motor_task.o
    0x080073b0   0x080073b0   0x00000030   Data   RO         6095    .constdata          m_wm.l(cos_i.o)
    0x080073e0   0x080073e0   0x000000c8   Data   RO         6113    .constdata          m_wm.l(rred.o)
    0x080074a8   0x080074a8   0x00000028   Data   RO         6117    .constdata          m_wm.l(sin_i.o)
    0x080074d0   0x080074d0   0x0000001a   Data   RO          250    .conststring        freertos.o
    0x080074ea   0x080074ea   0x00000002   PAD
    0x080074ec   0x080074ec   0x00000020   Data   RO         6181    Region$$Table       anon$$obj.o


    Execution Region RW_IRAM1 (Exec base: 0x20000000, Load base: 0x0800750c, Size: 0x00006998, Max: 0x0001c000, ABSOLUTE, COMPRESSED[0x00000024])

    Exec Addr    Load Addr    Size         Type   Attr      Idx    E Section Name        Object

    0x20000000   COMPRESSED   0x00000010   Data   RW          251    .data               freertos.o
    0x20000010   COMPRESSED   0x00000004   Data   RW          438    .data               can.o
    0x20000014   COMPRESSED   0x00000009   Data   RW         1983    .data               stm32f4xx_hal.o
    0x2000001d   COMPRESSED   0x00000003   PAD
    0x20000020   COMPRESSED   0x00000004   Data   RW         3574    .data               system_stm32f4xx.o
    0x20000024   COMPRESSED   0x0000003c   Data   RW         4139    .data               tasks.o
    0x20000060   COMPRESSED   0x00000020   Data   RW         4792    .data               heap_4.o
    0x20000080   COMPRESSED   0x0000000c   Data   RW         4860    .data               port.o
    0x2000008c   COMPRESSED   0x00000004   PAD
    0x20000090   COMPRESSED   0x000000b8   Data   RW         5001    .data               m15_task.o
    0x20000148   COMPRESSED   0x00000006   Data   RW         5112    .data               run_task.o
    0x2000014e   COMPRESSED   0x0000001c   Data   RW         5241    .data               can_receive.o
    0x2000016a   COMPRESSED   0x00000002   Data   RW         5403    .data               remote_control.o
    0x2000016c   COMPRESSED   0x00000003   Data   RW         5448    .data               bluetooth_receive.o
    0x2000016f   COMPRESSED   0x00000001   PAD
    0x20000170   COMPRESSED   0x00000004   Data   RW         5809    .data               mc_w.l(rand.o)
    0x20000174   COMPRESSED   0x00000004   Data   RW         6150    .data               mc_w.l(errno.o)
    0x20000178        -       0x00001150   Zero   RW          248    .bss                freertos.o
    0x200012c8        -       0x00000050   Zero   RW          437    .bss                can.o
    0x20001318        -       0x00000150   Zero   RW          511    .bss                tim.o
    0x20001468        -       0x00000210   Zero   RW          564    .bss                usart.o
    0x20001678        -       0x000000f0   Zero   RW         4138    .bss                tasks.o
    0x20001768        -       0x00003c00   Zero   RW         4791    .bss                heap_4.o
    0x20005368        -       0x00000fe4   Zero   RW         4936    .bss                ws2812.o
    0x2000634c   COMPRESSED   0x00000004   PAD
    0x20006350        -       0x000000f0   Zero   RW         5000    .bss                m15_task.o
    0x20006440        -       0x000000f4   Zero   RW         5240    .bss                can_receive.o
    0x20006534        -       0x0000005e   Zero   RW         5402    .bss                remote_control.o
    0x20006592   COMPRESSED   0x00000006   PAD
    0x20006598        -       0x00000400   Zero   RW            1    STACK               startup_stm32f407xx.o


    Execution Region RW_IRAM2 (Exec base: 0x2001c000, Load base: 0x08007530, Size: 0x00000000, Max: 0x00004000, ABSOLUTE)

    **** No section assigned to this execution region ****


==============================================================================

Image component sizes


      Code (inc. data)   RO Data    RW Data    ZI Data      Debug   Object Name

       148         36          0          3          0       1943   bluetooth_receive.o
         0          0          0          0          0     570856   bsp_buzzer.o
        92          8          0          0          0        614   bsp_can.o
       556         44          0          4         80       2630   can.o
      1232        178          0         28        244     606292   can_receive.o
       142          0          0          0          0      23311   cmsis_os.o
       168          6          0          0          0        910   dma.o
         0          0          0          0          0      17028   event_groups.o
       158         32        138         16       4432      32274   freertos.o
       296         22          0          0          0       1151   gpio.o
       724         74          0         32      15360       7647   heap_4.o
       148          0          0          0          0       3762   list.o
      3160        408          0        184        240      13956   m15_task.o
       246         10          0          0          0     719504   main.o
       180         24         12          0          0       4303   motor_task.o
        96          4          0          0          0       2363   pid.o
       894         78          0         12          0      11500   port.o
       510         28          0          2         94       2138   remote_control.o
       164         16          0          6          0        919   run_task.o
        36          8        392          0       1024        868   startup_stm32f407xx.o
       212         36          0          9          0       9661   stm32f4xx_hal.o
      2144          4          0          0          0      15031   stm32f4xx_hal_can.o
       312         22          0          0          0      34563   stm32f4xx_hal_cortex.o
      1436         16          8          0          0       7318   stm32f4xx_hal_dma.o
       500         46          0          0          0       1516   stm32f4xx_hal_gpio.o
        84          6          0          0          0        926   stm32f4xx_hal_msp.o
      1820         84          0          0          0       5864   stm32f4xx_hal_rcc.o
      2682        132          0          0          0      18308   stm32f4xx_hal_tim.o
       296         30          0          0          0       2288   stm32f4xx_hal_tim_ex.o
      2070         14          0          0          0      10992   stm32f4xx_hal_uart.o
       266         84          0          0          0      11045   stm32f4xx_it.o
         0          0          0          0          0        400   stream_buffer.o
        20          6         24          4          0       1223   system_stm32f4xx.o
      2190        278          0         60        240      21694   tasks.o
       860         62          0          0        336       3821   tim.o
       684         64          0          0        528       2931   usart.o
       428         38          0          0       4068       3811   ws2812.o

    ----------------------------------------------------------------------
     24984       1902        608        368      26656    2175361   Object Totals
         0          0         32          0          0          0   (incl. Generated)
        30          4          2          8         10          0   (incl. Padding)

    ----------------------------------------------------------------------

      Code (inc. data)   RO Data    RW Data    ZI Data      Debug   Library Member Name

       368         46         48          0          0        200   cos_i.o
        84         16          0          0          0        372   dunder.o
        24          0          0          0          0        124   fabs.o
        48          0          0          0          0        124   fpclassify.o
       248          0          0          0          0        152   poly.o
      1080        142        200          0          0        188   rred.o
       200         20          0          0          0        164   sin.o
       304         24         40          0          0        208   sin_i.o
        58          0          0          0          0          0   __dczerorl.o
         0          0          0          0          0          0   entry.o
         0          0          0          0          0          0   entry10a.o
         0          0          0          0          0          0   entry11a.o
         8          4          0          0          0          0   entry2.o
         4          0          0          0          0          0   entry5.o
         0          0          0          0          0          0   entry7b.o
         0          0          0          0          0          0   entry8b.o
         8          4          0          0          0          0   entry9a.o
        12          6          0          4          0         68   errno.o
        30          0          0          0          0          0   handlers.o
        36          8          0          0          0         68   init.o
         0          0          0          0          0          0   iusefp.o
        30          0          0          0          0         68   llshl.o
        36          0          0          0          0         68   llsshr.o
        32          0          0          0          0         68   llushr.o
        36          0          0          0          0         68   memcpya.o
        36          0          0          0          0        108   memseta.o
        36         10          0          4          0        136   rand.o
        98          0          0          0          0         92   uldiv.o
        56          0          0          0          0         88   d2f.o
       334          0          0          0          0        148   dadd.o
       222          0          0          0          0        100   ddiv.o
       186          0          0          0          0        176   depilogue.o
        62          0          0          0          0         80   dfixi.o
        34          0          0          0          0         76   dflti.o
        26          0          0          0          0         76   dfltui.o
       228          0          0          0          0         96   dmul.o
       110          0          0          0          0        168   fepilogue.o

    ----------------------------------------------------------------------
      4084        280        288          8          0       3284   Library Totals
        10          0          0          0          0          0   (incl. Padding)

    ----------------------------------------------------------------------

      Code (inc. data)   RO Data    RW Data    ZI Data      Debug   Library Name

      2356        248        288          0          0       1532   m_wm.l
       460         32          0          8          0        744   mc_w.l
      1258          0          0          0          0       1008   mf_w.l

    ----------------------------------------------------------------------
      4084        280        288          8          0       3284   Library Totals

    ----------------------------------------------------------------------

==============================================================================


      Code (inc. data)   RO Data    RW Data    ZI Data      Debug   

     29068       2182        896        376      26656    2158297   Grand Totals
     29068       2182        896         36      26656    2158297   ELF Image Totals (compressed)
     29068       2182        896         36          0          0   ROM Totals

==============================================================================

    Total RO  Size (Code + RO Data)                29964 (  29.26kB)
    Total RW  Size (RW Data + ZI Data)             27032 (  26.40kB)
    Total ROM Size (Code + RO Data + RW Data)      30000 (  29.30kB)

==============================================================================

