<html>
<body>
<pre>
<h1>µVision Build Log</h1>
<h2>Tool Versions:</h2>
IDE-Version: ¦ÌVision V5.25.0.0
Copyright (C) 2017 ARM Ltd and ARM Germany GmbH. All rights reserved.
License Information: 1 lenovo, 1, LIC=GMZI6-DL0VK-LQ80Q-NHQ8K-RQ76R-7K0XY
 
Tool Versions:
Toolchain:       MDK-ARM Plus  Version: 5.25.0.0
Toolchain Path:  E:\keil5_stm32\ARM\ARMCC\Bin
C Compiler:      Armcc.exe V5.06 update 6 (build 750)
Assembler:       Armasm.exe V5.06 update 6 (build 750)
Linker/Locator:  ArmLink.exe V5.06 update 6 (build 750)
Library Manager: ArmAr.exe V5.06 update 6 (build 750)
Hex Converter:   FromElf.exe V5.06 update 6 (build 750)
CPU DLL:         SARMCM3.DLL V5.25.0.0
Dialog DLL:      DCM.DLL V1.17.0.0
Target DLL:      CMSIS_AGDI.dll V1.28.8.0
Dialog DLL:      TCM.DLL V1.34.0.0
 
<h2>Project:</h2>
D:\Robomaster_project\Energy_Mechine\Energy_Mechanism_Core_[6]_detect\MDK-ARM\Energy_Mechanism_Core.uvprojx
Project File Date:  05/09/2026

<h2>Output:</h2>
*** Using Compiler 'V5.06 update 6 (build 750)', folder: 'E:\keil5_stm32\ARM\ARMCC\Bin'
Rebuild target 'Energy_Mechanism_Core'
assembling startup_stm32f407xx.s...
compiling dma.c...
compiling stm32f4xx_hal_cortex.c...
compiling stm32f4xx_hal_flash_ramfunc.c...
compiling stm32f4xx_hal_msp.c...
compiling stm32f4xx_hal.c...
compiling gpio.c...
compiling stm32f4xx_hal_dma_ex.c...
compiling can.c...
compiling stm32f4xx_hal_exti.c...
compiling tim.c...
compiling stm32f4xx_hal_flash.c...
compiling stm32f4xx_hal_dma.c...
compiling stm32f4xx_hal_flash_ex.c...
compiling stm32f4xx_hal_can.c...
compiling freertos.c...
compiling stm32f4xx_hal_pwr.c...
compiling stm32f4xx_hal_pwr_ex.c...
compiling stm32f4xx_hal_gpio.c...
compiling usart.c...
compiling stm32f4xx_hal_rcc_ex.c...
compiling stm32f4xx_it.c...
compiling main.c...
compiling stm32f4xx_hal_rcc.c...
compiling croutine.c...
compiling list.c...
compiling event_groups.c...
compiling queue.c...
compiling stream_buffer.c...
compiling timers.c...
compiling tasks.c...
compiling heap_4.c...
compiling pid.c...
compiling port.c...
compiling cmsis_os.c...
compiling stm32f4xx_hal_tim_ex.c...
compiling stm32f4xx_hal_uart.c...
compiling system_stm32f4xx.c...
compiling stm32f4xx_hal_tim.c...
compiling WS2812.c...
compiling CAN_receive.c...
compiling bsp_imu_pwm.c...
compiling run_task.c...
compiling remote_control.c...
compiling bluetooth_receive.c...
compiling M15_task.c...
compiling bsp_can.c...
compiling bsp_buzzer.c...
compiling bsp_delay.c...
compiling bsp_rc.c...
compiling bsp_flash.c...
compiling bsp_led.c...
linking...
Program Size: Code=29576 RO-data=860 RW-data=368 ZI-data=25544  
FromELF: creating hex file...
"Energy_Mechanism_Core\Energy_Mechanism_Core.axf" - 0 Error(s), 0 Warning(s).

<h2>Software Packages used:</h2>

Package Vendor: ARM
                http://www.keil.com/pack/ARM.CMSIS.5.2.0.pack
                ARM.CMSIS.5.2.0
                CMSIS (Cortex Microcontroller Software Interface Standard)
   * Component: CORE Version: 5.0.2

Package Vendor: Keil
                https://www.keil.com/pack/Keil.STM32F4xx_DFP.2.17.1.pack
                Keil.STM32F4xx_DFP.2.17.1
                STMicroelectronics STM32F4 Series Device Support, Drivers and Examples

<h2>Collection of Component include folders:</h2>
  .\RTE\_Energy_Mechanism_Core
  E:\keil5_stm32\ARM\PACK\ARM\CMSIS\5.2.0\CMSIS\Include
  E:\keil5_stm32\ARM\PACK\Keil\STM32F4xx_DFP\2.17.1\Drivers\CMSIS\Device\ST\STM32F4xx\Include

<h2>Collection of Component Files used:</h2>

   * Component: ARM::CMSIS:CORE:5.0.2
Build Time Elapsed:  00:00:08
</pre>
</body>
</html>
